
> polling-app@0.1.0 test
> vitest


[1m[44m DEV [49m[22m [34mv3.2.4 [39m[90mC:/Users/user/ALX AIFD/polling-app[39m

[90mstdout[2m | lib/validation.test.ts
[22m[39m[dotenv@17.2.2] injecting env (3) from .env.test -- tip: ≡ƒöÉ prevent committing .env to code: https://dotenvx.com/precommit
process.env in vitest.setup.ts: https://dysesybsngkjgoxlwtcx.supabase.co

[90mstdout[2m | lib/votes.integration.test.ts
[22m[39m[dotenv@17.2.2] injecting env (3) from .env.test -- tip: ≡ƒöÉ encrypt with Dotenvx: https://dotenvx.com
process.env in vitest.setup.ts: https://dysesybsngkjgoxlwtcx.supabase.co

 [32mΓ£ô[39m lib/validation.test.ts [2m([22m[2m15 tests[22m[2m)[22m[32m 170[2mms[22m[39m
node.exe : [90mstderr[2m | lib/votes.integration.test.ts
At C:\Program Files\nodejs\npm.ps1:29 char:3
+   & $NODE_EXE $NPM_CLI_JS $args
+   ~~~~~~~~~~~~~~~~~~~~~~~~~~~~~
    + CategoryInfo          : NotSpecified: ([90mstderr[ 
   2m...gration.test.ts:String) [], RemoteException
    + FullyQualifiedErrorId : NativeCommandError
 
[22m[39mMultiple GoTrueClient instances detected in the 
same browser context. It is not an error, but this should 
be avoided as it may produce undefined behavior when used 
concurrently under the same storage key.

 [31mΓ¥»[39m lib/votes.integration.test.ts [2m([22m[2m1 test[22m[2m | [22m[33m1 skipped[39m[2m)[22m[33m 2244[2mms[22m[39m
   [2m[90mΓåô[39m[22m submitVote (Integration)[2m > [22mshould successfully insert a new vote into the database
[90mstdout[2m | lib/utils.test.ts
[22m[39m[dotenv@17.2.2] injecting env (3) from .env.test -- tip: ΓÜÖ∩╕Å  load multiple .env files with { path: ['.env.local', '.env'] }
process.env in vitest.setup.ts: https://dysesybsngkjgoxlwtcx.supabase.co

 [32mΓ£ô[39m lib/utils.test.ts [2m([22m[2m2 tests[22m[2m)[22m[32m 13[2mms[22m[39m

[31mΓÄ»ΓÄ»ΓÄ»ΓÄ»ΓÄ»ΓÄ»[39m[1m[41m Failed Suites 1 
[49m[22m[31mΓÄ»ΓÄ»ΓÄ»ΓÄ»ΓÄ»ΓÄ»ΓÄ»[39m

[41m[1m FAIL [22m[49m 
lib/votes.integration.test.ts[2m > [22msubmitVote 
(Integration)
[31m[1mUnknown Error[22m: Invalid API key[39m
[31m[2mΓÄ»ΓÄ»ΓÄ»ΓÄ»ΓÄ»ΓÄ»ΓÄ»ΓÄ»ΓÄ»ΓÄ»ΓÄ»ΓÄ»ΓÄ»ΓÄ»ΓÄ»ΓÄ»ΓÄ
»ΓÄ»ΓÄ»ΓÄ»ΓÄ»ΓÄ»ΓÄ»ΓÄ»[1/1]ΓÄ»[22m[39m


[2m Test Files [22m [1m[31m1 failed[39m[22m[2m | [22m[1m[32m2 passed[39m[22m[90m (3)[39m
[2m      Tests [22m [1m[32m17 passed[39m[22m[2m | [22m[33m1 skipped[39m[90m (18)[39m
[2m   Start at [22m 19:51:07
[2m   Duration [22m 41.50s[2m (transform 15.08s, setup 19.02s, collect 9.34s, tests 2.43s, environment 29.27s, prepare 7.34s)[22m

[1m[41m FAIL [49m[22m [31mTests failed. Watching for file changes...[39m
       [2mpress [22m[1mh[22m[2m to show help[22m[2m, [22m[2mpress [22m[1mq[22m[2m to quit[22m
c[3J[1m[44m RERUN [49m[22m [34m[2mrerun all tests [22m[39m

[90mstdout[2m | lib/votes.integration.test.ts
[22m[39m[dotenv@17.2.2] injecting env (3) from .env.test -- tip: ≡ƒöÉ prevent building .env in docker: https://dotenvx.com/prebuild
process.env in vitest.setup.ts: https://dysesybsngkjgoxlwtcx.supabase.co

[90mstdout[2m | lib/validation.test.ts
[22m[39m[dotenv@17.2.2] injecting env (3) from .env.test -- tip: ≡ƒôí auto-backup env with Radar: https://dotenvx.com/radar
process.env in vitest.setup.ts: https://dysesybsngkjgoxlwtcx.supabase.co

 [2m[90mΓåô[39m[22m lib/votes.integration.test.ts [2m([22m[2m1 test[22m[2m)[22m
 [2m[90mΓåô[39m[22m lib/validation.test.ts [2m([22m[2m15 tests[22m[2m)[22m

[2m Test Files [22m [33m2 skipped[39m[90m (3)[39m
[2m      Tests [22m [90m (16)[39m
[2m   Start at [22m 19:52:52
[2m   Duration [22m 3.97s

[1m[41m CANCELLED [49m[22m [31mTest run cancelled. Watching for file changes...[39m
       [2mpress [22m[1mh[22m[2m to show help[22m[2m, [22m[2mpress [22m[1mq[22m[2m to quit[22m
c[3J[1m[44m RERUN [49m[22m [34m[2mlib/supabase/client.ts [22m[34mx2 [34m[39m

[90mstdout[2m | lib/votes.integration.test.ts
[22m[39m[dotenv@17.2.2] injecting env (3) from .env.test -- tip: ΓÜÖ∩╕Å  load multiple .env files with { path: ['.env.local', '.env'] }
process.env in vitest.setup.ts: https://dysesybsngkjgoxlwtcx.supabase.co

[90mstderr[2m | lib/votes.integration.test.ts
[22m[39mMultiple GoTrueClient instances detected in the 
same browser context. It is not an error, but this should 
be avoided as it may produce undefined behavior when used 
concurrently under the same storage key.

 [31mΓ¥»[39m lib/votes.integration.test.ts [2m([22m[2m1 test[22m[2m | [22m[33m1 skipped[39m[2m)[22m[33m 2101[2mms[22m[39m
   [2m[90mΓåô[39m[22m submitVote (Integration)[2m > [22mshould successfully insert a new vote into the database

[31mΓÄ»ΓÄ»ΓÄ»ΓÄ»ΓÄ»ΓÄ»[39m[1m[41m Failed Suites 1 
[49m[22m[31mΓÄ»ΓÄ»ΓÄ»ΓÄ»ΓÄ»ΓÄ»ΓÄ»[39m

[41m[1m FAIL [22m[49m 
lib/votes.integration.test.ts[2m > [22msubmitVote 
(Integration)
[31m[1mUnknown Error[22m: Invalid API key[39m
[31m[2mΓÄ»ΓÄ»ΓÄ»ΓÄ»ΓÄ»ΓÄ»ΓÄ»ΓÄ»ΓÄ»ΓÄ»ΓÄ»ΓÄ»ΓÄ»ΓÄ»ΓÄ»ΓÄ»ΓÄ
»ΓÄ»ΓÄ»ΓÄ»ΓÄ»ΓÄ»ΓÄ»ΓÄ»[1/1]ΓÄ»[22m[39m


[2m Test Files [22m [1m[31m1 failed[39m[22m[90m (1)[39m
[2m      Tests [22m [33m1 skipped[39m[90m (1)[39m
[2m   Start at [22m 19:55:11
[2m   Duration [22m 5.26s

[1m[41m FAIL [49m[22m [31mTests failed. Watching for file changes...[39m
       [2mpress [22m[1mh[22m[2m to show help[22m[2m, [22m[2mpress [22m[1mq[22m[2m to quit[22m
c[3J[1m[44m RERUN [49m[22m [34m[2mlib/supabase/client.ts [22m[34mx3 [34m[39m

[90mstdout[2m | lib/votes.integration.test.ts
[22m[39m[dotenv@17.2.2] injecting env (3) from .env.test -- tip: ≡ƒôí auto-backup env with Radar: https://dotenvx.com/radar
process.env in vitest.setup.ts: https://dysesybsngkjgoxlwtcx.supabase.co

[90mstderr[2m | lib/votes.integration.test.ts
[22m[39mMultiple GoTrueClient instances detected in the 
same browser context. It is not an error, but this should 
be avoided as it may produce undefined behavior when used 
concurrently under the same storage key.

 [31mΓ¥»[39m lib/votes.integration.test.ts [2m([22m[2m1 test[22m[2m | [22m[33m1 skipped[39m[2m)[22m[33m 2295[2mms[22m[39m
   [2m[90mΓåô[39m[22m submitVote (Integration)[2m > [22mshould successfully insert a new vote into the database

[31mΓÄ»ΓÄ»ΓÄ»ΓÄ»ΓÄ»ΓÄ»[39m[1m[41m Failed Suites 1 
[49m[22m[31mΓÄ»ΓÄ»ΓÄ»ΓÄ»ΓÄ»ΓÄ»ΓÄ»[39m

[41m[1m FAIL [22m[49m 
lib/votes.integration.test.ts[2m > [22msubmitVote 
(Integration)
[31m[1mUnknown Error[22m: Invalid API key[39m
[31m[2mΓÄ»ΓÄ»ΓÄ»ΓÄ»ΓÄ»ΓÄ»ΓÄ»ΓÄ»ΓÄ»ΓÄ»ΓÄ»ΓÄ»ΓÄ»ΓÄ»ΓÄ»ΓÄ»ΓÄ
»ΓÄ»ΓÄ»ΓÄ»ΓÄ»ΓÄ»ΓÄ»ΓÄ»[1/1]ΓÄ»[22m[39m


[2m Test Files [22m [1m[31m1 failed[39m[22m[90m (1)[39m
[2m      Tests [22m [33m1 skipped[39m[90m (1)[39m
[2m   Start at [22m 19:55:36
[2m   Duration [22m 4.67s

[1m[41m FAIL [49m[22m [31mTests failed. Watching for file changes...[39m
       [2mpress [22m[1mh[22m[2m to show help[22m[2m, [22m[2mpress [22m[1mq[22m[2m to quit[22m
c[3J[1m[44m RERUN [49m[22m [34m[2mlib/votes.integration.test.ts [22m[34mx4 [34m[39m

[90mstdout[2m | lib/votes.integration.test.ts
[22m[39m[dotenv@17.2.2] injecting env (3) from .env.test -- tip: ≡ƒöÉ prevent building .env in docker: https://dotenvx.com/prebuild
process.env in vitest.setup.ts: https://dysesybsngkjgoxlwtcx.supabase.co

[90mstderr[2m | lib/votes.integration.test.ts
[22m[39mMultiple GoTrueClient instances detected in the 
same browser context. It is not an error, but this should 
be avoided as it may produce undefined behavior when used 
concurrently under the same storage key.

 [31mΓ¥»[39m lib/votes.integration.test.ts [2m([22m[2m1 test[22m[2m | [22m[33m1 skipped[39m[2m)[22m[33m 2634[2mms[22m[39m
   [2m[90mΓåô[39m[22m submitVote (Integration)[2m > [22mshould successfully insert a new vote into the database

[31mΓÄ»ΓÄ»ΓÄ»ΓÄ»ΓÄ»ΓÄ»[39m[1m[41m Failed Suites 1 
[49m[22m[31mΓÄ»ΓÄ»ΓÄ»ΓÄ»ΓÄ»ΓÄ»ΓÄ»[39m

[41m[1m FAIL [22m[49m 
lib/votes.integration.test.ts[2m > [22msubmitVote 
(Integration)
[31m[1mUnknown Error[22m: Invalid API key[39m
[31m[2mΓÄ»ΓÄ»ΓÄ»ΓÄ»ΓÄ»ΓÄ»ΓÄ»ΓÄ»ΓÄ»ΓÄ»ΓÄ»ΓÄ»ΓÄ»ΓÄ»ΓÄ»ΓÄ»ΓÄ
»ΓÄ»ΓÄ»ΓÄ»ΓÄ»ΓÄ»ΓÄ»ΓÄ»[1/1]ΓÄ»[22m[39m


[2m Test Files [22m [1m[31m1 failed[39m[22m[90m (1)[39m
[2m      Tests [22m [33m1 skipped[39m[90m (1)[39m
[2m   Start at [22m 19:56:25
[2m   Duration [22m 5.92s

[1m[41m FAIL [49m[22m [31mTests failed. Watching for file changes...[39m
       [2mpress [22m[1mh[22m[2m to show help[22m[2m, [22m[2mpress [22m[1mq[22m[2m to quit[22m
c[3J[1m[44m RERUN [49m[22m [34m[2mlib/votes.integration.test.ts [22m[34mx5 [34m[39m

[90mstdout[2m | lib/votes.integration.test.ts
[22m[39m[dotenv@17.2.2] injecting env (3) from .env.test -- tip: ΓÜÖ∩╕Å  load multiple .env files with { path: ['.env.local', '.env'] }
process.env in vitest.setup.ts: https://dysesybsngkjgoxlwtcx.supabase.co

[90mstderr[2m | lib/votes.integration.test.ts
[22m[39mMultiple GoTrueClient instances detected in the 
same browser context. It is not an error, but this should 
be avoided as it may produce undefined behavior when used 
concurrently under the same storage key.

 [31mΓ¥»[39m lib/votes.integration.test.ts [2m([22m[2m1 test[22m[2m | [22m[33m1 skipped[39m[2m)[22m[33m 2788[2mms[22m[39m
   [2m[90mΓåô[39m[22m submitVote (Integration)[2m > [22mshould successfully insert a new vote into the database

[31mΓÄ»ΓÄ»ΓÄ»ΓÄ»ΓÄ»ΓÄ»[39m[1m[41m Failed Suites 1 
[49m[22m[31mΓÄ»ΓÄ»ΓÄ»ΓÄ»ΓÄ»ΓÄ»ΓÄ»[39m

[41m[1m FAIL [22m[49m 
lib/votes.integration.test.ts[2m > [22msubmitVote 
(Integration)
[31m[1mUnknown Error[22m: Invalid API key[39m
[31m[2mΓÄ»ΓÄ»ΓÄ»ΓÄ»ΓÄ»ΓÄ»ΓÄ»ΓÄ»ΓÄ»ΓÄ»ΓÄ»ΓÄ»ΓÄ»ΓÄ»ΓÄ»ΓÄ»ΓÄ
»ΓÄ»ΓÄ»ΓÄ»ΓÄ»ΓÄ»ΓÄ»ΓÄ»[1/1]ΓÄ»[22m[39m


[2m Test Files [22m [1m[31m1 failed[39m[22m[90m (1)[39m
[2m      Tests [22m [33m1 skipped[39m[90m (1)[39m
[2m   Start at [22m 19:56:45
[2m   Duration [22m 5.04s

[1m[41m FAIL [49m[22m [31mTests failed. Watching for file changes...[39m
       [2mpress [22m[1mh[22m[2m to show help[22m[2m, [22m[2mpress [22m[1mq[22m[2m to quit[22m
c[3J[1m[44m RERUN [49m[22m [34m[2mlib/supabase/client.ts [22m[34mx6 [34m[39m

[90mstdout[2m | lib/votes.integration.test.ts
[22m[39m[dotenv@17.2.2] injecting env (3) from .env.test -- tip: ≡ƒôí observe env with Radar: https://dotenvx.com/radar
process.env in vitest.setup.ts: https://dysesybsngkjgoxlwtcx.supabase.co

[90mstderr[2m | lib/votes.integration.test.ts
[22m[39mMultiple GoTrueClient instances detected in the 
same browser context. It is not an error, but this should 
be avoided as it may produce undefined behavior when used 
concurrently under the same storage key.

 [31mΓ¥»[39m lib/votes.integration.test.ts [2m([22m[2m1 test[22m[2m | [22m[33m1 skipped[39m[2m)[22m[33m 2616[2mms[22m[39m
   [2m[90mΓåô[39m[22m submitVote (Integration)[2m > [22mshould successfully insert a new vote into the database

[31mΓÄ»ΓÄ»ΓÄ»ΓÄ»ΓÄ»ΓÄ»[39m[1m[41m Failed Suites 1 
[49m[22m[31mΓÄ»ΓÄ»ΓÄ»ΓÄ»ΓÄ»ΓÄ»ΓÄ»[39m

[41m[1m FAIL [22m[49m 
lib/votes.integration.test.ts[2m > [22msubmitVote 
(Integration)
[31m[1mUnknown Error[22m: Invalid API key[39m
[31m[2mΓÄ»ΓÄ»ΓÄ»ΓÄ»ΓÄ»ΓÄ»ΓÄ»ΓÄ»ΓÄ»ΓÄ»ΓÄ»ΓÄ»ΓÄ»ΓÄ»ΓÄ»ΓÄ»ΓÄ
»ΓÄ»ΓÄ»ΓÄ»ΓÄ»ΓÄ»ΓÄ»ΓÄ»[1/1]ΓÄ»[22m[39m


[2m Test Files [22m [1m[31m1 failed[39m[22m[90m (1)[39m
[2m      Tests [22m [33m1 skipped[39m[90m (1)[39m
[2m   Start at [22m 19:58:22
[2m   Duration [22m 5.14s

[1m[41m FAIL [49m[22m [31mTests failed. Watching for file changes...[39m
       [2mpress [22m[1mh[22m[2m to show help[22m[2m, [22m[2mpress [22m[1mq[22m[2m to quit[22m
c[3J[1m[44m RERUN [49m[22m [34m[2mlib/supabase/client.ts [22m[34mx7 [34m[39m

[90mstdout[2m | lib/votes.integration.test.ts
[22m[39m[dotenv@17.2.2] injecting env (3) from .env.test -- tip: ΓÜÖ∩╕Å  override existing env vars with { override: true }
process.env in vitest.setup.ts: https://dysesybsngkjgoxlwtcx.supabase.co

[90mstderr[2m | lib/votes.integration.test.ts
[22m[39mMultiple GoTrueClient instances detected in the 
same browser context. It is not an error, but this should 
be avoided as it may produce undefined behavior when used 
concurrently under the same storage key.

 [31mΓ¥»[39m lib/votes.integration.test.ts [2m([22m[2m1 test[22m[2m | [22m[33m1 skipped[39m[2m)[22m[33m 2165[2mms[22m[39m
   [2m[90mΓåô[39m[22m submitVote (Integration)[2m > [22mshould successfully insert a new vote into the database

[31mΓÄ»ΓÄ»ΓÄ»ΓÄ»ΓÄ»ΓÄ»[39m[1m[41m Failed Suites 1 
[49m[22m[31mΓÄ»ΓÄ»ΓÄ»ΓÄ»ΓÄ»ΓÄ»ΓÄ»[39m

[41m[1m FAIL [22m[49m 
lib/votes.integration.test.ts[2m > [22msubmitVote 
(Integration)
[31m[1mUnknown Error[22m: Invalid API key[39m

[31m[2mΓÄ»ΓÄ»ΓÄ»ΓÄ»ΓÄ»ΓÄ»ΓÄ»ΓÄ»ΓÄ»ΓÄ»ΓÄ»ΓÄ»ΓÄ»ΓÄ»ΓÄ»ΓÄ»ΓÄ
»ΓÄ»ΓÄ»ΓÄ»ΓÄ»ΓÄ»ΓÄ»ΓÄ»[1/1]ΓÄ»[22m[39m

[2m Test Files [22m [1m[31m1 failed[39m[22m[90m (1)[39m
[2m      Tests [22m [33m1 skipped[39m[90m (1)[39m
[2m   Start at [22m 19:58:38
[2m   Duration [22m 3.93s

[1m[41m FAIL [49m[22m [31mTests failed. Watching for file changes...[39m
       [2mpress [22m[1mh[22m[2m to show help[22m[2m, [22m[2mpress [22m[1mq[22m[2m to quit[22m
c[3J[1m[44m RERUN [49m[22m [34m[2mlib/services/votes.ts [22m[34mx8 [34m[39m

[90mstdout[2m | lib/votes.integration.test.ts
[22m[39m[dotenv@17.2.2] injecting env (3) from .env.test -- tip: ≡ƒôí observe env with Radar: https://dotenvx.com/radar
process.env in vitest.setup.ts: https://dysesybsngkjgoxlwtcx.supabase.co

[90mstderr[2m | lib/votes.integration.test.ts
[22m[39mMultiple GoTrueClient instances detected in the 
same browser context. It is not an error, but this should 
be avoided as it may produce undefined behavior when used 
concurrently under the same storage key.

 [31mΓ¥»[39m lib/votes.integration.test.ts [2m([22m[2m1 test[22m[2m | [22m[33m1 skipped[39m[2m)[22m[33m 3314[2mms[22m[39m
   [2m[90mΓåô[39m[22m submitVote (Integration)[2m > [22mshould successfully insert a new vote into the database

[31mΓÄ»ΓÄ»ΓÄ»ΓÄ»ΓÄ»ΓÄ»[39m[1m[41m Failed Suites 1 
[49m[22m[31mΓÄ»ΓÄ»ΓÄ»ΓÄ»ΓÄ»ΓÄ»ΓÄ»[39m

[41m[1m FAIL [22m[49m 
lib/votes.integration.test.ts[2m > [22msubmitVote 
(Integration)
[31m[1mUnknown Error[22m: Invalid API key[39m
[31m[2mΓÄ»ΓÄ»ΓÄ»ΓÄ»ΓÄ»ΓÄ»ΓÄ»ΓÄ»ΓÄ»ΓÄ»ΓÄ»ΓÄ»ΓÄ»ΓÄ»ΓÄ»ΓÄ»ΓÄ
»ΓÄ»ΓÄ»ΓÄ»ΓÄ»ΓÄ»ΓÄ»ΓÄ»[1/1]ΓÄ»[22m[39m


[2m Test Files [22m [1m[31m1 failed[39m[22m[90m (1)[39m
[2m      Tests [22m [33m1 skipped[39m[90m (1)[39m
[2m   Start at [22m 20:01:02
[2m   Duration [22m 8.07s

[1m[41m FAIL [49m[22m [31mTests failed. Watching for file changes...[39m
       [2mpress [22m[1mh[22m[2m to show help[22m[2m, [22m[2mpress [22m[1mq[22m[2m to quit[22m
c[3J[1m[44m RERUN [49m[22m [34m[2mlib/services/votes.ts [22m[34mx9 [34m[39m

[90mstdout[2m | lib/votes.integration.test.ts
[22m[39m[dotenv@17.2.2] injecting env (3) from .env.test -- tip: ΓÜÖ∩╕Å  enable debug logging with { debug: true }
process.env in vitest.setup.ts: https://dysesybsngkjgoxlwtcx.supabase.co

[90mstderr[2m | lib/votes.integration.test.ts
[22m[39mMultiple GoTrueClient instances detected in the 
same browser context. It is not an error, but this should 
be avoided as it may produce undefined behavior when used 
concurrently under the same storage key.

 [31mΓ¥»[39m lib/votes.integration.test.ts [2m([22m[2m1 test[22m[2m | [22m[33m1 skipped[39m[2m)[22m[33m 4151[2mms[22m[39m
   [2m[90mΓåô[39m[22m submitVote (Integration)[2m > [22mshould successfully insert a new vote into the database

[31mΓÄ»ΓÄ»ΓÄ»ΓÄ»ΓÄ»ΓÄ»[39m[1m[41m Failed Suites 1 
[49m[22m[31mΓÄ»ΓÄ»ΓÄ»ΓÄ»ΓÄ»ΓÄ»ΓÄ»[39m

[41m[1m FAIL [22m[49m 
lib/votes.integration.test.ts[2m > [22msubmitVote 
(Integration)
[31m[1mUnknown Error[22m: Invalid API key[39m
[31m[2mΓÄ»ΓÄ»ΓÄ»ΓÄ»ΓÄ»ΓÄ»ΓÄ»ΓÄ»ΓÄ»ΓÄ»ΓÄ»ΓÄ»ΓÄ»ΓÄ»ΓÄ»ΓÄ»ΓÄ
»ΓÄ»ΓÄ»ΓÄ»ΓÄ»ΓÄ»ΓÄ»ΓÄ»[1/1]ΓÄ»[22m[39m


[2m Test Files [22m [1m[31m1 failed[39m[22m[90m (1)[39m
[2m      Tests [22m [33m1 skipped[39m[90m (1)[39m
[2m   Start at [22m 20:01:18
[2m   Duration [22m 5.57s

[1m[41m FAIL [49m[22m [31mTests failed. Watching for file changes...[39m
       [2mpress [22m[1mh[22m[2m to show help[22m[2m, [22m[2mpress [22m[1mq[22m[2m to quit[22m
c[3J[1m[44m RERUN [49m[22m [34m[2mlib/services/votes.ts [22m[34mx10 [34m[39m

[90mstdout[2m | lib/votes.integration.test.ts
[22m[39m[dotenv@17.2.2] injecting env (3) from .env.test -- tip: ≡ƒöÉ prevent building .env in docker: https://dotenvx.com/prebuild
process.env in vitest.setup.ts: https://dysesybsngkjgoxlwtcx.supabase.co

[90mstderr[2m | lib/votes.integration.test.ts
[22m[39mMultiple GoTrueClient instances detected in the 
same browser context. It is not an error, but this should 
be avoided as it may produce undefined behavior when used 
concurrently under the same storage key.

 [31mΓ¥»[39m lib/votes.integration.test.ts [2m([22m[2m1 test[22m[2m | [22m[33m1 skipped[39m[2m)[22m[33m 2678[2mms[22m[39m
   [2m[90mΓåô[39m[22m submitVote (Integration)[2m > [22mshould successfully insert a new vote into the database

[31mΓÄ»ΓÄ»ΓÄ»ΓÄ»ΓÄ»ΓÄ»[39m[1m[41m Failed Suites 1 
[49m[22m[31mΓÄ»ΓÄ»ΓÄ»ΓÄ»ΓÄ»ΓÄ»ΓÄ»[39m

[41m[1m FAIL [22m[49m 
lib/votes.integration.test.ts[2m > [22msubmitVote 
(Integration)
[31m[1mUnknown Error[22m: Invalid API key[39m
[31m[2mΓÄ»ΓÄ»ΓÄ»ΓÄ»ΓÄ»ΓÄ»ΓÄ»ΓÄ»ΓÄ»ΓÄ»ΓÄ»ΓÄ»ΓÄ»ΓÄ»ΓÄ»ΓÄ»ΓÄ
»ΓÄ»ΓÄ»ΓÄ»ΓÄ»ΓÄ»ΓÄ»ΓÄ»[1/1]ΓÄ»[22m[39m


[2m Test Files [22m [1m[31m1 failed[39m[22m[90m (1)[39m
[2m      Tests [22m [33m1 skipped[39m[90m (1)[39m
[2m   Start at [22m 20:05:26
[2m   Duration [22m 8.83s

[1m[41m FAIL [49m[22m [31mTests failed. Watching for file changes...[39m
       [2mpress [22m[1mh[22m[2m to show help[22m[2m, [22m[2mpress [22m[1mq[22m[2m to quit[22m
c[3J[1m[44m RERUN [49m[22m [34m[2mlib/services/votes.ts [22m[34mx11 [34m[39m

[90mstdout[2m | lib/votes.integration.test.ts
[22m[39m[dotenv@17.2.2] injecting env (3) from .env.test -- tip: ΓÜÖ∩╕Å  enable debug logging with { debug: true }
process.env in vitest.setup.ts: https://dysesybsngkjgoxlwtcx.supabase.co

[90mstderr[2m | lib/votes.integration.test.ts
[22m[39mMultiple GoTrueClient instances detected in the 
same browser context. It is not an error, but this should 
be avoided as it may produce undefined behavior when used 
concurrently under the same storage key.

 [31mΓ¥»[39m lib/votes.integration.test.ts [2m([22m[2m1 test[22m[2m | [22m[33m1 skipped[39m[2m)[22m[33m 2418[2mms[22m[39m
   [2m[90mΓåô[39m[22m submitVote (Integration)[2m > [22mshould successfully insert a new vote into the database

[31mΓÄ»ΓÄ»ΓÄ»ΓÄ»ΓÄ»ΓÄ»[39m[1m[41m Failed Suites 1 
[49m[22m[31mΓÄ»ΓÄ»ΓÄ»ΓÄ»ΓÄ»ΓÄ»ΓÄ»[39m

[41m[1m FAIL [22m[49m 
lib/votes.integration.test.ts[2m > [22msubmitVote 
(Integration)
[31m[1mUnknown Error[22m: Invalid API key[39m
[31m[2mΓÄ»ΓÄ»ΓÄ»ΓÄ»ΓÄ»ΓÄ»ΓÄ»ΓÄ»ΓÄ»ΓÄ»ΓÄ»ΓÄ»ΓÄ»ΓÄ»ΓÄ»ΓÄ»ΓÄ
»ΓÄ»ΓÄ»ΓÄ»ΓÄ»ΓÄ»ΓÄ»ΓÄ»[1/1]ΓÄ»[22m[39m


[2m Test Files [22m [1m[31m1 failed[39m[22m[90m (1)[39m
[2m      Tests [22m [33m1 skipped[39m[90m (1)[39m
[2m   Start at [22m 20:05:52
[2m   Duration [22m 5.04s

[1m[41m FAIL [49m[22m [31mTests failed. Watching for file changes...[39m
       [2mpress [22m[1mh[22m[2m to show help[22m[2m, [22m[2mpress [22m[1mq[22m[2m to quit[22m
c[3J[1m[44m RERUN [49m[22m [34m[2mvitest.setup.ts [22m[39m

[90mstdout[2m | lib/votes.integration.test.ts
[22m[39mprocess.env in vitest.setup.ts: [90mundefined[39m

[90mstdout[2m | lib/utils.test.ts
[22m[39mprocess.env in vitest.setup.ts: [90mundefined[39m

 [32mΓ£ô[39m lib/utils.test.ts [2m([22m[2m2 tests[22m[2m)[22m[32m 12[2mms[22m[39m
[90mstderr[2m | lib/votes.integration.test.ts
[22m[39mMultiple GoTrueClient instances detected in the 
same browser context. It is not an error, but this should 
be avoided as it may produce undefined behavior when used 
concurrently under the same storage key.

 [31mΓ¥»[39m lib/votes.integration.test.ts [2m([22m[2m1 test[22m[2m | [22m[33m1 skipped[39m[2m)[22m[33m 2401[2mms[22m[39m
   [2m[90mΓåô[39m[22m submitVote (Integration)[2m > [22mshould successfully insert a new vote into the database
[90mstdout[2m | lib/validation.test.ts
[22m[39mprocess.env in vitest.setup.ts: [90mundefined[39m

 [32mΓ£ô[39m lib/validation.test.ts [2m([22m[2m15 tests[22m[2m)[22m[32m 29[2mms[22m[39m

[31mΓÄ»ΓÄ»ΓÄ»ΓÄ»ΓÄ»ΓÄ»[39m[1m[41m Failed Suites 1 
[49m[22m[31mΓÄ»ΓÄ»ΓÄ»ΓÄ»ΓÄ»ΓÄ»ΓÄ»[39m

[41m[1m FAIL [22m[49m 
lib/votes.integration.test.ts[2m > [22msubmitVote 
(Integration)
[31m[1mUnknown Error[22m: Invalid API key[39m
[31m[2mΓÄ»ΓÄ»ΓÄ»ΓÄ»ΓÄ»ΓÄ»ΓÄ»ΓÄ»ΓÄ»ΓÄ»ΓÄ»ΓÄ»ΓÄ»ΓÄ»ΓÄ»ΓÄ»ΓÄ
»ΓÄ»ΓÄ»ΓÄ»ΓÄ»ΓÄ»ΓÄ»ΓÄ»[1/1]ΓÄ»[22m[39m


[2m Test Files [22m [1m[31m1 failed[39m[22m[2m | [22m[1m[32m2 passed[39m[22m[90m (3)[39m
[2m      Tests [22m [1m[32m17 passed[39m[22m[2m | [22m[33m1 skipped[39m[90m (18)[39m
[2m   Start at [22m 20:09:30
[2m   Duration [22m 13.36s

[1m[41m FAIL [49m[22m [31mTests failed. Watching for file changes...[39m
       [2mpress [22m[1mh[22m[2m to show help[22m[2m, [22m[2mpress [22m[1mq[22m[2m to quit[22m
c[3J[1m[44m RERUN [49m[22m [34m[2mvitest.setup.ts [22m[39m

[90mstdout[2m | lib/votes.integration.test.ts
[22m[39mprocess.env in vitest.setup.ts: [90mundefined[39m

[90mstderr[2m | lib/votes.integration.test.ts
[22m[39mMultiple GoTrueClient instances detected in the 
same browser context. It is not an error, but this should 
be avoided as it may produce undefined behavior when used 
concurrently under the same storage key.

[90mstdout[2m | lib/validation.test.ts
[22m[39mprocess.env in vitest.setup.ts: [90mundefined[39m

 [31mΓ¥»[39m lib/votes.integration.test.ts [2m([22m[2m1 test[22m[2m | [22m[33m1 skipped[39m[2m)[22m[33m 2383[2mms[22m[39m
   [2m[90mΓåô[39m[22m submitVote (Integration)[2m > [22mshould successfully insert a new vote into the database
 [32mΓ£ô[39m lib/validation.test.ts [2m([22m[2m15 tests[22m[2m)[22m[32m 28[2mms[22m[39m
[90mstdout[2m | lib/utils.test.ts
[22m[39mprocess.env in vitest.setup.ts: [90mundefined[39m

 [32mΓ£ô[39m lib/utils.test.ts [2m([22m[2m2 tests[22m[2m)[22m[32m 12[2mms[22m[39m

[31mΓÄ»ΓÄ»ΓÄ»ΓÄ»ΓÄ»ΓÄ»[39m[1m[41m Failed Suites 1 
[49m[22m[31mΓÄ»ΓÄ»ΓÄ»ΓÄ»ΓÄ»ΓÄ»ΓÄ»[39m

[41m[1m FAIL [22m[49m 
lib/votes.integration.test.ts[2m > [22msubmitVote 
(Integration)
[31m[1mUnknown Error[22m: Invalid API key[39m
[31m[2mΓÄ»ΓÄ»ΓÄ»ΓÄ»ΓÄ»ΓÄ»ΓÄ»ΓÄ»ΓÄ»ΓÄ»ΓÄ»ΓÄ»ΓÄ»ΓÄ»ΓÄ»ΓÄ»ΓÄ
»ΓÄ»ΓÄ»ΓÄ»ΓÄ»ΓÄ»ΓÄ»ΓÄ»[1/1]ΓÄ»[22m[39m


[2m Test Files [22m [1m[31m1 failed[39m[22m[2m | [22m[1m[32m2 passed[39m[22m[90m (3)[39m
[2m      Tests [22m [1m[32m17 passed[39m[22m[2m | [22m[33m1 skipped[39m[90m (18)[39m
[2m   Start at [22m 20:09:59
[2m   Duration [22m 7.39s

[1m[41m FAIL [49m[22m [31mTests failed. Watching for file changes...[39m
       [2mpress [22m[1mh[22m[2m to show help[22m[2m, [22m[2mpress [22m[1mq[22m[2m to quit[22m
c[3J[1m[44m RERUN [49m[22m [34m[2mvitest.setup.ts [22m[39m

[90mstdout[2m | lib/validation.test.ts
[22m[39mprocess.env in vitest.setup.ts: https://dysesybsngkjgoxlwtcx.supabase.co

[90mstdout[2m | lib/votes.integration.test.ts
[22m[39mprocess.env in vitest.setup.ts: https://dysesybsngkjgoxlwtcx.supabase.co

 [32mΓ£ô[39m lib/validation.test.ts [2m([22m[2m15 tests[22m[2m)[22m[32m 173[2mms[22m[39m
[90mstderr[2m | lib/votes.integration.test.ts
[22m[39mMultiple GoTrueClient instances detected in the 
same browser context. It is not an error, but this should 
be avoided as it may produce undefined behavior when used 
concurrently under the same storage key.

 [31mΓ¥»[39m lib/votes.integration.test.ts [2m([22m[2m1 test[22m[2m | [22m[33m1 skipped[39m[2m)[22m[33m 2639[2mms[22m[39m
   [2m[90mΓåô[39m[22m submitVote (Integration)[2m > [22mshould successfully insert a new vote into the database
[90mstdout[2m | lib/utils.test.ts
[22m[39mprocess.env in vitest.setup.ts: https://dysesybsngkjgoxlwtcx.supabase.co

 [32mΓ£ô[39m lib/utils.test.ts [2m([22m[2m2 tests[22m[2m)[22m[32m 27[2mms[22m[39m

[31mΓÄ»ΓÄ»ΓÄ»ΓÄ»ΓÄ»ΓÄ»[39m[1m[41m Failed Suites 1 
[49m[22m[31mΓÄ»ΓÄ»ΓÄ»ΓÄ»ΓÄ»ΓÄ»ΓÄ»[39m

[41m[1m FAIL [22m[49m 
lib/votes.integration.test.ts[2m > [22msubmitVote 
(Integration)
[31m[1mUnknown Error[22m: Invalid API key[39m
[31m[2mΓÄ»ΓÄ»ΓÄ»ΓÄ»ΓÄ»ΓÄ»ΓÄ»ΓÄ»ΓÄ»ΓÄ»ΓÄ»ΓÄ»ΓÄ»ΓÄ»ΓÄ»ΓÄ»ΓÄ
»ΓÄ»ΓÄ»ΓÄ»ΓÄ»ΓÄ»ΓÄ»ΓÄ»[1/1]ΓÄ»[22m[39m


[2m Test Files [22m [1m[31m1 failed[39m[22m[2m | [22m[1m[32m2 passed[39m[22m[90m (3)[39m
[2m      Tests [22m [1m[32m17 passed[39m[22m[2m | [22m[33m1 skipped[39m[90m (18)[39m
[2m   Start at [22m 20:17:19
[2m   Duration [22m 34.73s

[1m[41m FAIL [49m[22m [31mTests failed. Watching for file changes...[39m
       [2mpress [22m[1mh[22m[2m to show help[22m[2m, [22m[2mpress [22m[1mq[22m[2m to quit[22m
c[3J[1m[44m RERUN [49m[22m [34m[2mvitest.setup.ts [22m[39m

[90mstdout[2m | lib/votes.integration.test.ts
[22m[39mprocess.env in vitest.setup.ts: https://dysesybsngkjgoxlwtcx.supabase.co

[90mstderr[2m | lib/votes.integration.test.ts
[22m[39mMultiple GoTrueClient instances detected in the 
same browser context. It is not an error, but this should 
be avoided as it may produce undefined behavior when used 
concurrently under the same storage key.

[90mstdout[2m | lib/validation.test.ts
[22m[39mprocess.env in vitest.setup.ts: https://dysesybsngkjgoxlwtcx.supabase.co

 [31mΓ¥»[39m lib/votes.integration.test.ts [2m([22m[2m1 test[22m[2m | [22m[33m1 skipped[39m[2m)[22m[33m 2495[2mms[22m[39m
   [2m[90mΓåô[39m[22m submitVote (Integration)[2m > [22mshould successfully insert a new vote into the database
 [32mΓ£ô[39m lib/validation.test.ts [2m([22m[2m15 tests[22m[2m)[22m[32m 35[2mms[22m[39m
[90mstdout[2m | lib/utils.test.ts
[22m[39mprocess.env in vitest.setup.ts: https://dysesybsngkjgoxlwtcx.supabase.co

 [32mΓ£ô[39m lib/utils.test.ts [2m([22m[2m2 tests[22m[2m)[22m[32m 11[2mms[22m[39m

[31mΓÄ»ΓÄ»ΓÄ»ΓÄ»ΓÄ»ΓÄ»[39m[1m[41m Failed Suites 1 
[49m[22m[31mΓÄ»ΓÄ»ΓÄ»ΓÄ»ΓÄ»ΓÄ»ΓÄ»[39m

[41m[1m FAIL [22m[49m 
lib/votes.integration.test.ts[2m > [22msubmitVote 
(Integration)
[31m[1mUnknown Error[22m: Invalid API key[39m
[31m[2mΓÄ»ΓÄ»ΓÄ»ΓÄ»ΓÄ»ΓÄ»ΓÄ»ΓÄ»ΓÄ»ΓÄ»ΓÄ»ΓÄ»ΓÄ»ΓÄ»ΓÄ»ΓÄ»ΓÄ
»ΓÄ»ΓÄ»ΓÄ»ΓÄ»ΓÄ»ΓÄ»ΓÄ»[1/1]ΓÄ»[22m[39m


[2m Test Files [22m [1m[31m1 failed[39m[22m[2m | [22m[1m[32m2 passed[39m[22m[90m (3)[39m
[2m      Tests [22m [1m[32m17 passed[39m[22m[2m | [22m[33m1 skipped[39m[90m (18)[39m
[2m   Start at [22m 20:17:58
[2m   Duration [22m 8.25s

[1m[41m FAIL [49m[22m [31mTests failed. Watching for file changes...[39m
       [2mpress [22m[1mh[22m[2m to show help[22m[2m, [22m[2mpress [22m[1mq[22m[2m to quit[22m
c[3J[1m[44m RERUN [49m[22m [34m[2mvitest.setup.ts [22m[39m

[90mstdout[2m | lib/votes.integration.test.ts
[22m[39m[dotenv@17.2.2] injecting env (3) from .env.test -- tip: ΓÜÖ∩╕Å  write to custom object with { processEnv: myObject }
process.env in vitest.setup.ts: https://dysesybsngkjgoxlwtcx.supabase.co

[90mstdout[2m | lib/validation.test.ts
[22m[39m[dotenv@17.2.2] injecting env (3) from .env.test -- tip: ≡ƒöÉ prevent committing .env to code: https://dotenvx.com/precommit
process.env in vitest.setup.ts: https://dysesybsngkjgoxlwtcx.supabase.co

 [32mΓ£ô[39m lib/validation.test.ts [2m([22m[2m15 tests[22m[2m)[22m[32m 31[2mms[22m[39m
[90mstderr[2m | lib/votes.integration.test.ts
[22m[39mMultiple GoTrueClient instances detected in the 
same browser context. It is not an error, but this should 
be avoided as it may produce undefined behavior when used 
concurrently under the same storage key.

 [31mΓ¥»[39m lib/votes.integration.test.ts [2m([22m[2m1 test[22m[2m | [22m[33m1 skipped[39m[2m)[22m[33m 2560[2mms[22m[39m
   [2m[90mΓåô[39m[22m submitVote (Integration)[2m > [22mshould successfully insert a new vote into the database
[90mstdout[2m | lib/utils.test.ts
[22m[39m[dotenv@17.2.2] injecting env (3) from .env.test -- tip: ΓÜÖ∩╕Å  load multiple .env files with { path: ['.env.local', '.env'] }
process.env in vitest.setup.ts: https://dysesybsngkjgoxlwtcx.supabase.co

 [32mΓ£ô[39m lib/utils.test.ts [2m([22m[2m2 tests[22m[2m)[22m[32m 11[2mms[22m[39m

[31mΓÄ»ΓÄ»ΓÄ»ΓÄ»ΓÄ»ΓÄ»[39m[1m[41m Failed Suites 1 
[49m[22m[31mΓÄ»ΓÄ»ΓÄ»ΓÄ»ΓÄ»ΓÄ»ΓÄ»[39m

[41m[1m FAIL [22m[49m 
lib/votes.integration.test.ts[2m > [22msubmitVote 
(Integration)
[31m[1mUnknown Error[22m: Invalid API key[39m
[31m[2mΓÄ»ΓÄ»ΓÄ»ΓÄ»ΓÄ»ΓÄ»ΓÄ»ΓÄ»ΓÄ»ΓÄ»ΓÄ»ΓÄ»ΓÄ»ΓÄ»ΓÄ»ΓÄ»ΓÄ
»ΓÄ»ΓÄ»ΓÄ»ΓÄ»ΓÄ»ΓÄ»ΓÄ»[1/1]ΓÄ»[22m[39m


[2m Test Files [22m [1m[31m1 failed[39m[22m[2m | [22m[1m[32m2 passed[39m[22m[90m (3)[39m
[2m      Tests [22m [1m[32m17 passed[39m[22m[2m | [22m[33m1 skipped[39m[90m (18)[39m
[2m   Start at [22m 20:19:38
[2m   Duration [22m 15.76s

[1m[41m FAIL [49m[22m [31mTests failed. Watching for file changes...[39m
       [2mpress [22m[1mh[22m[2m to show help[22m[2m, [22m[2mpress [22m[1mq[22m[2m to quit[22m
c[3J[1m[44m RERUN [49m[22m [34m[2mvitest.setup.ts [22m[39m

[90mstdout[2m | lib/votes.integration.test.ts
[22m[39m[dotenv@17.2.2] injecting env (3) from .env.test -- tip: ΓÜÖ∩╕Å  specify custom .env file path with { path: '/custom/path/.env' }
process.env in vitest.setup.ts: https://dysesybsngkjgoxlwtcx.supabase.co

[90mstderr[2m | lib/votes.integration.test.ts
[22m[39mMultiple GoTrueClient instances detected in the 
same browser context. It is not an error, but this should 
be avoided as it may produce undefined behavior when used 
concurrently under the same storage key.

 [31mΓ¥»[39m lib/votes.integration.test.ts [2m([22m[2m1 test[22m[2m | [22m[33m1 skipped[39m[2m)[22m[33m 2957[2mms[22m[39m
   [2m[90mΓåô[39m[22m submitVote (Integration)[2m > [22mshould successfully insert a new vote into the database
[90mstdout[2m | lib/validation.test.ts
[22m[39m[dotenv@17.2.2] injecting env (3) from .env.test -- tip: ≡ƒôí auto-backup env with Radar: https://dotenvx.com/radar
process.env in vitest.setup.ts: https://dysesybsngkjgoxlwtcx.supabase.co

 [32mΓ£ô[39m lib/validation.test.ts [2m([22m[2m15 tests[22m[2m)[22m[32m 50[2mms[22m[39m
[90mstdout[2m | lib/utils.test.ts
[22m[39m[dotenv@17.2.2] injecting env (3) from .env.test -- tip: ≡ƒöÉ encrypt with Dotenvx: https://dotenvx.com
process.env in vitest.setup.ts: https://dysesybsngkjgoxlwtcx.supabase.co

 [32mΓ£ô[39m lib/utils.test.ts [2m([22m[2m2 tests[22m[2m)[22m[32m 13[2mms[22m[39m

[31mΓÄ»ΓÄ»ΓÄ»ΓÄ»ΓÄ»ΓÄ»[39m[1m[41m Failed Suites 1 
[49m[22m[31mΓÄ»ΓÄ»ΓÄ»ΓÄ»ΓÄ»ΓÄ»ΓÄ»[39m

[41m[1m FAIL [22m[49m 
lib/votes.integration.test.ts[2m > [22msubmitVote 
(Integration)
[31m[1mUnknown Error[22m: Invalid API key[39m
[31m[2mΓÄ»ΓÄ»ΓÄ»ΓÄ»ΓÄ»ΓÄ»ΓÄ»ΓÄ»ΓÄ»ΓÄ»ΓÄ»ΓÄ»ΓÄ»ΓÄ»ΓÄ»ΓÄ»ΓÄ
»ΓÄ»ΓÄ»ΓÄ»ΓÄ»ΓÄ»ΓÄ»ΓÄ»[1/1]ΓÄ»[22m[39m


[2m Test Files [22m [1m[31m1 failed[39m[22m[2m | [22m[1m[32m2 passed[39m[22m[90m (3)[39m
[2m      Tests [22m [1m[32m17 passed[39m[22m[2m | [22m[33m1 skipped[39m[90m (18)[39m
[2m   Start at [22m 20:20:09
[2m   Duration [22m 9.71s

[1m[41m FAIL [49m[22m [31mTests failed. Watching for file changes...[39m
       [2mpress [22m[1mh[22m[2m to show help[22m[2m, [22m[2mpress [22m[1mq[22m[2m to quit[22m
c[3J[1m[44m RERUN [49m[22m [34m[2mvitest.setup.ts [22m[39m

[90mstdout[2m | lib/votes.integration.test.ts
[22m[39m[dotenv@17.2.2] injecting env (3) from .env.test -- tip: ≡ƒöÉ prevent building .env in docker: https://dotenvx.com/prebuild
process.env in vitest.setup.ts: {
  AHA_CHROME_CRASHPAD_PIPE_NAME: [32m'\\\\.\\pipe\\crashpad_18040_RHHFFCJUPHGUQNBC'[39m,
  ALLUSERSPROFILE: [32m'C:\\ProgramData'[39m,
  APPDATA: [32m'C:\\Users\\user\\AppData\\Roaming'[39m,
  BASE_URL: [32m'/'[39m,
  CHOCOLATEYINSTALL: [32m'C:\\ProgramData\\chocolatey'[39m,
  CHOCOLATEYLASTPATHUPDATE: [32m'133869687020309585'[39m,
  COLOR: [32m'0'[39m,
  COLORTERM: [32m'truecolor'[39m,
  COMMONPROGRAMFILES: [32m'C:\\Program Files\\Common Files'[39m,
  [32m'COMMONPROGRAMFILES(X86)'[39m: [32m'C:\\Program Files (x86)\\Common Files'[39m,
  COMMONPROGRAMW6432: [32m'C:\\Program Files\\Common Files'[39m,
  COMPUTERNAME: [32m'DESKTOP-MV8OG3T'[39m,
  COMSPEC: [32m'C:\\WINDOWS\\system32\\cmd.exe'[39m,
  DEV: [32m'1'[39m,
  DRIVERDATA: [32m'C:\\Windows\\System32\\Drivers\\DriverData'[39m,
  EDITOR: [32m'C:\\WINDOWS\\notepad.exe'[39m,
  FORCE_TTY: [32m''[39m,
  GIT_ASKPASS: [32m'c:\\Users\\user\\AppData\\Local\\Programs\\Trae\\resources\\app\\extensions\\git\\dist\\askpass.sh'[39m,
  HOME: [32m'C:\\Users\\user'[39m,
  HOMEDRIVE: [32m'C:'[39m,
  HOMEPATH: [32m'\\Users\\user'[39m,
  INIT_CWD: [32m'C:\\Users\\user\\ALX AIFD\\polling-app'[39m,
  LANG: [32m'en_US.UTF-8'[39m,
  LOCALAPPDATA: [32m'C:\\Users\\user\\AppData\\Local'[39m,
  LOGONSERVER: [32m'\\\\DESKTOP-MV8OG3T'[39m,
  MODE: [32m'test'[39m,
  NEXT_PUBLIC_SUPABASE_ANON_KEY: [32m'eyJhbGciOiJIUzI1NiIsInR5cCI6IkpXVCJ9.eyJpc3MiOiJzdXBhYmFzZSIsInJlZiI6ImR5c2VzeWJzbmdramdveGx3dGN4Iiwicm9sZSI6ImFub24iLCJpYXQiOjE3NTYzNzU4NzQsImV4cCI6MjA3MTk1MTg3NH0.3HKGxvI6Rp2DodgwrlINUs-xgEEyg6Y4sR51eBX9FFg'[39m,
  NEXT_PUBLIC_SUPABASE_URL: [32m'https://dysesybsngkjgoxlwtcx.supabase.co'[39m,
  NODE: [32m'C:\\Program Files\\nodejs\\node.exe'[39m,
  NODE_ENV: [32m'test'[39m,
  NPM_COMMAND: [32m'test'[39m,
  NPM_CONFIG_CACHE: [32m'C:\\Users\\user\\AppData\\Local\\npm-cache'[39m,
  NPM_CONFIG_GLOBALCONFIG: [32m'C:\\Users\\user\\AppData\\Roaming\\npm\\etc\\npmrc'[39m,
  NPM_CONFIG_GLOBAL_PREFIX: [32m'C:\\Users\\user\\AppData\\Roaming\\npm'[39m,
  NPM_CONFIG_INIT_MODULE: [32m'C:\\Users\\user\\.npm-init.js'[39m,
  NPM_CONFIG_LOCAL_PREFIX: [32m'C:\\Users\\user\\ALX AIFD\\polling-app'[39m,
  NPM_CONFIG_NODE_GYP: [32m'C:\\Users\\user\\AppData\\Roaming\\npm\\node_modules\\npm\\node_modules\\node-gyp\\bin\\node-gyp.js'[39m,
  NPM_CONFIG_NOPROXY: [32m''[39m,
  NPM_CONFIG_NPM_VERSION: [32m'11.2.0'[39m,
  NPM_CONFIG_PREFIX: [32m'C:\\Users\\user\\AppData\\Roaming\\npm'[39m,
  NPM_CONFIG_USERCONFIG: [32m'C:\\Users\\user\\.npmrc'[39m,
  NPM_CONFIG_USER_AGENT: [32m'npm/11.2.0 node/v22.14.0 win32 x64 workspaces/false'[39m,
  NPM_EXECPATH: [32m'C:\\Users\\user\\AppData\\Roaming\\npm\\node_modules\\npm\\bin\\npm-cli.js'[39m,
  NPM_LIFECYCLE_EVENT: [32m'test'[39m,
  NPM_LIFECYCLE_SCRIPT: [32m'vitest'[39m,
  NPM_NODE_EXECPATH: [32m'C:\\Program Files\\nodejs\\node.exe'[39m,
  NPM_PACKAGE_JSON: [32m'C:\\Users\\user\\ALX AIFD\\polling-app\\package.json'[39m,
  NPM_PACKAGE_NAME: [32m'polling-app'[39m,
  NPM_PACKAGE_VERSION: [32m'0.1.0'[39m,
  NUMBER_OF_PROCESSORS: [32m'4'[39m,
  ONEDRIVE: [32m'C:\\Users\\user\\OneDrive'[39m,
  ONEDRIVECONSUMER: [32m'C:\\Users\\user\\OneDrive'[39m,
  ORIGINAL_XDG_CURRENT_DESKTOP: [32m'undefined'[39m,
  OS: [32m'Windows_NT'[39m,
  PATH: [32m'C:\\Users\\user\\ALX AIFD\\polling-app\\node_modules\\.bin;C:\\Users\\user\\ALX AIFD\\node_modules\\.bin;C:\\Users\\user\\node_modules\\.bin;C:\\Users\\node_modules\\.bin;C:\\node_modules\\.bin;C:\\Users\\user\\AppData\\Roaming\\npm\\node_modules\\npm\\node_modules\\@npmcli\\run-script\\lib\\node-gyp-bin;c:\\\\Users\\\\user\\\\.trae\\\\sdks\\\\workspaces\\\\46f76df8\\\\versions\\\\node\\\\current;c:\\\\Users\\\\user\\\\.trae\\\\sdks\\\\versions\\\\node\\\\current;c:\\Users\\user\\.trae\\sdks\\workspaces\\46f76df8\\versions\\node\\current;c:\\Users\\user\\.trae\\sdks\\versions\\node\\current;c:\\Users\\user\\AppData\\Local\\Programs\\cursor\\resources\\app\\bin;C:\\Program Files\\Google\\Chrome\\Application;C:\\WINDOWS\\system32;C:\\WINDOWS;C:\\WINDOWS\\System32\\Wbem;C:\\WINDOWS\\System32\\WindowsPowerShell\\v1.0\\;C:\\WINDOWS\\System32\\OpenSSH\\;C:\\Program Files (x86)\\Windows Kits\\10\\Windows Performance Toolkit\\;C:\\Program Files\\Git\\cmd;C:\\ProgramData\\chocolatey\\bin;C:\\Program Files\\nodejs;C:\\Users\\user\\AppData\\Roaming\\npm;C:\\Users\\user\\AppData\\Local\\Microsoft\\WindowsApps;C:\\Users\\user\\AppData\\Local\\Programs\\Ollama;C:\\flutter\\src\\flutter\\bin;C:\\Users\\user\\AppData\\Roaming\\npm;c:\\Users\\user\\AppData\\Local\\Programs\\cursor\\resources\\app\\bin;c:\\Users\\user\\AppData\\Local\\Programs\\cursor\\resources\\app\\bin;c:\\Users\\user\\AppData\\Local\\Programs\\Trae\\bin;C:\\Program Files\\MySQL\\MySQL Shell 8.0\\bin\\;C:\\Users\\user\\AppData\\Local\\Microsoft\\WindowsApps;C:\\Users\\user\\AppData\\Local\\Programs\\Ollama;C:\\Users\\user\\AppData\\Local\\Programs\\Microsoft VS Code\\bin;C:\\flutter\\src\\flutter\\bin;C:\\Users\\user\\AppData\\Roaming\\npm;C:\\Users\\user\\AppData\\Local\\Programs\\cursor\\resources\\app\\bin;C:\\Users\\user\\Downloads\\mysql-8.0.42-winx64\\bin;;C:\\Users\\user\\.bun\\bin'[39m,
  PATHEXT: [32m'.COM;.EXE;.BAT;.CMD;.VBS;.VBE;.JS;.JSE;.WSF;.WSH;.MSC;.CPL'[39m,
  PROCESSOR_ARCHITECTURE: [32m'AMD64'[39m,
  PROCESSOR_IDENTIFIER: [32m'Intel64 Family 6 Model 142 Stepping 9, GenuineIntel'[39m,
  PROCESSOR_LEVEL: [32m'6'[39m,
  PROCESSOR_REVISION: [32m'8e09'[39m,
  PROD: [32m''[39m,
  PROGRAMDATA: [32m'C:\\ProgramData'[39m,
  PROGRAMFILES: [32m'C:\\Program Files'[39m,
  [32m'PROGRAMFILES(X86)'[39m: [32m'C:\\Program Files (x86)'[39m,
  PROGRAMW6432: [32m'C:\\Program Files'[39m,
  PROMPT: [32m'$P$G'[39m,
  PSMODULEPATH: [32m'C:\\Users\\user\\OneDrive\\Documents\\WindowsPowerShell\\Modules;C:\\Program Files\\WindowsPowerShell\\Modules;C:\\WINDOWS\\system32\\WindowsPowerShell\\v1.0\\Modules'[39m,
  PUBLIC: [32m'C:\\Users\\Public'[39m,
  SESSIONNAME: [32m'Console'[39m,
  SSR: [32m''[39m,
  SUPABASE_SERVICE_ROLE_KEY: [32m'eyJhbGciOiJIUzI1NiIsInR5cCI6IkpXVCJ9.eyJpc3MiOiJzdXBhYmFzZSIsInJlZiI6ImR5c2VzeWJzbmdramdveGx3dGN4Iiwicm9sZSI6InNlcnZpY2Vfcm9sZSIsImlhdCI6MTc1NjM3NTg3NCwiZXhwIjoyMDcxOTUxODc0fQ.3HKGxvI6Rp2DodgwrlINUs-xgEEyg6Y4sR51eBX9FFg'[39m,
  SYSTEMDRIVE: [32m'C:'[39m,
  SYSTEMROOT: [32m'C:\\WINDOWS'[39m,
  TEMP: [32m'C:\\Users\\user\\AppData\\Local\\Temp'[39m,
  TERM_PRODUCT: [32m'Trae'[39m,
  TERM_PROGRAM: [32m'vscode'[39m,
  TERM_PROGRAM_VERSION: [32m'1.100.3'[39m,
  TEST: [32m'true'[39m,
  TINYPOOL_WORKER_ID: [32m'1'[39m,
  TMP: [32m'C:\\Users\\user\\AppData\\Local\\Temp'[39m,
  TRAE_AI_SHELL_ID: [32m'5'[39m,
  USERDOMAIN: [32m'DESKTOP-MV8OG3T'[39m,
  USERDOMAIN_ROAMINGPROFILE: [32m'DESKTOP-MV8OG3T'[39m,
  USERNAME: [32m'user'[39m,
  USERPROFILE: [32m'C:\\Users\\user'[39m,
  VITEST: [32m'true'[39m,
  VITEST_MODE: [32m'WATCH'[39m,
  VITEST_POOL_ID: [32m'1'[39m,
  VITEST_WORKER_ID: [32m'35'[39m,
  VSCODE_GIT_ASKPASS_EXTRA_ARGS: [32m''[39m,
  VSCODE_GIT_ASKPASS_MAIN: [32m'c:\\Users\\user\\AppData\\Local\\Programs\\Trae\\resources\\app\\extensions\\git\\dist\\askpass-main.js'[39m,
  VSCODE_GIT_ASKPASS_NODE: [32m'C:\\Users\\user\\AppData\\Local\\Programs\\Trae\\Trae.exe'[39m,
  VSCODE_GIT_IPC_HANDLE: [32m'\\\\.\\pipe\\vscode-git-6f459493e0-sock'[39m,
  VSCODE_INJECTION: [32m'1'[39m,
  WINDIR: [32m'C:\\WINDOWS'[39m,
  ZES_ENABLE_SYSMAN: [32m'1'[39m
}

[90mstdout[2m | lib/validation.test.ts
[22m[39m[dotenv@17.2.2] injecting env (3) from .env.test -- tip: ΓÜÖ∩╕Å  write to custom object with { processEnv: myObject }
process.env in vitest.setup.ts: {
  AHA_CHROME_CRASHPAD_PIPE_NAME: [32m'\\\\.\\pipe\\crashpad_18040_RHHFFCJUPHGUQNBC'[39m,
  ALLUSERSPROFILE: [32m'C:\\ProgramData'[39m,
  APPDATA: [32m'C:\\Users\\user\\AppData\\Roaming'[39m,
  BASE_URL: [32m'/'[39m,
  CHOCOLATEYINSTALL: [32m'C:\\ProgramData\\chocolatey'[39m,
  CHOCOLATEYLASTPATHUPDATE: [32m'133869687020309585'[39m,
  COLOR: [32m'0'[39m,
  COLORTERM: [32m'truecolor'[39m,
  COMMONPROGRAMFILES: [32m'C:\\Program Files\\Common Files'[39m,
  [32m'COMMONPROGRAMFILES(X86)'[39m: [32m'C:\\Program Files (x86)\\Common Files'[39m,
  COMMONPROGRAMW6432: [32m'C:\\Program Files\\Common Files'[39m,
  COMPUTERNAME: [32m'DESKTOP-MV8OG3T'[39m,
  COMSPEC: [32m'C:\\WINDOWS\\system32\\cmd.exe'[39m,
  DEV: [32m'1'[39m,
  DRIVERDATA: [32m'C:\\Windows\\System32\\Drivers\\DriverData'[39m,
  EDITOR: [32m'C:\\WINDOWS\\notepad.exe'[39m,
  FORCE_TTY: [32m''[39m,
  GIT_ASKPASS: [32m'c:\\Users\\user\\AppData\\Local\\Programs\\Trae\\resources\\app\\extensions\\git\\dist\\askpass.sh'[39m,
  HOME: [32m'C:\\Users\\user'[39m,
  HOMEDRIVE: [32m'C:'[39m,
  HOMEPATH: [32m'\\Users\\user'[39m,
  INIT_CWD: [32m'C:\\Users\\user\\ALX AIFD\\polling-app'[39m,
  LANG: [32m'en_US.UTF-8'[39m,
  LOCALAPPDATA: [32m'C:\\Users\\user\\AppData\\Local'[39m,
  LOGONSERVER: [32m'\\\\DESKTOP-MV8OG3T'[39m,
  MODE: [32m'test'[39m,
  NEXT_PUBLIC_SUPABASE_ANON_KEY: [32m'eyJhbGciOiJIUzI1NiIsInR5cCI6IkpXVCJ9.eyJpc3MiOiJzdXBhYmFzZSIsInJlZiI6ImR5c2VzeWJzbmdramdveGx3dGN4Iiwicm9sZSI6ImFub24iLCJpYXQiOjE3NTYzNzU4NzQsImV4cCI6MjA3MTk1MTg3NH0.3HKGxvI6Rp2DodgwrlINUs-xgEEyg6Y4sR51eBX9FFg'[39m,
  NEXT_PUBLIC_SUPABASE_URL: [32m'https://dysesybsngkjgoxlwtcx.supabase.co'[39m,
  NODE: [32m'C:\\Program Files\\nodejs\\node.exe'[39m,
  NODE_ENV: [32m'test'[39m,
  NPM_COMMAND: [32m'test'[39m,
  NPM_CONFIG_CACHE: [32m'C:\\Users\\user\\AppData\\Local\\npm-cache'[39m,
  NPM_CONFIG_GLOBALCONFIG: [32m'C:\\Users\\user\\AppData\\Roaming\\npm\\etc\\npmrc'[39m,
  NPM_CONFIG_GLOBAL_PREFIX: [32m'C:\\Users\\user\\AppData\\Roaming\\npm'[39m,
  NPM_CONFIG_INIT_MODULE: [32m'C:\\Users\\user\\.npm-init.js'[39m,
  NPM_CONFIG_LOCAL_PREFIX: [32m'C:\\Users\\user\\ALX AIFD\\polling-app'[39m,
  NPM_CONFIG_NODE_GYP: [32m'C:\\Users\\user\\AppData\\Roaming\\npm\\node_modules\\npm\\node_modules\\node-gyp\\bin\\node-gyp.js'[39m,
  NPM_CONFIG_NOPROXY: [32m''[39m,
  NPM_CONFIG_NPM_VERSION: [32m'11.2.0'[39m,
  NPM_CONFIG_PREFIX: [32m'C:\\Users\\user\\AppData\\Roaming\\npm'[39m,
  NPM_CONFIG_USERCONFIG: [32m'C:\\Users\\user\\.npmrc'[39m,
  NPM_CONFIG_USER_AGENT: [32m'npm/11.2.0 node/v22.14.0 win32 x64 workspaces/false'[39m,
  NPM_EXECPATH: [32m'C:\\Users\\user\\AppData\\Roaming\\npm\\node_modules\\npm\\bin\\npm-cli.js'[39m,
  NPM_LIFECYCLE_EVENT: [32m'test'[39m,
  NPM_LIFECYCLE_SCRIPT: [32m'vitest'[39m,
  NPM_NODE_EXECPATH: [32m'C:\\Program Files\\nodejs\\node.exe'[39m,
  NPM_PACKAGE_JSON: [32m'C:\\Users\\user\\ALX AIFD\\polling-app\\package.json'[39m,
  NPM_PACKAGE_NAME: [32m'polling-app'[39m,
  NPM_PACKAGE_VERSION: [32m'0.1.0'[39m,
  NUMBER_OF_PROCESSORS: [32m'4'[39m,
  ONEDRIVE: [32m'C:\\Users\\user\\OneDrive'[39m,
  ONEDRIVECONSUMER: [32m'C:\\Users\\user\\OneDrive'[39m,
  ORIGINAL_XDG_CURRENT_DESKTOP: [32m'undefined'[39m,
  OS: [32m'Windows_NT'[39m,
  PATH: [32m'C:\\Users\\user\\ALX AIFD\\polling-app\\node_modules\\.bin;C:\\Users\\user\\ALX AIFD\\node_modules\\.bin;C:\\Users\\user\\node_modules\\.bin;C:\\Users\\node_modules\\.bin;C:\\node_modules\\.bin;C:\\Users\\user\\AppData\\Roaming\\npm\\node_modules\\npm\\node_modules\\@npmcli\\run-script\\lib\\node-gyp-bin;c:\\\\Users\\\\user\\\\.trae\\\\sdks\\\\workspaces\\\\46f76df8\\\\versions\\\\node\\\\current;c:\\\\Users\\\\user\\\\.trae\\\\sdks\\\\versions\\\\node\\\\current;c:\\Users\\user\\.trae\\sdks\\workspaces\\46f76df8\\versions\\node\\current;c:\\Users\\user\\.trae\\sdks\\versions\\node\\current;c:\\Users\\user\\AppData\\Local\\Programs\\cursor\\resources\\app\\bin;C:\\Program Files\\Google\\Chrome\\Application;C:\\WINDOWS\\system32;C:\\WINDOWS;C:\\WINDOWS\\System32\\Wbem;C:\\WINDOWS\\System32\\WindowsPowerShell\\v1.0\\;C:\\WINDOWS\\System32\\OpenSSH\\;C:\\Program Files (x86)\\Windows Kits\\10\\Windows Performance Toolkit\\;C:\\Program Files\\Git\\cmd;C:\\ProgramData\\chocolatey\\bin;C:\\Program Files\\nodejs;C:\\Users\\user\\AppData\\Roaming\\npm;C:\\Users\\user\\AppData\\Local\\Microsoft\\WindowsApps;C:\\Users\\user\\AppData\\Local\\Programs\\Ollama;C:\\flutter\\src\\flutter\\bin;C:\\Users\\user\\AppData\\Roaming\\npm;c:\\Users\\user\\AppData\\Local\\Programs\\cursor\\resources\\app\\bin;c:\\Users\\user\\AppData\\Local\\Programs\\cursor\\resources\\app\\bin;c:\\Users\\user\\AppData\\Local\\Programs\\Trae\\bin;C:\\Program Files\\MySQL\\MySQL Shell 8.0\\bin\\;C:\\Users\\user\\AppData\\Local\\Microsoft\\WindowsApps;C:\\Users\\user\\AppData\\Local\\Programs\\Ollama;C:\\Users\\user\\AppData\\Local\\Programs\\Microsoft VS Code\\bin;C:\\flutter\\src\\flutter\\bin;C:\\Users\\user\\AppData\\Roaming\\npm;C:\\Users\\user\\AppData\\Local\\Programs\\cursor\\resources\\app\\bin;C:\\Users\\user\\Downloads\\mysql-8.0.42-winx64\\bin;;C:\\Users\\user\\.bun\\bin'[39m,
  PATHEXT: [32m'.COM;.EXE;.BAT;.CMD;.VBS;.VBE;.JS;.JSE;.WSF;.WSH;.MSC;.CPL'[39m,
  PROCESSOR_ARCHITECTURE: [32m'AMD64'[39m,
  PROCESSOR_IDENTIFIER: [32m'Intel64 Family 6 Model 142 Stepping 9, GenuineIntel'[39m,
  PROCESSOR_LEVEL: [32m'6'[39m,
  PROCESSOR_REVISION: [32m'8e09'[39m,
  PROD: [32m''[39m,
  PROGRAMDATA: [32m'C:\\ProgramData'[39m,
  PROGRAMFILES: [32m'C:\\Program Files'[39m,
  [32m'PROGRAMFILES(X86)'[39m: [32m'C:\\Program Files (x86)'[39m,
  PROGRAMW6432: [32m'C:\\Program Files'[39m,
  PROMPT: [32m'$P$G'[39m,
  PSMODULEPATH: [32m'C:\\Users\\user\\OneDrive\\Documents\\WindowsPowerShell\\Modules;C:\\Program Files\\WindowsPowerShell\\Modules;C:\\WINDOWS\\system32\\WindowsPowerShell\\v1.0\\Modules'[39m,
  PUBLIC: [32m'C:\\Users\\Public'[39m,
  SESSIONNAME: [32m'Console'[39m,
  SSR: [32m''[39m,
  SUPABASE_SERVICE_ROLE_KEY: [32m'eyJhbGciOiJIUzI1NiIsInR5cCI6IkpXVCJ9.eyJpc3MiOiJzdXBhYmFzZSIsInJlZiI6ImR5c2VzeWJzbmdramdveGx3dGN4Iiwicm9sZSI6InNlcnZpY2Vfcm9sZSIsImlhdCI6MTc1NjM3NTg3NCwiZXhwIjoyMDcxOTUxODc0fQ.3HKGxvI6Rp2DodgwrlINUs-xgEEyg6Y4sR51eBX9FFg'[39m,
  SYSTEMDRIVE: [32m'C:'[39m,
  SYSTEMROOT: [32m'C:\\WINDOWS'[39m,
  TEMP: [32m'C:\\Users\\user\\AppData\\Local\\Temp'[39m,
  TERM_PRODUCT: [32m'Trae'[39m,
  TERM_PROGRAM: [32m'vscode'[39m,
  TERM_PROGRAM_VERSION: [32m'1.100.3'[39m,
  TEST: [32m'true'[39m,
  TINYPOOL_WORKER_ID: [32m'2'[39m,
  TMP: [32m'C:\\Users\\user\\AppData\\Local\\Temp'[39m,
  TRAE_AI_SHELL_ID: [32m'5'[39m,
  USERDOMAIN: [32m'DESKTOP-MV8OG3T'[39m,
  USERDOMAIN_ROAMINGPROFILE: [32m'DESKTOP-MV8OG3T'[39m,
  USERNAME: [32m'user'[39m,
  USERPROFILE: [32m'C:\\Users\\user'[39m,
  VITEST: [32m'true'[39m,
  VITEST_MODE: [32m'WATCH'[39m,
  VITEST_POOL_ID: [32m'2'[39m,
  VITEST_WORKER_ID: [32m'36'[39m,
  VSCODE_GIT_ASKPASS_EXTRA_ARGS: [32m''[39m,
  VSCODE_GIT_ASKPASS_MAIN: [32m'c:\\Users\\user\\AppData\\Local\\Programs\\Trae\\resources\\app\\extensions\\git\\dist\\askpass-main.js'[39m,
  VSCODE_GIT_ASKPASS_NODE: [32m'C:\\Users\\user\\AppData\\Local\\Programs\\Trae\\Trae.exe'[39m,
  VSCODE_GIT_IPC_HANDLE: [32m'\\\\.\\pipe\\vscode-git-6f459493e0-sock'[39m,
  VSCODE_INJECTION: [32m'1'[39m,
  WINDIR: [32m'C:\\WINDOWS'[39m,
  ZES_ENABLE_SYSMAN: [32m'1'[39m
}

[90mstderr[2m | lib/votes.integration.test.ts
[22m[39mMultiple GoTrueClient instances detected in the 
same browser context. It is not an error, but this should 
be avoided as it may produce undefined behavior when used 
concurrently under the same storage key.

 [32mΓ£ô[39m lib/validation.test.ts [2m([22m[2m15 tests[22m[2m)[22m[32m 116[2mms[22m[39m
 [31mΓ¥»[39m lib/votes.integration.test.ts [2m([22m[2m1 test[22m[2m | [22m[33m1 skipped[39m[2m)[22m[33m 2711[2mms[22m[39m
   [2m[90mΓåô[39m[22m submitVote (Integration)[2m > [22mshould successfully insert a new vote into the database
[90mstdout[2m | lib/utils.test.ts
[22m[39m[dotenv@17.2.2] injecting env (3) from .env.test -- tip: ΓÜÖ∩╕Å  suppress all logs with { quiet: true }
process.env in vitest.setup.ts: {
  AHA_CHROME_CRASHPAD_PIPE_NAME: [32m'\\\\.\\pipe\\crashpad_18040_RHHFFCJUPHGUQNBC'[39m,
  ALLUSERSPROFILE: [32m'C:\\ProgramData'[39m,
  APPDATA: [32m'C:\\Users\\user\\AppData\\Roaming'[39m,
  BASE_URL: [32m'/'[39m,
  CHOCOLATEYINSTALL: [32m'C:\\ProgramData\\chocolatey'[39m,
  CHOCOLATEYLASTPATHUPDATE: [32m'133869687020309585'[39m,
  COLOR: [32m'0'[39m,
  COLORTERM: [32m'truecolor'[39m,
  COMMONPROGRAMFILES: [32m'C:\\Program Files\\Common Files'[39m,
  [32m'COMMONPROGRAMFILES(X86)'[39m: [32m'C:\\Program Files (x86)\\Common Files'[39m,
  COMMONPROGRAMW6432: [32m'C:\\Program Files\\Common Files'[39m,
  COMPUTERNAME: [32m'DESKTOP-MV8OG3T'[39m,
  COMSPEC: [32m'C:\\WINDOWS\\system32\\cmd.exe'[39m,
  DEV: [32m'1'[39m,
  DRIVERDATA: [32m'C:\\Windows\\System32\\Drivers\\DriverData'[39m,
  EDITOR: [32m'C:\\WINDOWS\\notepad.exe'[39m,
  FORCE_TTY: [32m''[39m,
  GIT_ASKPASS: [32m'c:\\Users\\user\\AppData\\Local\\Programs\\Trae\\resources\\app\\extensions\\git\\dist\\askpass.sh'[39m,
  HOME: [32m'C:\\Users\\user'[39m,
  HOMEDRIVE: [32m'C:'[39m,
  HOMEPATH: [32m'\\Users\\user'[39m,
  INIT_CWD: [32m'C:\\Users\\user\\ALX AIFD\\polling-app'[39m,
  LANG: [32m'en_US.UTF-8'[39m,
  LOCALAPPDATA: [32m'C:\\Users\\user\\AppData\\Local'[39m,
  LOGONSERVER: [32m'\\\\DESKTOP-MV8OG3T'[39m,
  MODE: [32m'test'[39m,
  NEXT_PUBLIC_SUPABASE_ANON_KEY: [32m'eyJhbGciOiJIUzI1NiIsInR5cCI6IkpXVCJ9.eyJpc3MiOiJzdXBhYmFzZSIsInJlZiI6ImR5c2VzeWJzbmdramdveGx3dGN4Iiwicm9sZSI6ImFub24iLCJpYXQiOjE3NTYzNzU4NzQsImV4cCI6MjA3MTk1MTg3NH0.3HKGxvI6Rp2DodgwrlINUs-xgEEyg6Y4sR51eBX9FFg'[39m,
  NEXT_PUBLIC_SUPABASE_URL: [32m'https://dysesybsngkjgoxlwtcx.supabase.co'[39m,
  NODE: [32m'C:\\Program Files\\nodejs\\node.exe'[39m,
  NODE_ENV: [32m'test'[39m,
  NPM_COMMAND: [32m'test'[39m,
  NPM_CONFIG_CACHE: [32m'C:\\Users\\user\\AppData\\Local\\npm-cache'[39m,
  NPM_CONFIG_GLOBALCONFIG: [32m'C:\\Users\\user\\AppData\\Roaming\\npm\\etc\\npmrc'[39m,
  NPM_CONFIG_GLOBAL_PREFIX: [32m'C:\\Users\\user\\AppData\\Roaming\\npm'[39m,
  NPM_CONFIG_INIT_MODULE: [32m'C:\\Users\\user\\.npm-init.js'[39m,
  NPM_CONFIG_LOCAL_PREFIX: [32m'C:\\Users\\user\\ALX AIFD\\polling-app'[39m,
  NPM_CONFIG_NODE_GYP: [32m'C:\\Users\\user\\AppData\\Roaming\\npm\\node_modules\\npm\\node_modules\\node-gyp\\bin\\node-gyp.js'[39m,
  NPM_CONFIG_NOPROXY: [32m''[39m,
  NPM_CONFIG_NPM_VERSION: [32m'11.2.0'[39m,
  NPM_CONFIG_PREFIX: [32m'C:\\Users\\user\\AppData\\Roaming\\npm'[39m,
  NPM_CONFIG_USERCONFIG: [32m'C:\\Users\\user\\.npmrc'[39m,
  NPM_CONFIG_USER_AGENT: [32m'npm/11.2.0 node/v22.14.0 win32 x64 workspaces/false'[39m,
  NPM_EXECPATH: [32m'C:\\Users\\user\\AppData\\Roaming\\npm\\node_modules\\npm\\bin\\npm-cli.js'[39m,
  NPM_LIFECYCLE_EVENT: [32m'test'[39m,
  NPM_LIFECYCLE_SCRIPT: [32m'vitest'[39m,
  NPM_NODE_EXECPATH: [32m'C:\\Program Files\\nodejs\\node.exe'[39m,
  NPM_PACKAGE_JSON: [32m'C:\\Users\\user\\ALX AIFD\\polling-app\\package.json'[39m,
  NPM_PACKAGE_NAME: [32m'polling-app'[39m,
  NPM_PACKAGE_VERSION: [32m'0.1.0'[39m,
  NUMBER_OF_PROCESSORS: [32m'4'[39m,
  ONEDRIVE: [32m'C:\\Users\\user\\OneDrive'[39m,
  ONEDRIVECONSUMER: [32m'C:\\Users\\user\\OneDrive'[39m,
  ORIGINAL_XDG_CURRENT_DESKTOP: [32m'undefined'[39m,
  OS: [32m'Windows_NT'[39m,
  PATH: [32m'C:\\Users\\user\\ALX AIFD\\polling-app\\node_modules\\.bin;C:\\Users\\user\\ALX AIFD\\node_modules\\.bin;C:\\Users\\user\\node_modules\\.bin;C:\\Users\\node_modules\\.bin;C:\\node_modules\\.bin;C:\\Users\\user\\AppData\\Roaming\\npm\\node_modules\\npm\\node_modules\\@npmcli\\run-script\\lib\\node-gyp-bin;c:\\\\Users\\\\user\\\\.trae\\\\sdks\\\\workspaces\\\\46f76df8\\\\versions\\\\node\\\\current;c:\\\\Users\\\\user\\\\.trae\\\\sdks\\\\versions\\\\node\\\\current;c:\\Users\\user\\.trae\\sdks\\workspaces\\46f76df8\\versions\\node\\current;c:\\Users\\user\\.trae\\sdks\\versions\\node\\current;c:\\Users\\user\\AppData\\Local\\Programs\\cursor\\resources\\app\\bin;C:\\Program Files\\Google\\Chrome\\Application;C:\\WINDOWS\\system32;C:\\WINDOWS;C:\\WINDOWS\\System32\\Wbem;C:\\WINDOWS\\System32\\WindowsPowerShell\\v1.0\\;C:\\WINDOWS\\System32\\OpenSSH\\;C:\\Program Files (x86)\\Windows Kits\\10\\Windows Performance Toolkit\\;C:\\Program Files\\Git\\cmd;C:\\ProgramData\\chocolatey\\bin;C:\\Program Files\\nodejs;C:\\Users\\user\\AppData\\Roaming\\npm;C:\\Users\\user\\AppData\\Local\\Microsoft\\WindowsApps;C:\\Users\\user\\AppData\\Local\\Programs\\Ollama;C:\\flutter\\src\\flutter\\bin;C:\\Users\\user\\AppData\\Roaming\\npm;c:\\Users\\user\\AppData\\Local\\Programs\\cursor\\resources\\app\\bin;c:\\Users\\user\\AppData\\Local\\Programs\\cursor\\resources\\app\\bin;c:\\Users\\user\\AppData\\Local\\Programs\\Trae\\bin;C:\\Program Files\\MySQL\\MySQL Shell 8.0\\bin\\;C:\\Users\\user\\AppData\\Local\\Microsoft\\WindowsApps;C:\\Users\\user\\AppData\\Local\\Programs\\Ollama;C:\\Users\\user\\AppData\\Local\\Programs\\Microsoft VS Code\\bin;C:\\flutter\\src\\flutter\\bin;C:\\Users\\user\\AppData\\Roaming\\npm;C:\\Users\\user\\AppData\\Local\\Programs\\cursor\\resources\\app\\bin;C:\\Users\\user\\Downloads\\mysql-8.0.42-winx64\\bin;;C:\\Users\\user\\.bun\\bin'[39m,
  PATHEXT: [32m'.COM;.EXE;.BAT;.CMD;.VBS;.VBE;.JS;.JSE;.WSF;.WSH;.MSC;.CPL'[39m,
  PROCESSOR_ARCHITECTURE: [32m'AMD64'[39m,
  PROCESSOR_IDENTIFIER: [32m'Intel64 Family 6 Model 142 Stepping 9, GenuineIntel'[39m,
  PROCESSOR_LEVEL: [32m'6'[39m,
  PROCESSOR_REVISION: [32m'8e09'[39m,
  PROD: [32m''[39m,
  PROGRAMDATA: [32m'C:\\ProgramData'[39m,
  PROGRAMFILES: [32m'C:\\Program Files'[39m,
  [32m'PROGRAMFILES(X86)'[39m: [32m'C:\\Program Files (x86)'[39m,
  PROGRAMW6432: [32m'C:\\Program Files'[39m,
  PROMPT: [32m'$P$G'[39m,
  PSMODULEPATH: [32m'C:\\Users\\user\\OneDrive\\Documents\\WindowsPowerShell\\Modules;C:\\Program Files\\WindowsPowerShell\\Modules;C:\\WINDOWS\\system32\\WindowsPowerShell\\v1.0\\Modules'[39m,
  PUBLIC: [32m'C:\\Users\\Public'[39m,
  SESSIONNAME: [32m'Console'[39m,
  SSR: [32m''[39m,
  SUPABASE_SERVICE_ROLE_KEY: [32m'eyJhbGciOiJIUzI1NiIsInR5cCI6IkpXVCJ9.eyJpc3MiOiJzdXBhYmFzZSIsInJlZiI6ImR5c2VzeWJzbmdramdveGx3dGN4Iiwicm9sZSI6InNlcnZpY2Vfcm9sZSIsImlhdCI6MTc1NjM3NTg3NCwiZXhwIjoyMDcxOTUxODc0fQ.3HKGxvI6Rp2DodgwrlINUs-xgEEyg6Y4sR51eBX9FFg'[39m,
  SYSTEMDRIVE: [32m'C:'[39m,
  SYSTEMROOT: [32m'C:\\WINDOWS'[39m,
  TEMP: [32m'C:\\Users\\user\\AppData\\Local\\Temp'[39m,
  TERM_PRODUCT: [32m'Trae'[39m,
  TERM_PROGRAM: [32m'vscode'[39m,
  TERM_PROGRAM_VERSION: [32m'1.100.3'[39m,
  TEST: [32m'true'[39m,
  TINYPOOL_WORKER_ID: [32m'2'[39m,
  TMP: [32m'C:\\Users\\user\\AppData\\Local\\Temp'[39m,
  TRAE_AI_SHELL_ID: [32m'5'[39m,
  USERDOMAIN: [32m'DESKTOP-MV8OG3T'[39m,
  USERDOMAIN_ROAMINGPROFILE: [32m'DESKTOP-MV8OG3T'[39m,
  USERNAME: [32m'user'[39m,
  USERPROFILE: [32m'C:\\Users\\user'[39m,
  VITEST: [32m'true'[39m,
  VITEST_MODE: [32m'WATCH'[39m,
  VITEST_POOL_ID: [32m'2'[39m,
  VITEST_WORKER_ID: [32m'37'[39m,
  VSCODE_GIT_ASKPASS_EXTRA_ARGS: [32m''[39m,
  VSCODE_GIT_ASKPASS_MAIN: [32m'c:\\Users\\user\\AppData\\Local\\Programs\\Trae\\resources\\app\\extensions\\git\\dist\\askpass-main.js'[39m,
  VSCODE_GIT_ASKPASS_NODE: [32m'C:\\Users\\user\\AppData\\Local\\Programs\\Trae\\Trae.exe'[39m,
  VSCODE_GIT_IPC_HANDLE: [32m'\\\\.\\pipe\\vscode-git-6f459493e0-sock'[39m,
  VSCODE_INJECTION: [32m'1'[39m,
  WINDIR: [32m'C:\\WINDOWS'[39m,
  ZES_ENABLE_SYSMAN: [32m'1'[39m
}

 [32mΓ£ô[39m lib/utils.test.ts [2m([22m[2m2 tests[22m[2m)[22m[32m 12[2mms[22m[39m

[31mΓÄ»ΓÄ»ΓÄ»ΓÄ»ΓÄ»ΓÄ»[39m[1m[41m Failed Suites 1 
[49m[22m[31mΓÄ»ΓÄ»ΓÄ»ΓÄ»ΓÄ»ΓÄ»ΓÄ»[39m

[41m[1m FAIL [22m[49m 
lib/votes.integration.test.ts[2m > [22msubmitVote 
(Integration)
[31m[1mUnknown Error[22m: Invalid API key[39m
[31m[2mΓÄ»ΓÄ»ΓÄ»ΓÄ»ΓÄ»ΓÄ»ΓÄ»ΓÄ»ΓÄ»ΓÄ»ΓÄ»ΓÄ»ΓÄ»ΓÄ»ΓÄ»ΓÄ»ΓÄ
»ΓÄ»ΓÄ»ΓÄ»ΓÄ»ΓÄ»ΓÄ»ΓÄ»[1/1]ΓÄ»[22m[39m


[2m Test Files [22m [1m[31m1 failed[39m[22m[2m | [22m[1m[32m2 passed[39m[22m[90m (3)[39m
[2m      Tests [22m [1m[32m17 passed[39m[22m[2m | [22m[33m1 skipped[39m[90m (18)[39m
[2m   Start at [22m 20:22:50
[2m   Duration [22m 9.58s

[1m[41m FAIL [49m[22m [31mTests failed. Watching for file changes...[39m
       [2mpress [22m[1mh[22m[2m to show help[22m[2m, [22m[2mpress [22m[1mq[22m[2m to quit[22m
c[3J[1m[44m RERUN [49m[22m [34m[2mvitest.setup.ts [22m[39m

[90mstdout[2m | lib/votes.integration.test.ts
[22m[39m[dotenv@17.2.2] injecting env (3) from .env.test -- tip: ≡ƒöÉ encrypt with Dotenvx: https://dotenvx.com
process.env in vitest.setup.ts: {
  AHA_CHROME_CRASHPAD_PIPE_NAME: [32m'\\\\.\\pipe\\crashpad_18040_RHHFFCJUPHGUQNBC'[39m,
  ALLUSERSPROFILE: [32m'C:\\ProgramData'[39m,
  APPDATA: [32m'C:\\Users\\user\\AppData\\Roaming'[39m,
  BASE_URL: [32m'/'[39m,
  CHOCOLATEYINSTALL: [32m'C:\\ProgramData\\chocolatey'[39m,
  CHOCOLATEYLASTPATHUPDATE: [32m'133869687020309585'[39m,
  COLOR: [32m'0'[39m,
  COLORTERM: [32m'truecolor'[39m,
  COMMONPROGRAMFILES: [32m'C:\\Program Files\\Common Files'[39m,
  [32m'COMMONPROGRAMFILES(X86)'[39m: [32m'C:\\Program Files (x86)\\Common Files'[39m,
  COMMONPROGRAMW6432: [32m'C:\\Program Files\\Common Files'[39m,
  COMPUTERNAME: [32m'DESKTOP-MV8OG3T'[39m,
  COMSPEC: [32m'C:\\WINDOWS\\system32\\cmd.exe'[39m,
  DEV: [32m'1'[39m,
  DRIVERDATA: [32m'C:\\Windows\\System32\\Drivers\\DriverData'[39m,
  EDITOR: [32m'C:\\WINDOWS\\notepad.exe'[39m,
  FORCE_TTY: [32m''[39m,
  GIT_ASKPASS: [32m'c:\\Users\\user\\AppData\\Local\\Programs\\Trae\\resources\\app\\extensions\\git\\dist\\askpass.sh'[39m,
  HOME: [32m'C:\\Users\\user'[39m,
  HOMEDRIVE: [32m'C:'[39m,
  HOMEPATH: [32m'\\Users\\user'[39m,
  INIT_CWD: [32m'C:\\Users\\user\\ALX AIFD\\polling-app'[39m,
  LANG: [32m'en_US.UTF-8'[39m,
  LOCALAPPDATA: [32m'C:\\Users\\user\\AppData\\Local'[39m,
  LOGONSERVER: [32m'\\\\DESKTOP-MV8OG3T'[39m,
  MODE: [32m'test'[39m,
  NEXT_PUBLIC_SUPABASE_ANON_KEY: [32m'eyJhbGciOiJIUzI1NiIsInR5cCI6IkpXVCJ9.eyJpc3MiOiJzdXBhYmFzZSIsInJlZiI6ImR5c2VzeWJzbmdramdveGx3dGN4Iiwicm9sZSI6ImFub24iLCJpYXQiOjE3NTYzNzU4NzQsImV4cCI6MjA3MTk1MTg3NH0.3HKGxvI6Rp2DodgwrlINUs-xgEEyg6Y4sR51eBX9FFg'[39m,
  NEXT_PUBLIC_SUPABASE_URL: [32m'https://dysesybsngkjgoxlwtcx.supabase.co'[39m,
  NODE: [32m'C:\\Program Files\\nodejs\\node.exe'[39m,
  NODE_ENV: [32m'test'[39m,
  NPM_COMMAND: [32m'test'[39m,
  NPM_CONFIG_CACHE: [32m'C:\\Users\\user\\AppData\\Local\\npm-cache'[39m,
  NPM_CONFIG_GLOBALCONFIG: [32m'C:\\Users\\user\\AppData\\Roaming\\npm\\etc\\npmrc'[39m,
  NPM_CONFIG_GLOBAL_PREFIX: [32m'C:\\Users\\user\\AppData\\Roaming\\npm'[39m,
  NPM_CONFIG_INIT_MODULE: [32m'C:\\Users\\user\\.npm-init.js'[39m,
  NPM_CONFIG_LOCAL_PREFIX: [32m'C:\\Users\\user\\ALX AIFD\\polling-app'[39m,
  NPM_CONFIG_NODE_GYP: [32m'C:\\Users\\user\\AppData\\Roaming\\npm\\node_modules\\npm\\node_modules\\node-gyp\\bin\\node-gyp.js'[39m,
  NPM_CONFIG_NOPROXY: [32m''[39m,
  NPM_CONFIG_NPM_VERSION: [32m'11.2.0'[39m,
  NPM_CONFIG_PREFIX: [32m'C:\\Users\\user\\AppData\\Roaming\\npm'[39m,
  NPM_CONFIG_USERCONFIG: [32m'C:\\Users\\user\\.npmrc'[39m,
  NPM_CONFIG_USER_AGENT: [32m'npm/11.2.0 node/v22.14.0 win32 x64 workspaces/false'[39m,
  NPM_EXECPATH: [32m'C:\\Users\\user\\AppData\\Roaming\\npm\\node_modules\\npm\\bin\\npm-cli.js'[39m,
  NPM_LIFECYCLE_EVENT: [32m'test'[39m,
  NPM_LIFECYCLE_SCRIPT: [32m'vitest'[39m,
  NPM_NODE_EXECPATH: [32m'C:\\Program Files\\nodejs\\node.exe'[39m,
  NPM_PACKAGE_JSON: [32m'C:\\Users\\user\\ALX AIFD\\polling-app\\package.json'[39m,
  NPM_PACKAGE_NAME: [32m'polling-app'[39m,
  NPM_PACKAGE_VERSION: [32m'0.1.0'[39m,
  NUMBER_OF_PROCESSORS: [32m'4'[39m,
  ONEDRIVE: [32m'C:\\Users\\user\\OneDrive'[39m,
  ONEDRIVECONSUMER: [32m'C:\\Users\\user\\OneDrive'[39m,
  ORIGINAL_XDG_CURRENT_DESKTOP: [32m'undefined'[39m,
  OS: [32m'Windows_NT'[39m,
  PATH: [32m'C:\\Users\\user\\ALX AIFD\\polling-app\\node_modules\\.bin;C:\\Users\\user\\ALX AIFD\\node_modules\\.bin;C:\\Users\\user\\node_modules\\.bin;C:\\Users\\node_modules\\.bin;C:\\node_modules\\.bin;C:\\Users\\user\\AppData\\Roaming\\npm\\node_modules\\npm\\node_modules\\@npmcli\\run-script\\lib\\node-gyp-bin;c:\\\\Users\\\\user\\\\.trae\\\\sdks\\\\workspaces\\\\46f76df8\\\\versions\\\\node\\\\current;c:\\\\Users\\\\user\\\\.trae\\\\sdks\\\\versions\\\\node\\\\current;c:\\Users\\user\\.trae\\sdks\\workspaces\\46f76df8\\versions\\node\\current;c:\\Users\\user\\.trae\\sdks\\versions\\node\\current;c:\\Users\\user\\AppData\\Local\\Programs\\cursor\\resources\\app\\bin;C:\\Program Files\\Google\\Chrome\\Application;C:\\WINDOWS\\system32;C:\\WINDOWS;C:\\WINDOWS\\System32\\Wbem;C:\\WINDOWS\\System32\\WindowsPowerShell\\v1.0\\;C:\\WINDOWS\\System32\\OpenSSH\\;C:\\Program Files (x86)\\Windows Kits\\10\\Windows Performance Toolkit\\;C:\\Program Files\\Git\\cmd;C:\\ProgramData\\chocolatey\\bin;C:\\Program Files\\nodejs;C:\\Users\\user\\AppData\\Roaming\\npm;C:\\Users\\user\\AppData\\Local\\Microsoft\\WindowsApps;C:\\Users\\user\\AppData\\Local\\Programs\\Ollama;C:\\flutter\\src\\flutter\\bin;C:\\Users\\user\\AppData\\Roaming\\npm;c:\\Users\\user\\AppData\\Local\\Programs\\cursor\\resources\\app\\bin;c:\\Users\\user\\AppData\\Local\\Programs\\cursor\\resources\\app\\bin;c:\\Users\\user\\AppData\\Local\\Programs\\Trae\\bin;C:\\Program Files\\MySQL\\MySQL Shell 8.0\\bin\\;C:\\Users\\user\\AppData\\Local\\Microsoft\\WindowsApps;C:\\Users\\user\\AppData\\Local\\Programs\\Ollama;C:\\Users\\user\\AppData\\Local\\Programs\\Microsoft VS Code\\bin;C:\\flutter\\src\\flutter\\bin;C:\\Users\\user\\AppData\\Roaming\\npm;C:\\Users\\user\\AppData\\Local\\Programs\\cursor\\resources\\app\\bin;C:\\Users\\user\\Downloads\\mysql-8.0.42-winx64\\bin;;C:\\Users\\user\\.bun\\bin'[39m,
  PATHEXT: [32m'.COM;.EXE;.BAT;.CMD;.VBS;.VBE;.JS;.JSE;.WSF;.WSH;.MSC;.CPL'[39m,
  PROCESSOR_ARCHITECTURE: [32m'AMD64'[39m,
  PROCESSOR_IDENTIFIER: [32m'Intel64 Family 6 Model 142 Stepping 9, GenuineIntel'[39m,
  PROCESSOR_LEVEL: [32m'6'[39m,
  PROCESSOR_REVISION: [32m'8e09'[39m,
  PROD: [32m''[39m,
  PROGRAMDATA: [32m'C:\\ProgramData'[39m,
  PROGRAMFILES: [32m'C:\\Program Files'[39m,
  [32m'PROGRAMFILES(X86)'[39m: [32m'C:\\Program Files (x86)'[39m,
  PROGRAMW6432: [32m'C:\\Program Files'[39m,
  PROMPT: [32m'$P$G'[39m,
  PSMODULEPATH: [32m'C:\\Users\\user\\OneDrive\\Documents\\WindowsPowerShell\\Modules;C:\\Program Files\\WindowsPowerShell\\Modules;C:\\WINDOWS\\system32\\WindowsPowerShell\\v1.0\\Modules'[39m,
  PUBLIC: [32m'C:\\Users\\Public'[39m,
  SESSIONNAME: [32m'Console'[39m,
  SSR: [32m''[39m,
  SUPABASE_SERVICE_ROLE_KEY: [32m'eyJhbGciOiJIUzI1NiIsInR5cCI6IkpXVCJ9.eyJpc3MiOiJzdXBhYmFzZSIsInJlZiI6ImR5c2VzeWJzbmdramdveGx3dGN4Iiwicm9sZSI6InNlcnZpY2Vfcm9sZSIsImlhdCI6MTc1NjM3NTg3NCwiZXhwIjoyMDcxOTUxODc0fQ.3HKGxvI6Rp2DodgwrlINUs-xgEEyg6Y4sR51eBX9FFg'[39m,
  SYSTEMDRIVE: [32m'C:'[39m,
  SYSTEMROOT: [32m'C:\\WINDOWS'[39m,
  TEMP: [32m'C:\\Users\\user\\AppData\\Local\\Temp'[39m,
  TERM_PRODUCT: [32m'Trae'[39m,
  TERM_PROGRAM: [32m'vscode'[39m,
  TERM_PROGRAM_VERSION: [32m'1.100.3'[39m,
  TEST: [32m'true'[39m,
  TINYPOOL_WORKER_ID: [32m'1'[39m,
  TMP: [32m'C:\\Users\\user\\AppData\\Local\\Temp'[39m,
  TRAE_AI_SHELL_ID: [32m'5'[39m,
  USERDOMAIN: [32m'DESKTOP-MV8OG3T'[39m,
  USERDOMAIN_ROAMINGPROFILE: [32m'DESKTOP-MV8OG3T'[39m,
  USERNAME: [32m'user'[39m,
  USERPROFILE: [32m'C:\\Users\\user'[39m,
  VITEST: [32m'true'[39m,
  VITEST_MODE: [32m'WATCH'[39m,
  VITEST_POOL_ID: [32m'1'[39m,
  VITEST_WORKER_ID: [32m'38'[39m,
  VSCODE_GIT_ASKPASS_EXTRA_ARGS: [32m''[39m,
  VSCODE_GIT_ASKPASS_MAIN: [32m'c:\\Users\\user\\AppData\\Local\\Programs\\Trae\\resources\\app\\extensions\\git\\dist\\askpass-main.js'[39m,
  VSCODE_GIT_ASKPASS_NODE: [32m'C:\\Users\\user\\AppData\\Local\\Programs\\Trae\\Trae.exe'[39m,
  VSCODE_GIT_IPC_HANDLE: [32m'\\\\.\\pipe\\vscode-git-6f459493e0-sock'[39m,
  VSCODE_INJECTION: [32m'1'[39m,
  WINDIR: [32m'C:\\WINDOWS'[39m,
  ZES_ENABLE_SYSMAN: [32m'1'[39m
}

[90mstderr[2m | lib/votes.integration.test.ts
[22m[39mMultiple GoTrueClient instances detected in the 
same browser context. It is not an error, but this should 
be avoided as it may produce undefined behavior when used 
concurrently under the same storage key.

[90mstdout[2m | lib/validation.test.ts
[22m[39m[dotenv@17.2.2] injecting env (3) from .env.test -- tip: ≡ƒöÉ prevent building .env in docker: https://dotenvx.com/prebuild
process.env in vitest.setup.ts: {
  AHA_CHROME_CRASHPAD_PIPE_NAME: [32m'\\\\.\\pipe\\crashpad_18040_RHHFFCJUPHGUQNBC'[39m,
  ALLUSERSPROFILE: [32m'C:\\ProgramData'[39m,
  APPDATA: [32m'C:\\Users\\user\\AppData\\Roaming'[39m,
  BASE_URL: [32m'/'[39m,
  CHOCOLATEYINSTALL: [32m'C:\\ProgramData\\chocolatey'[39m,
  CHOCOLATEYLASTPATHUPDATE: [32m'133869687020309585'[39m,
  COLOR: [32m'0'[39m,
  COLORTERM: [32m'truecolor'[39m,
  COMMONPROGRAMFILES: [32m'C:\\Program Files\\Common Files'[39m,
  [32m'COMMONPROGRAMFILES(X86)'[39m: [32m'C:\\Program Files (x86)\\Common Files'[39m,
  COMMONPROGRAMW6432: [32m'C:\\Program Files\\Common Files'[39m,
  COMPUTERNAME: [32m'DESKTOP-MV8OG3T'[39m,
  COMSPEC: [32m'C:\\WINDOWS\\system32\\cmd.exe'[39m,
  DEV: [32m'1'[39m,
  DRIVERDATA: [32m'C:\\Windows\\System32\\Drivers\\DriverData'[39m,
  EDITOR: [32m'C:\\WINDOWS\\notepad.exe'[39m,
  FORCE_TTY: [32m''[39m,
  GIT_ASKPASS: [32m'c:\\Users\\user\\AppData\\Local\\Programs\\Trae\\resources\\app\\extensions\\git\\dist\\askpass.sh'[39m,
  HOME: [32m'C:\\Users\\user'[39m,
  HOMEDRIVE: [32m'C:'[39m,
  HOMEPATH: [32m'\\Users\\user'[39m,
  INIT_CWD: [32m'C:\\Users\\user\\ALX AIFD\\polling-app'[39m,
  LANG: [32m'en_US.UTF-8'[39m,
  LOCALAPPDATA: [32m'C:\\Users\\user\\AppData\\Local'[39m,
  LOGONSERVER: [32m'\\\\DESKTOP-MV8OG3T'[39m,
  MODE: [32m'test'[39m,
  NEXT_PUBLIC_SUPABASE_ANON_KEY: [32m'eyJhbGciOiJIUzI1NiIsInR5cCI6IkpXVCJ9.eyJpc3MiOiJzdXBhYmFzZSIsInJlZiI6ImR5c2VzeWJzbmdramdveGx3dGN4Iiwicm9sZSI6ImFub24iLCJpYXQiOjE3NTYzNzU4NzQsImV4cCI6MjA3MTk1MTg3NH0.3HKGxvI6Rp2DodgwrlINUs-xgEEyg6Y4sR51eBX9FFg'[39m,
  NEXT_PUBLIC_SUPABASE_URL: [32m'https://dysesybsngkjgoxlwtcx.supabase.co'[39m,
  NODE: [32m'C:\\Program Files\\nodejs\\node.exe'[39m,
  NODE_ENV: [32m'test'[39m,
  NPM_COMMAND: [32m'test'[39m,
  NPM_CONFIG_CACHE: [32m'C:\\Users\\user\\AppData\\Local\\npm-cache'[39m,
  NPM_CONFIG_GLOBALCONFIG: [32m'C:\\Users\\user\\AppData\\Roaming\\npm\\etc\\npmrc'[39m,
  NPM_CONFIG_GLOBAL_PREFIX: [32m'C:\\Users\\user\\AppData\\Roaming\\npm'[39m,
  NPM_CONFIG_INIT_MODULE: [32m'C:\\Users\\user\\.npm-init.js'[39m,
  NPM_CONFIG_LOCAL_PREFIX: [32m'C:\\Users\\user\\ALX AIFD\\polling-app'[39m,
  NPM_CONFIG_NODE_GYP: [32m'C:\\Users\\user\\AppData\\Roaming\\npm\\node_modules\\npm\\node_modules\\node-gyp\\bin\\node-gyp.js'[39m,
  NPM_CONFIG_NOPROXY: [32m''[39m,
  NPM_CONFIG_NPM_VERSION: [32m'11.2.0'[39m,
  NPM_CONFIG_PREFIX: [32m'C:\\Users\\user\\AppData\\Roaming\\npm'[39m,
  NPM_CONFIG_USERCONFIG: [32m'C:\\Users\\user\\.npmrc'[39m,
  NPM_CONFIG_USER_AGENT: [32m'npm/11.2.0 node/v22.14.0 win32 x64 workspaces/false'[39m,
  NPM_EXECPATH: [32m'C:\\Users\\user\\AppData\\Roaming\\npm\\node_modules\\npm\\bin\\npm-cli.js'[39m,
  NPM_LIFECYCLE_EVENT: [32m'test'[39m,
  NPM_LIFECYCLE_SCRIPT: [32m'vitest'[39m,
  NPM_NODE_EXECPATH: [32m'C:\\Program Files\\nodejs\\node.exe'[39m,
  NPM_PACKAGE_JSON: [32m'C:\\Users\\user\\ALX AIFD\\polling-app\\package.json'[39m,
  NPM_PACKAGE_NAME: [32m'polling-app'[39m,
  NPM_PACKAGE_VERSION: [32m'0.1.0'[39m,
  NUMBER_OF_PROCESSORS: [32m'4'[39m,
  ONEDRIVE: [32m'C:\\Users\\user\\OneDrive'[39m,
  ONEDRIVECONSUMER: [32m'C:\\Users\\user\\OneDrive'[39m,
  ORIGINAL_XDG_CURRENT_DESKTOP: [32m'undefined'[39m,
  OS: [32m'Windows_NT'[39m,
  PATH: [32m'C:\\Users\\user\\ALX AIFD\\polling-app\\node_modules\\.bin;C:\\Users\\user\\ALX AIFD\\node_modules\\.bin;C:\\Users\\user\\node_modules\\.bin;C:\\Users\\node_modules\\.bin;C:\\node_modules\\.bin;C:\\Users\\user\\AppData\\Roaming\\npm\\node_modules\\npm\\node_modules\\@npmcli\\run-script\\lib\\node-gyp-bin;c:\\\\Users\\\\user\\\\.trae\\\\sdks\\\\workspaces\\\\46f76df8\\\\versions\\\\node\\\\current;c:\\\\Users\\\\user\\\\.trae\\\\sdks\\\\versions\\\\node\\\\current;c:\\Users\\user\\.trae\\sdks\\workspaces\\46f76df8\\versions\\node\\current;c:\\Users\\user\\.trae\\sdks\\versions\\node\\current;c:\\Users\\user\\AppData\\Local\\Programs\\cursor\\resources\\app\\bin;C:\\Program Files\\Google\\Chrome\\Application;C:\\WINDOWS\\system32;C:\\WINDOWS;C:\\WINDOWS\\System32\\Wbem;C:\\WINDOWS\\System32\\WindowsPowerShell\\v1.0\\;C:\\WINDOWS\\System32\\OpenSSH\\;C:\\Program Files (x86)\\Windows Kits\\10\\Windows Performance Toolkit\\;C:\\Program Files\\Git\\cmd;C:\\ProgramData\\chocolatey\\bin;C:\\Program Files\\nodejs;C:\\Users\\user\\AppData\\Roaming\\npm;C:\\Users\\user\\AppData\\Local\\Microsoft\\WindowsApps;C:\\Users\\user\\AppData\\Local\\Programs\\Ollama;C:\\flutter\\src\\flutter\\bin;C:\\Users\\user\\AppData\\Roaming\\npm;c:\\Users\\user\\AppData\\Local\\Programs\\cursor\\resources\\app\\bin;c:\\Users\\user\\AppData\\Local\\Programs\\cursor\\resources\\app\\bin;c:\\Users\\user\\AppData\\Local\\Programs\\Trae\\bin;C:\\Program Files\\MySQL\\MySQL Shell 8.0\\bin\\;C:\\Users\\user\\AppData\\Local\\Microsoft\\WindowsApps;C:\\Users\\user\\AppData\\Local\\Programs\\Ollama;C:\\Users\\user\\AppData\\Local\\Programs\\Microsoft VS Code\\bin;C:\\flutter\\src\\flutter\\bin;C:\\Users\\user\\AppData\\Roaming\\npm;C:\\Users\\user\\AppData\\Local\\Programs\\cursor\\resources\\app\\bin;C:\\Users\\user\\Downloads\\mysql-8.0.42-winx64\\bin;;C:\\Users\\user\\.bun\\bin'[39m,
  PATHEXT: [32m'.COM;.EXE;.BAT;.CMD;.VBS;.VBE;.JS;.JSE;.WSF;.WSH;.MSC;.CPL'[39m,
  PROCESSOR_ARCHITECTURE: [32m'AMD64'[39m,
  PROCESSOR_IDENTIFIER: [32m'Intel64 Family 6 Model 142 Stepping 9, GenuineIntel'[39m,
  PROCESSOR_LEVEL: [32m'6'[39m,
  PROCESSOR_REVISION: [32m'8e09'[39m,
  PROD: [32m''[39m,
  PROGRAMDATA: [32m'C:\\ProgramData'[39m,
  PROGRAMFILES: [32m'C:\\Program Files'[39m,
  [32m'PROGRAMFILES(X86)'[39m: [32m'C:\\Program Files (x86)'[39m,
  PROGRAMW6432: [32m'C:\\Program Files'[39m,
  PROMPT: [32m'$P$G'[39m,
  PSMODULEPATH: [32m'C:\\Users\\user\\OneDrive\\Documents\\WindowsPowerShell\\Modules;C:\\Program Files\\WindowsPowerShell\\Modules;C:\\WINDOWS\\system32\\WindowsPowerShell\\v1.0\\Modules'[39m,
  PUBLIC: [32m'C:\\Users\\Public'[39m,
  SESSIONNAME: [32m'Console'[39m,
  SSR: [32m''[39m,
  SUPABASE_SERVICE_ROLE_KEY: [32m'eyJhbGciOiJIUzI1NiIsInR5cCI6IkpXVCJ9.eyJpc3MiOiJzdXBhYmFzZSIsInJlZiI6ImR5c2VzeWJzbmdramdveGx3dGN4Iiwicm9sZSI6InNlcnZpY2Vfcm9sZSIsImlhdCI6MTc1NjM3NTg3NCwiZXhwIjoyMDcxOTUxODc0fQ.3HKGxvI6Rp2DodgwrlINUs-xgEEyg6Y4sR51eBX9FFg'[39m,
  SYSTEMDRIVE: [32m'C:'[39m,
  SYSTEMROOT: [32m'C:\\WINDOWS'[39m,
  TEMP: [32m'C:\\Users\\user\\AppData\\Local\\Temp'[39m,
  TERM_PRODUCT: [32m'Trae'[39m,
  TERM_PROGRAM: [32m'vscode'[39m,
  TERM_PROGRAM_VERSION: [32m'1.100.3'[39m,
  TEST: [32m'true'[39m,
  TINYPOOL_WORKER_ID: [32m'2'[39m,
  TMP: [32m'C:\\Users\\user\\AppData\\Local\\Temp'[39m,
  TRAE_AI_SHELL_ID: [32m'5'[39m,
  USERDOMAIN: [32m'DESKTOP-MV8OG3T'[39m,
  USERDOMAIN_ROAMINGPROFILE: [32m'DESKTOP-MV8OG3T'[39m,
  USERNAME: [32m'user'[39m,
  USERPROFILE: [32m'C:\\Users\\user'[39m,
  VITEST: [32m'true'[39m,
  VITEST_MODE: [32m'WATCH'[39m,
  VITEST_POOL_ID: [32m'2'[39m,
  VITEST_WORKER_ID: [32m'39'[39m,
  VSCODE_GIT_ASKPASS_EXTRA_ARGS: [32m''[39m,
  VSCODE_GIT_ASKPASS_MAIN: [32m'c:\\Users\\user\\AppData\\Local\\Programs\\Trae\\resources\\app\\extensions\\git\\dist\\askpass-main.js'[39m,
  VSCODE_GIT_ASKPASS_NODE: [32m'C:\\Users\\user\\AppData\\Local\\Programs\\Trae\\Trae.exe'[39m,
  VSCODE_GIT_IPC_HANDLE: [32m'\\\\.\\pipe\\vscode-git-6f459493e0-sock'[39m,
  VSCODE_INJECTION: [32m'1'[39m,
  WINDIR: [32m'C:\\WINDOWS'[39m,
  ZES_ENABLE_SYSMAN: [32m'1'[39m
}

 [32mΓ£ô[39m lib/validation.test.ts [2m([22m[2m15 tests[22m[2m)[22m[32m 30[2mms[22m[39m
 [31mΓ¥»[39m lib/votes.integration.test.ts [2m([22m[2m1 test[22m[2m | [22m[33m1 skipped[39m[2m)[22m[33m 2047[2mms[22m[39m
   [2m[90mΓåô[39m[22m submitVote (Integration)[2m > [22mshould successfully insert a new vote into the database
[90mstdout[2m | lib/utils.test.ts
[22m[39m[dotenv@17.2.2] injecting env (3) from .env.test -- tip: ΓÜÖ∩╕Å  write to custom object with { processEnv: myObject }
process.env in vitest.setup.ts: {
  AHA_CHROME_CRASHPAD_PIPE_NAME: [32m'\\\\.\\pipe\\crashpad_18040_RHHFFCJUPHGUQNBC'[39m,
  ALLUSERSPROFILE: [32m'C:\\ProgramData'[39m,
  APPDATA: [32m'C:\\Users\\user\\AppData\\Roaming'[39m,
  BASE_URL: [32m'/'[39m,
  CHOCOLATEYINSTALL: [32m'C:\\ProgramData\\chocolatey'[39m,
  CHOCOLATEYLASTPATHUPDATE: [32m'133869687020309585'[39m,
  COLOR: [32m'0'[39m,
  COLORTERM: [32m'truecolor'[39m,
  COMMONPROGRAMFILES: [32m'C:\\Program Files\\Common Files'[39m,
  [32m'COMMONPROGRAMFILES(X86)'[39m: [32m'C:\\Program Files (x86)\\Common Files'[39m,
  COMMONPROGRAMW6432: [32m'C:\\Program Files\\Common Files'[39m,
  COMPUTERNAME: [32m'DESKTOP-MV8OG3T'[39m,
  COMSPEC: [32m'C:\\WINDOWS\\system32\\cmd.exe'[39m,
  DEV: [32m'1'[39m,
  DRIVERDATA: [32m'C:\\Windows\\System32\\Drivers\\DriverData'[39m,
  EDITOR: [32m'C:\\WINDOWS\\notepad.exe'[39m,
  FORCE_TTY: [32m''[39m,
  GIT_ASKPASS: [32m'c:\\Users\\user\\AppData\\Local\\Programs\\Trae\\resources\\app\\extensions\\git\\dist\\askpass.sh'[39m,
  HOME: [32m'C:\\Users\\user'[39m,
  HOMEDRIVE: [32m'C:'[39m,
  HOMEPATH: [32m'\\Users\\user'[39m,
  INIT_CWD: [32m'C:\\Users\\user\\ALX AIFD\\polling-app'[39m,
  LANG: [32m'en_US.UTF-8'[39m,
  LOCALAPPDATA: [32m'C:\\Users\\user\\AppData\\Local'[39m,
  LOGONSERVER: [32m'\\\\DESKTOP-MV8OG3T'[39m,
  MODE: [32m'test'[39m,
  NEXT_PUBLIC_SUPABASE_ANON_KEY: [32m'eyJhbGciOiJIUzI1NiIsInR5cCI6IkpXVCJ9.eyJpc3MiOiJzdXBhYmFzZSIsInJlZiI6ImR5c2VzeWJzbmdramdveGx3dGN4Iiwicm9sZSI6ImFub24iLCJpYXQiOjE3NTYzNzU4NzQsImV4cCI6MjA3MTk1MTg3NH0.3HKGxvI6Rp2DodgwrlINUs-xgEEyg6Y4sR51eBX9FFg'[39m,
  NEXT_PUBLIC_SUPABASE_URL: [32m'https://dysesybsngkjgoxlwtcx.supabase.co'[39m,
  NODE: [32m'C:\\Program Files\\nodejs\\node.exe'[39m,
  NODE_ENV: [32m'test'[39m,
  NPM_COMMAND: [32m'test'[39m,
  NPM_CONFIG_CACHE: [32m'C:\\Users\\user\\AppData\\Local\\npm-cache'[39m,
  NPM_CONFIG_GLOBALCONFIG: [32m'C:\\Users\\user\\AppData\\Roaming\\npm\\etc\\npmrc'[39m,
  NPM_CONFIG_GLOBAL_PREFIX: [32m'C:\\Users\\user\\AppData\\Roaming\\npm'[39m,
  NPM_CONFIG_INIT_MODULE: [32m'C:\\Users\\user\\.npm-init.js'[39m,
  NPM_CONFIG_LOCAL_PREFIX: [32m'C:\\Users\\user\\ALX AIFD\\polling-app'[39m,
  NPM_CONFIG_NODE_GYP: [32m'C:\\Users\\user\\AppData\\Roaming\\npm\\node_modules\\npm\\node_modules\\node-gyp\\bin\\node-gyp.js'[39m,
  NPM_CONFIG_NOPROXY: [32m''[39m,
  NPM_CONFIG_NPM_VERSION: [32m'11.2.0'[39m,
  NPM_CONFIG_PREFIX: [32m'C:\\Users\\user\\AppData\\Roaming\\npm'[39m,
  NPM_CONFIG_USERCONFIG: [32m'C:\\Users\\user\\.npmrc'[39m,
  NPM_CONFIG_USER_AGENT: [32m'npm/11.2.0 node/v22.14.0 win32 x64 workspaces/false'[39m,
  NPM_EXECPATH: [32m'C:\\Users\\user\\AppData\\Roaming\\npm\\node_modules\\npm\\bin\\npm-cli.js'[39m,
  NPM_LIFECYCLE_EVENT: [32m'test'[39m,
  NPM_LIFECYCLE_SCRIPT: [32m'vitest'[39m,
  NPM_NODE_EXECPATH: [32m'C:\\Program Files\\nodejs\\node.exe'[39m,
  NPM_PACKAGE_JSON: [32m'C:\\Users\\user\\ALX AIFD\\polling-app\\package.json'[39m,
  NPM_PACKAGE_NAME: [32m'polling-app'[39m,
  NPM_PACKAGE_VERSION: [32m'0.1.0'[39m,
  NUMBER_OF_PROCESSORS: [32m'4'[39m,
  ONEDRIVE: [32m'C:\\Users\\user\\OneDrive'[39m,
  ONEDRIVECONSUMER: [32m'C:\\Users\\user\\OneDrive'[39m,
  ORIGINAL_XDG_CURRENT_DESKTOP: [32m'undefined'[39m,
  OS: [32m'Windows_NT'[39m,
  PATH: [32m'C:\\Users\\user\\ALX AIFD\\polling-app\\node_modules\\.bin;C:\\Users\\user\\ALX AIFD\\node_modules\\.bin;C:\\Users\\user\\node_modules\\.bin;C:\\Users\\node_modules\\.bin;C:\\node_modules\\.bin;C:\\Users\\user\\AppData\\Roaming\\npm\\node_modules\\npm\\node_modules\\@npmcli\\run-script\\lib\\node-gyp-bin;c:\\\\Users\\\\user\\\\.trae\\\\sdks\\\\workspaces\\\\46f76df8\\\\versions\\\\node\\\\current;c:\\\\Users\\\\user\\\\.trae\\\\sdks\\\\versions\\\\node\\\\current;c:\\Users\\user\\.trae\\sdks\\workspaces\\46f76df8\\versions\\node\\current;c:\\Users\\user\\.trae\\sdks\\versions\\node\\current;c:\\Users\\user\\AppData\\Local\\Programs\\cursor\\resources\\app\\bin;C:\\Program Files\\Google\\Chrome\\Application;C:\\WINDOWS\\system32;C:\\WINDOWS;C:\\WINDOWS\\System32\\Wbem;C:\\WINDOWS\\System32\\WindowsPowerShell\\v1.0\\;C:\\WINDOWS\\System32\\OpenSSH\\;C:\\Program Files (x86)\\Windows Kits\\10\\Windows Performance Toolkit\\;C:\\Program Files\\Git\\cmd;C:\\ProgramData\\chocolatey\\bin;C:\\Program Files\\nodejs;C:\\Users\\user\\AppData\\Roaming\\npm;C:\\Users\\user\\AppData\\Local\\Microsoft\\WindowsApps;C:\\Users\\user\\AppData\\Local\\Programs\\Ollama;C:\\flutter\\src\\flutter\\bin;C:\\Users\\user\\AppData\\Roaming\\npm;c:\\Users\\user\\AppData\\Local\\Programs\\cursor\\resources\\app\\bin;c:\\Users\\user\\AppData\\Local\\Programs\\cursor\\resources\\app\\bin;c:\\Users\\user\\AppData\\Local\\Programs\\Trae\\bin;C:\\Program Files\\MySQL\\MySQL Shell 8.0\\bin\\;C:\\Users\\user\\AppData\\Local\\Microsoft\\WindowsApps;C:\\Users\\user\\AppData\\Local\\Programs\\Ollama;C:\\Users\\user\\AppData\\Local\\Programs\\Microsoft VS Code\\bin;C:\\flutter\\src\\flutter\\bin;C:\\Users\\user\\AppData\\Roaming\\npm;C:\\Users\\user\\AppData\\Local\\Programs\\cursor\\resources\\app\\bin;C:\\Users\\user\\Downloads\\mysql-8.0.42-winx64\\bin;;C:\\Users\\user\\.bun\\bin'[39m,
  PATHEXT: [32m'.COM;.EXE;.BAT;.CMD;.VBS;.VBE;.JS;.JSE;.WSF;.WSH;.MSC;.CPL'[39m,
  PROCESSOR_ARCHITECTURE: [32m'AMD64'[39m,
  PROCESSOR_IDENTIFIER: [32m'Intel64 Family 6 Model 142 Stepping 9, GenuineIntel'[39m,
  PROCESSOR_LEVEL: [32m'6'[39m,
  PROCESSOR_REVISION: [32m'8e09'[39m,
  PROD: [32m''[39m,
  PROGRAMDATA: [32m'C:\\ProgramData'[39m,
  PROGRAMFILES: [32m'C:\\Program Files'[39m,
  [32m'PROGRAMFILES(X86)'[39m: [32m'C:\\Program Files (x86)'[39m,
  PROGRAMW6432: [32m'C:\\Program Files'[39m,
  PROMPT: [32m'$P$G'[39m,
  PSMODULEPATH: [32m'C:\\Users\\user\\OneDrive\\Documents\\WindowsPowerShell\\Modules;C:\\Program Files\\WindowsPowerShell\\Modules;C:\\WINDOWS\\system32\\WindowsPowerShell\\v1.0\\Modules'[39m,
  PUBLIC: [32m'C:\\Users\\Public'[39m,
  SESSIONNAME: [32m'Console'[39m,
  SSR: [32m''[39m,
  SUPABASE_SERVICE_ROLE_KEY: [32m'eyJhbGciOiJIUzI1NiIsInR5cCI6IkpXVCJ9.eyJpc3MiOiJzdXBhYmFzZSIsInJlZiI6ImR5c2VzeWJzbmdramdveGx3dGN4Iiwicm9sZSI6InNlcnZpY2Vfcm9sZSIsImlhdCI6MTc1NjM3NTg3NCwiZXhwIjoyMDcxOTUxODc0fQ.3HKGxvI6Rp2DodgwrlINUs-xgEEyg6Y4sR51eBX9FFg'[39m,
  SYSTEMDRIVE: [32m'C:'[39m,
  SYSTEMROOT: [32m'C:\\WINDOWS'[39m,
  TEMP: [32m'C:\\Users\\user\\AppData\\Local\\Temp'[39m,
  TERM_PRODUCT: [32m'Trae'[39m,
  TERM_PROGRAM: [32m'vscode'[39m,
  TERM_PROGRAM_VERSION: [32m'1.100.3'[39m,
  TEST: [32m'true'[39m,
  TINYPOOL_WORKER_ID: [32m'2'[39m,
  TMP: [32m'C:\\Users\\user\\AppData\\Local\\Temp'[39m,
  TRAE_AI_SHELL_ID: [32m'5'[39m,
  USERDOMAIN: [32m'DESKTOP-MV8OG3T'[39m,
  USERDOMAIN_ROAMINGPROFILE: [32m'DESKTOP-MV8OG3T'[39m,
  USERNAME: [32m'user'[39m,
  USERPROFILE: [32m'C:\\Users\\user'[39m,
  VITEST: [32m'true'[39m,
  VITEST_MODE: [32m'WATCH'[39m,
  VITEST_POOL_ID: [32m'2'[39m,
  VITEST_WORKER_ID: [32m'40'[39m,
  VSCODE_GIT_ASKPASS_EXTRA_ARGS: [32m''[39m,
  VSCODE_GIT_ASKPASS_MAIN: [32m'c:\\Users\\user\\AppData\\Local\\Programs\\Trae\\resources\\app\\extensions\\git\\dist\\askpass-main.js'[39m,
  VSCODE_GIT_ASKPASS_NODE: [32m'C:\\Users\\user\\AppData\\Local\\Programs\\Trae\\Trae.exe'[39m,
  VSCODE_GIT_IPC_HANDLE: [32m'\\\\.\\pipe\\vscode-git-6f459493e0-sock'[39m,
  VSCODE_INJECTION: [32m'1'[39m,
  WINDIR: [32m'C:\\WINDOWS'[39m,
  ZES_ENABLE_SYSMAN: [32m'1'[39m
}

 [32mΓ£ô[39m lib/utils.test.ts [2m([22m[2m2 tests[22m[2m)[22m[32m 12[2mms[22m[39m

[31mΓÄ»ΓÄ»ΓÄ»ΓÄ»ΓÄ»ΓÄ»[39m[1m[41m Failed Suites 1 
[49m[22m[31mΓÄ»ΓÄ»ΓÄ»ΓÄ»ΓÄ»ΓÄ»ΓÄ»[39m

[41m[1m FAIL [22m[49m 
lib/votes.integration.test.ts[2m > [22msubmitVote 
(Integration)
[31m[1mUnknown Error[22m: Invalid API key[39m
[31m[2mΓÄ»ΓÄ»ΓÄ»ΓÄ»ΓÄ»ΓÄ»ΓÄ»ΓÄ»ΓÄ»ΓÄ»ΓÄ»ΓÄ»ΓÄ»ΓÄ»ΓÄ»ΓÄ»ΓÄ
»ΓÄ»ΓÄ»ΓÄ»ΓÄ»ΓÄ»ΓÄ»ΓÄ»[1/1]ΓÄ»[22m[39m


[2m Test Files [22m [1m[31m1 failed[39m[22m[2m | [22m[1m[32m2 passed[39m[22m[90m (3)[39m
[2m      Tests [22m [1m[32m17 passed[39m[22m[2m | [22m[33m1 skipped[39m[90m (18)[39m
[2m   Start at [22m 20:23:11
[2m   Duration [22m 6.52s

[1m[41m FAIL [49m[22m [31mTests failed. Watching for file changes...[39m
       [2mpress [22m[1mh[22m[2m to show help[22m[2m, [22m[2mpress [22m[1mq[22m[2m to quit[22m
c[3J[1m[44m RERUN [49m[22m [34m[2mpackage.json [22m[39m

[90mstdout[2m | lib/votes.integration.test.ts
[22m[39m[dotenv@17.2.2] injecting env (3) from .env.test -- tip: ≡ƒöÉ prevent committing .env to code: https://dotenvx.com/precommit
process.env in vitest.setup.ts: {
  AHA_CHROME_CRASHPAD_PIPE_NAME: [32m'\\\\.\\pipe\\crashpad_18040_RHHFFCJUPHGUQNBC'[39m,
  ALLUSERSPROFILE: [32m'C:\\ProgramData'[39m,
  APPDATA: [32m'C:\\Users\\user\\AppData\\Roaming'[39m,
  BASE_URL: [32m'/'[39m,
  CHOCOLATEYINSTALL: [32m'C:\\ProgramData\\chocolatey'[39m,
  CHOCOLATEYLASTPATHUPDATE: [32m'133869687020309585'[39m,
  COLOR: [32m'0'[39m,
  COLORTERM: [32m'truecolor'[39m,
  COMMONPROGRAMFILES: [32m'C:\\Program Files\\Common Files'[39m,
  [32m'COMMONPROGRAMFILES(X86)'[39m: [32m'C:\\Program Files (x86)\\Common Files'[39m,
  COMMONPROGRAMW6432: [32m'C:\\Program Files\\Common Files'[39m,
  COMPUTERNAME: [32m'DESKTOP-MV8OG3T'[39m,
  COMSPEC: [32m'C:\\WINDOWS\\system32\\cmd.exe'[39m,
  DEV: [32m'1'[39m,
  DRIVERDATA: [32m'C:\\Windows\\System32\\Drivers\\DriverData'[39m,
  EDITOR: [32m'C:\\WINDOWS\\notepad.exe'[39m,
  FORCE_TTY: [32m''[39m,
  GIT_ASKPASS: [32m'c:\\Users\\user\\AppData\\Local\\Programs\\Trae\\resources\\app\\extensions\\git\\dist\\askpass.sh'[39m,
  HOME: [32m'C:\\Users\\user'[39m,
  HOMEDRIVE: [32m'C:'[39m,
  HOMEPATH: [32m'\\Users\\user'[39m,
  INIT_CWD: [32m'C:\\Users\\user\\ALX AIFD\\polling-app'[39m,
  LANG: [32m'en_US.UTF-8'[39m,
  LOCALAPPDATA: [32m'C:\\Users\\user\\AppData\\Local'[39m,
  LOGONSERVER: [32m'\\\\DESKTOP-MV8OG3T'[39m,
  MODE: [32m'test'[39m,
  NEXT_PUBLIC_SUPABASE_ANON_KEY: [32m'eyJhbGciOiJIUzI1NiIsInR5cCI6IkpXVCJ9.eyJpc3MiOiJzdXBhYmFzZSIsInJlZiI6ImR5c2VzeWJzbmdramdveGx3dGN4Iiwicm9sZSI6ImFub24iLCJpYXQiOjE3NTYzNzU4NzQsImV4cCI6MjA3MTk1MTg3NH0.3HKGxvI6Rp2DodgwrlINUs-xgEEyg6Y4sR51eBX9FFg'[39m,
  NEXT_PUBLIC_SUPABASE_URL: [32m'https://dysesybsngkjgoxlwtcx.supabase.co'[39m,
  NODE: [32m'C:\\Program Files\\nodejs\\node.exe'[39m,
  NODE_ENV: [32m'test'[39m,
  NPM_COMMAND: [32m'test'[39m,
  NPM_CONFIG_CACHE: [32m'C:\\Users\\user\\AppData\\Local\\npm-cache'[39m,
  NPM_CONFIG_GLOBALCONFIG: [32m'C:\\Users\\user\\AppData\\Roaming\\npm\\etc\\npmrc'[39m,
  NPM_CONFIG_GLOBAL_PREFIX: [32m'C:\\Users\\user\\AppData\\Roaming\\npm'[39m,
  NPM_CONFIG_INIT_MODULE: [32m'C:\\Users\\user\\.npm-init.js'[39m,
  NPM_CONFIG_LOCAL_PREFIX: [32m'C:\\Users\\user\\ALX AIFD\\polling-app'[39m,
  NPM_CONFIG_NODE_GYP: [32m'C:\\Users\\user\\AppData\\Roaming\\npm\\node_modules\\npm\\node_modules\\node-gyp\\bin\\node-gyp.js'[39m,
  NPM_CONFIG_NOPROXY: [32m''[39m,
  NPM_CONFIG_NPM_VERSION: [32m'11.2.0'[39m,
  NPM_CONFIG_PREFIX: [32m'C:\\Users\\user\\AppData\\Roaming\\npm'[39m,
  NPM_CONFIG_USERCONFIG: [32m'C:\\Users\\user\\.npmrc'[39m,
  NPM_CONFIG_USER_AGENT: [32m'npm/11.2.0 node/v22.14.0 win32 x64 workspaces/false'[39m,
  NPM_EXECPATH: [32m'C:\\Users\\user\\AppData\\Roaming\\npm\\node_modules\\npm\\bin\\npm-cli.js'[39m,
  NPM_LIFECYCLE_EVENT: [32m'test'[39m,
  NPM_LIFECYCLE_SCRIPT: [32m'vitest'[39m,
  NPM_NODE_EXECPATH: [32m'C:\\Program Files\\nodejs\\node.exe'[39m,
  NPM_PACKAGE_JSON: [32m'C:\\Users\\user\\ALX AIFD\\polling-app\\package.json'[39m,
  NPM_PACKAGE_NAME: [32m'polling-app'[39m,
  NPM_PACKAGE_VERSION: [32m'0.1.0'[39m,
  NUMBER_OF_PROCESSORS: [32m'4'[39m,
  ONEDRIVE: [32m'C:\\Users\\user\\OneDrive'[39m,
  ONEDRIVECONSUMER: [32m'C:\\Users\\user\\OneDrive'[39m,
  ORIGINAL_XDG_CURRENT_DESKTOP: [32m'undefined'[39m,
  OS: [32m'Windows_NT'[39m,
  PATH: [32m'C:\\Users\\user\\ALX AIFD\\polling-app\\node_modules\\.bin;C:\\Users\\user\\ALX AIFD\\node_modules\\.bin;C:\\Users\\user\\node_modules\\.bin;C:\\Users\\node_modules\\.bin;C:\\node_modules\\.bin;C:\\Users\\user\\AppData\\Roaming\\npm\\node_modules\\npm\\node_modules\\@npmcli\\run-script\\lib\\node-gyp-bin;c:\\\\Users\\\\user\\\\.trae\\\\sdks\\\\workspaces\\\\46f76df8\\\\versions\\\\node\\\\current;c:\\\\Users\\\\user\\\\.trae\\\\sdks\\\\versions\\\\node\\\\current;c:\\Users\\user\\.trae\\sdks\\workspaces\\46f76df8\\versions\\node\\current;c:\\Users\\user\\.trae\\sdks\\versions\\node\\current;c:\\Users\\user\\AppData\\Local\\Programs\\cursor\\resources\\app\\bin;C:\\Program Files\\Google\\Chrome\\Application;C:\\WINDOWS\\system32;C:\\WINDOWS;C:\\WINDOWS\\System32\\Wbem;C:\\WINDOWS\\System32\\WindowsPowerShell\\v1.0\\;C:\\WINDOWS\\System32\\OpenSSH\\;C:\\Program Files (x86)\\Windows Kits\\10\\Windows Performance Toolkit\\;C:\\Program Files\\Git\\cmd;C:\\ProgramData\\chocolatey\\bin;C:\\Program Files\\nodejs;C:\\Users\\user\\AppData\\Roaming\\npm;C:\\Users\\user\\AppData\\Local\\Microsoft\\WindowsApps;C:\\Users\\user\\AppData\\Local\\Programs\\Ollama;C:\\flutter\\src\\flutter\\bin;C:\\Users\\user\\AppData\\Roaming\\npm;c:\\Users\\user\\AppData\\Local\\Programs\\cursor\\resources\\app\\bin;c:\\Users\\user\\AppData\\Local\\Programs\\cursor\\resources\\app\\bin;c:\\Users\\user\\AppData\\Local\\Programs\\Trae\\bin;C:\\Program Files\\MySQL\\MySQL Shell 8.0\\bin\\;C:\\Users\\user\\AppData\\Local\\Microsoft\\WindowsApps;C:\\Users\\user\\AppData\\Local\\Programs\\Ollama;C:\\Users\\user\\AppData\\Local\\Programs\\Microsoft VS Code\\bin;C:\\flutter\\src\\flutter\\bin;C:\\Users\\user\\AppData\\Roaming\\npm;C:\\Users\\user\\AppData\\Local\\Programs\\cursor\\resources\\app\\bin;C:\\Users\\user\\Downloads\\mysql-8.0.42-winx64\\bin;;C:\\Users\\user\\.bun\\bin'[39m,
  PATHEXT: [32m'.COM;.EXE;.BAT;.CMD;.VBS;.VBE;.JS;.JSE;.WSF;.WSH;.MSC;.CPL'[39m,
  PROCESSOR_ARCHITECTURE: [32m'AMD64'[39m,
  PROCESSOR_IDENTIFIER: [32m'Intel64 Family 6 Model 142 Stepping 9, GenuineIntel'[39m,
  PROCESSOR_LEVEL: [32m'6'[39m,
  PROCESSOR_REVISION: [32m'8e09'[39m,
  PROD: [32m''[39m,
  PROGRAMDATA: [32m'C:\\ProgramData'[39m,
  PROGRAMFILES: [32m'C:\\Program Files'[39m,
  [32m'PROGRAMFILES(X86)'[39m: [32m'C:\\Program Files (x86)'[39m,
  PROGRAMW6432: [32m'C:\\Program Files'[39m,
  PROMPT: [32m'$P$G'[39m,
  PSMODULEPATH: [32m'C:\\Users\\user\\OneDrive\\Documents\\WindowsPowerShell\\Modules;C:\\Program Files\\WindowsPowerShell\\Modules;C:\\WINDOWS\\system32\\WindowsPowerShell\\v1.0\\Modules'[39m,
  PUBLIC: [32m'C:\\Users\\Public'[39m,
  SESSIONNAME: [32m'Console'[39m,
  SSR: [32m''[39m,
  SUPABASE_SERVICE_ROLE_KEY: [32m'eyJhbGciOiJIUzI1NiIsInR5cCI6IkpXVCJ9.eyJpc3MiOiJzdXBhYmFzZSIsInJlZiI6ImR5c2VzeWJzbmdramdveGx3dGN4Iiwicm9sZSI6InNlcnZpY2Vfcm9sZSIsImlhdCI6MTc1NjM3NTg3NCwiZXhwIjoyMDcxOTUxODc0fQ.3HKGxvI6Rp2DodgwrlINUs-xgEEyg6Y4sR51eBX9FFg'[39m,
  SYSTEMDRIVE: [32m'C:'[39m,
  SYSTEMROOT: [32m'C:\\WINDOWS'[39m,
  TEMP: [32m'C:\\Users\\user\\AppData\\Local\\Temp'[39m,
  TERM_PRODUCT: [32m'Trae'[39m,
  TERM_PROGRAM: [32m'vscode'[39m,
  TERM_PROGRAM_VERSION: [32m'1.100.3'[39m,
  TEST: [32m'true'[39m,
  TINYPOOL_WORKER_ID: [32m'1'[39m,
  TMP: [32m'C:\\Users\\user\\AppData\\Local\\Temp'[39m,
  TRAE_AI_SHELL_ID: [32m'5'[39m,
  USERDOMAIN: [32m'DESKTOP-MV8OG3T'[39m,
  USERDOMAIN_ROAMINGPROFILE: [32m'DESKTOP-MV8OG3T'[39m,
  USERNAME: [32m'user'[39m,
  USERPROFILE: [32m'C:\\Users\\user'[39m,
  VITEST: [32m'true'[39m,
  VITEST_MODE: [32m'WATCH'[39m,
  VITEST_POOL_ID: [32m'1'[39m,
  VITEST_WORKER_ID: [32m'41'[39m,
  VSCODE_GIT_ASKPASS_EXTRA_ARGS: [32m''[39m,
  VSCODE_GIT_ASKPASS_MAIN: [32m'c:\\Users\\user\\AppData\\Local\\Programs\\Trae\\resources\\app\\extensions\\git\\dist\\askpass-main.js'[39m,
  VSCODE_GIT_ASKPASS_NODE: [32m'C:\\Users\\user\\AppData\\Local\\Programs\\Trae\\Trae.exe'[39m,
  VSCODE_GIT_IPC_HANDLE: [32m'\\\\.\\pipe\\vscode-git-6f459493e0-sock'[39m,
  VSCODE_INJECTION: [32m'1'[39m,
  WINDIR: [32m'C:\\WINDOWS'[39m,
  ZES_ENABLE_SYSMAN: [32m'1'[39m
}

[90mstdout[2m | lib/validation.test.ts
[22m[39m[dotenv@17.2.2] injecting env (3) from .env.test -- tip: ≡ƒ¢á∩╕Å  run anywhere with `dotenvx run -- yourcommand`
process.env in vitest.setup.ts: {
  AHA_CHROME_CRASHPAD_PIPE_NAME: [32m'\\\\.\\pipe\\crashpad_18040_RHHFFCJUPHGUQNBC'[39m,
  ALLUSERSPROFILE: [32m'C:\\ProgramData'[39m,
  APPDATA: [32m'C:\\Users\\user\\AppData\\Roaming'[39m,
  BASE_URL: [32m'/'[39m,
  CHOCOLATEYINSTALL: [32m'C:\\ProgramData\\chocolatey'[39m,
  CHOCOLATEYLASTPATHUPDATE: [32m'133869687020309585'[39m,
  COLOR: [32m'0'[39m,
  COLORTERM: [32m'truecolor'[39m,
  COMMONPROGRAMFILES: [32m'C:\\Program Files\\Common Files'[39m,
  [32m'COMMONPROGRAMFILES(X86)'[39m: [32m'C:\\Program Files (x86)\\Common Files'[39m,
  COMMONPROGRAMW6432: [32m'C:\\Program Files\\Common Files'[39m,
  COMPUTERNAME: [32m'DESKTOP-MV8OG3T'[39m,
  COMSPEC: [32m'C:\\WINDOWS\\system32\\cmd.exe'[39m,
  DEV: [32m'1'[39m,
  DRIVERDATA: [32m'C:\\Windows\\System32\\Drivers\\DriverData'[39m,
  EDITOR: [32m'C:\\WINDOWS\\notepad.exe'[39m,
  FORCE_TTY: [32m''[39m,
  GIT_ASKPASS: [32m'c:\\Users\\user\\AppData\\Local\\Programs\\Trae\\resources\\app\\extensions\\git\\dist\\askpass.sh'[39m,
  HOME: [32m'C:\\Users\\user'[39m,
  HOMEDRIVE: [32m'C:'[39m,
  HOMEPATH: [32m'\\Users\\user'[39m,
  INIT_CWD: [32m'C:\\Users\\user\\ALX AIFD\\polling-app'[39m,
  LANG: [32m'en_US.UTF-8'[39m,
  LOCALAPPDATA: [32m'C:\\Users\\user\\AppData\\Local'[39m,
  LOGONSERVER: [32m'\\\\DESKTOP-MV8OG3T'[39m,
  MODE: [32m'test'[39m,
  NEXT_PUBLIC_SUPABASE_ANON_KEY: [32m'eyJhbGciOiJIUzI1NiIsInR5cCI6IkpXVCJ9.eyJpc3MiOiJzdXBhYmFzZSIsInJlZiI6ImR5c2VzeWJzbmdramdveGx3dGN4Iiwicm9sZSI6ImFub24iLCJpYXQiOjE3NTYzNzU4NzQsImV4cCI6MjA3MTk1MTg3NH0.3HKGxvI6Rp2DodgwrlINUs-xgEEyg6Y4sR51eBX9FFg'[39m,
  NEXT_PUBLIC_SUPABASE_URL: [32m'https://dysesybsngkjgoxlwtcx.supabase.co'[39m,
  NODE: [32m'C:\\Program Files\\nodejs\\node.exe'[39m,
  NODE_ENV: [32m'test'[39m,
  NPM_COMMAND: [32m'test'[39m,
  NPM_CONFIG_CACHE: [32m'C:\\Users\\user\\AppData\\Local\\npm-cache'[39m,
  NPM_CONFIG_GLOBALCONFIG: [32m'C:\\Users\\user\\AppData\\Roaming\\npm\\etc\\npmrc'[39m,
  NPM_CONFIG_GLOBAL_PREFIX: [32m'C:\\Users\\user\\AppData\\Roaming\\npm'[39m,
  NPM_CONFIG_INIT_MODULE: [32m'C:\\Users\\user\\.npm-init.js'[39m,
  NPM_CONFIG_LOCAL_PREFIX: [32m'C:\\Users\\user\\ALX AIFD\\polling-app'[39m,
  NPM_CONFIG_NODE_GYP: [32m'C:\\Users\\user\\AppData\\Roaming\\npm\\node_modules\\npm\\node_modules\\node-gyp\\bin\\node-gyp.js'[39m,
  NPM_CONFIG_NOPROXY: [32m''[39m,
  NPM_CONFIG_NPM_VERSION: [32m'11.2.0'[39m,
  NPM_CONFIG_PREFIX: [32m'C:\\Users\\user\\AppData\\Roaming\\npm'[39m,
  NPM_CONFIG_USERCONFIG: [32m'C:\\Users\\user\\.npmrc'[39m,
  NPM_CONFIG_USER_AGENT: [32m'npm/11.2.0 node/v22.14.0 win32 x64 workspaces/false'[39m,
  NPM_EXECPATH: [32m'C:\\Users\\user\\AppData\\Roaming\\npm\\node_modules\\npm\\bin\\npm-cli.js'[39m,
  NPM_LIFECYCLE_EVENT: [32m'test'[39m,
  NPM_LIFECYCLE_SCRIPT: [32m'vitest'[39m,
  NPM_NODE_EXECPATH: [32m'C:\\Program Files\\nodejs\\node.exe'[39m,
  NPM_PACKAGE_JSON: [32m'C:\\Users\\user\\ALX AIFD\\polling-app\\package.json'[39m,
  NPM_PACKAGE_NAME: [32m'polling-app'[39m,
  NPM_PACKAGE_VERSION: [32m'0.1.0'[39m,
  NUMBER_OF_PROCESSORS: [32m'4'[39m,
  ONEDRIVE: [32m'C:\\Users\\user\\OneDrive'[39m,
  ONEDRIVECONSUMER: [32m'C:\\Users\\user\\OneDrive'[39m,
  ORIGINAL_XDG_CURRENT_DESKTOP: [32m'undefined'[39m,
  OS: [32m'Windows_NT'[39m,
  PATH: [32m'C:\\Users\\user\\ALX AIFD\\polling-app\\node_modules\\.bin;C:\\Users\\user\\ALX AIFD\\node_modules\\.bin;C:\\Users\\user\\node_modules\\.bin;C:\\Users\\node_modules\\.bin;C:\\node_modules\\.bin;C:\\Users\\user\\AppData\\Roaming\\npm\\node_modules\\npm\\node_modules\\@npmcli\\run-script\\lib\\node-gyp-bin;c:\\\\Users\\\\user\\\\.trae\\\\sdks\\\\workspaces\\\\46f76df8\\\\versions\\\\node\\\\current;c:\\\\Users\\\\user\\\\.trae\\\\sdks\\\\versions\\\\node\\\\current;c:\\Users\\user\\.trae\\sdks\\workspaces\\46f76df8\\versions\\node\\current;c:\\Users\\user\\.trae\\sdks\\versions\\node\\current;c:\\Users\\user\\AppData\\Local\\Programs\\cursor\\resources\\app\\bin;C:\\Program Files\\Google\\Chrome\\Application;C:\\WINDOWS\\system32;C:\\WINDOWS;C:\\WINDOWS\\System32\\Wbem;C:\\WINDOWS\\System32\\WindowsPowerShell\\v1.0\\;C:\\WINDOWS\\System32\\OpenSSH\\;C:\\Program Files (x86)\\Windows Kits\\10\\Windows Performance Toolkit\\;C:\\Program Files\\Git\\cmd;C:\\ProgramData\\chocolatey\\bin;C:\\Program Files\\nodejs;C:\\Users\\user\\AppData\\Roaming\\npm;C:\\Users\\user\\AppData\\Local\\Microsoft\\WindowsApps;C:\\Users\\user\\AppData\\Local\\Programs\\Ollama;C:\\flutter\\src\\flutter\\bin;C:\\Users\\user\\AppData\\Roaming\\npm;c:\\Users\\user\\AppData\\Local\\Programs\\cursor\\resources\\app\\bin;c:\\Users\\user\\AppData\\Local\\Programs\\cursor\\resources\\app\\bin;c:\\Users\\user\\AppData\\Local\\Programs\\Trae\\bin;C:\\Program Files\\MySQL\\MySQL Shell 8.0\\bin\\;C:\\Users\\user\\AppData\\Local\\Microsoft\\WindowsApps;C:\\Users\\user\\AppData\\Local\\Programs\\Ollama;C:\\Users\\user\\AppData\\Local\\Programs\\Microsoft VS Code\\bin;C:\\flutter\\src\\flutter\\bin;C:\\Users\\user\\AppData\\Roaming\\npm;C:\\Users\\user\\AppData\\Local\\Programs\\cursor\\resources\\app\\bin;C:\\Users\\user\\Downloads\\mysql-8.0.42-winx64\\bin;;C:\\Users\\user\\.bun\\bin'[39m,
  PATHEXT: [32m'.COM;.EXE;.BAT;.CMD;.VBS;.VBE;.JS;.JSE;.WSF;.WSH;.MSC;.CPL'[39m,
  PROCESSOR_ARCHITECTURE: [32m'AMD64'[39m,
  PROCESSOR_IDENTIFIER: [32m'Intel64 Family 6 Model 142 Stepping 9, GenuineIntel'[39m,
  PROCESSOR_LEVEL: [32m'6'[39m,
  PROCESSOR_REVISION: [32m'8e09'[39m,
  PROD: [32m''[39m,
  PROGRAMDATA: [32m'C:\\ProgramData'[39m,
  PROGRAMFILES: [32m'C:\\Program Files'[39m,
  [32m'PROGRAMFILES(X86)'[39m: [32m'C:\\Program Files (x86)'[39m,
  PROGRAMW6432: [32m'C:\\Program Files'[39m,
  PROMPT: [32m'$P$G'[39m,
  PSMODULEPATH: [32m'C:\\Users\\user\\OneDrive\\Documents\\WindowsPowerShell\\Modules;C:\\Program Files\\WindowsPowerShell\\Modules;C:\\WINDOWS\\system32\\WindowsPowerShell\\v1.0\\Modules'[39m,
  PUBLIC: [32m'C:\\Users\\Public'[39m,
  SESSIONNAME: [32m'Console'[39m,
  SSR: [32m''[39m,
  SUPABASE_SERVICE_ROLE_KEY: [32m'eyJhbGciOiJIUzI1NiIsInR5cCI6IkpXVCJ9.eyJpc3MiOiJzdXBhYmFzZSIsInJlZiI6ImR5c2VzeWJzbmdramdveGx3dGN4Iiwicm9sZSI6InNlcnZpY2Vfcm9sZSIsImlhdCI6MTc1NjM3NTg3NCwiZXhwIjoyMDcxOTUxODc0fQ.3HKGxvI6Rp2DodgwrlINUs-xgEEyg6Y4sR51eBX9FFg'[39m,
  SYSTEMDRIVE: [32m'C:'[39m,
  SYSTEMROOT: [32m'C:\\WINDOWS'[39m,
  TEMP: [32m'C:\\Users\\user\\AppData\\Local\\Temp'[39m,
  TERM_PRODUCT: [32m'Trae'[39m,
  TERM_PROGRAM: [32m'vscode'[39m,
  TERM_PROGRAM_VERSION: [32m'1.100.3'[39m,
  TEST: [32m'true'[39m,
  TINYPOOL_WORKER_ID: [32m'2'[39m,
  TMP: [32m'C:\\Users\\user\\AppData\\Local\\Temp'[39m,
  TRAE_AI_SHELL_ID: [32m'5'[39m,
  USERDOMAIN: [32m'DESKTOP-MV8OG3T'[39m,
  USERDOMAIN_ROAMINGPROFILE: [32m'DESKTOP-MV8OG3T'[39m,
  USERNAME: [32m'user'[39m,
  USERPROFILE: [32m'C:\\Users\\user'[39m,
  VITEST: [32m'true'[39m,
  VITEST_MODE: [32m'WATCH'[39m,
  VITEST_POOL_ID: [32m'2'[39m,
  VITEST_WORKER_ID: [32m'42'[39m,
  VSCODE_GIT_ASKPASS_EXTRA_ARGS: [32m''[39m,
  VSCODE_GIT_ASKPASS_MAIN: [32m'c:\\Users\\user\\AppData\\Local\\Programs\\Trae\\resources\\app\\extensions\\git\\dist\\askpass-main.js'[39m,
  VSCODE_GIT_ASKPASS_NODE: [32m'C:\\Users\\user\\AppData\\Local\\Programs\\Trae\\Trae.exe'[39m,
  VSCODE_GIT_IPC_HANDLE: [32m'\\\\.\\pipe\\vscode-git-6f459493e0-sock'[39m,
  VSCODE_INJECTION: [32m'1'[39m,
  WINDIR: [32m'C:\\WINDOWS'[39m,
  ZES_ENABLE_SYSMAN: [32m'1'[39m
}

[90mstderr[2m | lib/votes.integration.test.ts
[22m[39mMultiple GoTrueClient instances detected in the 
same browser context. It is not an error, but this should 
be avoided as it may produce undefined behavior when used 
concurrently under the same storage key.

 [32mΓ£ô[39m lib/validation.test.ts [2m([22m[2m15 tests[22m[2m)[22m[32m 27[2mms[22m[39m
 [31mΓ¥»[39m lib/votes.integration.test.ts [2m([22m[2m1 test[22m[2m | [22m[33m1 skipped[39m[2m)[22m[33m 1875[2mms[22m[39m
   [2m[90mΓåô[39m[22m submitVote (Integration)[2m > [22mshould successfully insert a new vote into the database
[90mstdout[2m | lib/utils.test.ts
[22m[39m[dotenv@17.2.2] injecting env (3) from .env.test -- tip: ΓÜÖ∩╕Å  write to custom object with { processEnv: myObject }
process.env in vitest.setup.ts: {
  AHA_CHROME_CRASHPAD_PIPE_NAME: [32m'\\\\.\\pipe\\crashpad_18040_RHHFFCJUPHGUQNBC'[39m,
  ALLUSERSPROFILE: [32m'C:\\ProgramData'[39m,
  APPDATA: [32m'C:\\Users\\user\\AppData\\Roaming'[39m,
  BASE_URL: [32m'/'[39m,
  CHOCOLATEYINSTALL: [32m'C:\\ProgramData\\chocolatey'[39m,
  CHOCOLATEYLASTPATHUPDATE: [32m'133869687020309585'[39m,
  COLOR: [32m'0'[39m,
  COLORTERM: [32m'truecolor'[39m,
  COMMONPROGRAMFILES: [32m'C:\\Program Files\\Common Files'[39m,
  [32m'COMMONPROGRAMFILES(X86)'[39m: [32m'C:\\Program Files (x86)\\Common Files'[39m,
  COMMONPROGRAMW6432: [32m'C:\\Program Files\\Common Files'[39m,
  COMPUTERNAME: [32m'DESKTOP-MV8OG3T'[39m,
  COMSPEC: [32m'C:\\WINDOWS\\system32\\cmd.exe'[39m,
  DEV: [32m'1'[39m,
  DRIVERDATA: [32m'C:\\Windows\\System32\\Drivers\\DriverData'[39m,
  EDITOR: [32m'C:\\WINDOWS\\notepad.exe'[39m,
  FORCE_TTY: [32m''[39m,
  GIT_ASKPASS: [32m'c:\\Users\\user\\AppData\\Local\\Programs\\Trae\\resources\\app\\extensions\\git\\dist\\askpass.sh'[39m,
  HOME: [32m'C:\\Users\\user'[39m,
  HOMEDRIVE: [32m'C:'[39m,
  HOMEPATH: [32m'\\Users\\user'[39m,
  INIT_CWD: [32m'C:\\Users\\user\\ALX AIFD\\polling-app'[39m,
  LANG: [32m'en_US.UTF-8'[39m,
  LOCALAPPDATA: [32m'C:\\Users\\user\\AppData\\Local'[39m,
  LOGONSERVER: [32m'\\\\DESKTOP-MV8OG3T'[39m,
  MODE: [32m'test'[39m,
  NEXT_PUBLIC_SUPABASE_ANON_KEY: [32m'eyJhbGciOiJIUzI1NiIsInR5cCI6IkpXVCJ9.eyJpc3MiOiJzdXBhYmFzZSIsInJlZiI6ImR5c2VzeWJzbmdramdveGx3dGN4Iiwicm9sZSI6ImFub24iLCJpYXQiOjE3NTYzNzU4NzQsImV4cCI6MjA3MTk1MTg3NH0.3HKGxvI6Rp2DodgwrlINUs-xgEEyg6Y4sR51eBX9FFg'[39m,
  NEXT_PUBLIC_SUPABASE_URL: [32m'https://dysesybsngkjgoxlwtcx.supabase.co'[39m,
  NODE: [32m'C:\\Program Files\\nodejs\\node.exe'[39m,
  NODE_ENV: [32m'test'[39m,
  NPM_COMMAND: [32m'test'[39m,
  NPM_CONFIG_CACHE: [32m'C:\\Users\\user\\AppData\\Local\\npm-cache'[39m,
  NPM_CONFIG_GLOBALCONFIG: [32m'C:\\Users\\user\\AppData\\Roaming\\npm\\etc\\npmrc'[39m,
  NPM_CONFIG_GLOBAL_PREFIX: [32m'C:\\Users\\user\\AppData\\Roaming\\npm'[39m,
  NPM_CONFIG_INIT_MODULE: [32m'C:\\Users\\user\\.npm-init.js'[39m,
  NPM_CONFIG_LOCAL_PREFIX: [32m'C:\\Users\\user\\ALX AIFD\\polling-app'[39m,
  NPM_CONFIG_NODE_GYP: [32m'C:\\Users\\user\\AppData\\Roaming\\npm\\node_modules\\npm\\node_modules\\node-gyp\\bin\\node-gyp.js'[39m,
  NPM_CONFIG_NOPROXY: [32m''[39m,
  NPM_CONFIG_NPM_VERSION: [32m'11.2.0'[39m,
  NPM_CONFIG_PREFIX: [32m'C:\\Users\\user\\AppData\\Roaming\\npm'[39m,
  NPM_CONFIG_USERCONFIG: [32m'C:\\Users\\user\\.npmrc'[39m,
  NPM_CONFIG_USER_AGENT: [32m'npm/11.2.0 node/v22.14.0 win32 x64 workspaces/false'[39m,
  NPM_EXECPATH: [32m'C:\\Users\\user\\AppData\\Roaming\\npm\\node_modules\\npm\\bin\\npm-cli.js'[39m,
  NPM_LIFECYCLE_EVENT: [32m'test'[39m,
  NPM_LIFECYCLE_SCRIPT: [32m'vitest'[39m,
  NPM_NODE_EXECPATH: [32m'C:\\Program Files\\nodejs\\node.exe'[39m,
  NPM_PACKAGE_JSON: [32m'C:\\Users\\user\\ALX AIFD\\polling-app\\package.json'[39m,
  NPM_PACKAGE_NAME: [32m'polling-app'[39m,
  NPM_PACKAGE_VERSION: [32m'0.1.0'[39m,
  NUMBER_OF_PROCESSORS: [32m'4'[39m,
  ONEDRIVE: [32m'C:\\Users\\user\\OneDrive'[39m,
  ONEDRIVECONSUMER: [32m'C:\\Users\\user\\OneDrive'[39m,
  ORIGINAL_XDG_CURRENT_DESKTOP: [32m'undefined'[39m,
  OS: [32m'Windows_NT'[39m,
  PATH: [32m'C:\\Users\\user\\ALX AIFD\\polling-app\\node_modules\\.bin;C:\\Users\\user\\ALX AIFD\\node_modules\\.bin;C:\\Users\\user\\node_modules\\.bin;C:\\Users\\node_modules\\.bin;C:\\node_modules\\.bin;C:\\Users\\user\\AppData\\Roaming\\npm\\node_modules\\npm\\node_modules\\@npmcli\\run-script\\lib\\node-gyp-bin;c:\\\\Users\\\\user\\\\.trae\\\\sdks\\\\workspaces\\\\46f76df8\\\\versions\\\\node\\\\current;c:\\\\Users\\\\user\\\\.trae\\\\sdks\\\\versions\\\\node\\\\current;c:\\Users\\user\\.trae\\sdks\\workspaces\\46f76df8\\versions\\node\\current;c:\\Users\\user\\.trae\\sdks\\versions\\node\\current;c:\\Users\\user\\AppData\\Local\\Programs\\cursor\\resources\\app\\bin;C:\\Program Files\\Google\\Chrome\\Application;C:\\WINDOWS\\system32;C:\\WINDOWS;C:\\WINDOWS\\System32\\Wbem;C:\\WINDOWS\\System32\\WindowsPowerShell\\v1.0\\;C:\\WINDOWS\\System32\\OpenSSH\\;C:\\Program Files (x86)\\Windows Kits\\10\\Windows Performance Toolkit\\;C:\\Program Files\\Git\\cmd;C:\\ProgramData\\chocolatey\\bin;C:\\Program Files\\nodejs;C:\\Users\\user\\AppData\\Roaming\\npm;C:\\Users\\user\\AppData\\Local\\Microsoft\\WindowsApps;C:\\Users\\user\\AppData\\Local\\Programs\\Ollama;C:\\flutter\\src\\flutter\\bin;C:\\Users\\user\\AppData\\Roaming\\npm;c:\\Users\\user\\AppData\\Local\\Programs\\cursor\\resources\\app\\bin;c:\\Users\\user\\AppData\\Local\\Programs\\cursor\\resources\\app\\bin;c:\\Users\\user\\AppData\\Local\\Programs\\Trae\\bin;C:\\Program Files\\MySQL\\MySQL Shell 8.0\\bin\\;C:\\Users\\user\\AppData\\Local\\Microsoft\\WindowsApps;C:\\Users\\user\\AppData\\Local\\Programs\\Ollama;C:\\Users\\user\\AppData\\Local\\Programs\\Microsoft VS Code\\bin;C:\\flutter\\src\\flutter\\bin;C:\\Users\\user\\AppData\\Roaming\\npm;C:\\Users\\user\\AppData\\Local\\Programs\\cursor\\resources\\app\\bin;C:\\Users\\user\\Downloads\\mysql-8.0.42-winx64\\bin;;C:\\Users\\user\\.bun\\bin'[39m,
  PATHEXT: [32m'.COM;.EXE;.BAT;.CMD;.VBS;.VBE;.JS;.JSE;.WSF;.WSH;.MSC;.CPL'[39m,
  PROCESSOR_ARCHITECTURE: [32m'AMD64'[39m,
  PROCESSOR_IDENTIFIER: [32m'Intel64 Family 6 Model 142 Stepping 9, GenuineIntel'[39m,
  PROCESSOR_LEVEL: [32m'6'[39m,
  PROCESSOR_REVISION: [32m'8e09'[39m,
  PROD: [32m''[39m,
  PROGRAMDATA: [32m'C:\\ProgramData'[39m,
  PROGRAMFILES: [32m'C:\\Program Files'[39m,
  [32m'PROGRAMFILES(X86)'[39m: [32m'C:\\Program Files (x86)'[39m,
  PROGRAMW6432: [32m'C:\\Program Files'[39m,
  PROMPT: [32m'$P$G'[39m,
  PSMODULEPATH: [32m'C:\\Users\\user\\OneDrive\\Documents\\WindowsPowerShell\\Modules;C:\\Program Files\\WindowsPowerShell\\Modules;C:\\WINDOWS\\system32\\WindowsPowerShell\\v1.0\\Modules'[39m,
  PUBLIC: [32m'C:\\Users\\Public'[39m,
  SESSIONNAME: [32m'Console'[39m,
  SSR: [32m''[39m,
  SUPABASE_SERVICE_ROLE_KEY: [32m'eyJhbGciOiJIUzI1NiIsInR5cCI6IkpXVCJ9.eyJpc3MiOiJzdXBhYmFzZSIsInJlZiI6ImR5c2VzeWJzbmdramdveGx3dGN4Iiwicm9sZSI6InNlcnZpY2Vfcm9sZSIsImlhdCI6MTc1NjM3NTg3NCwiZXhwIjoyMDcxOTUxODc0fQ.3HKGxvI6Rp2DodgwrlINUs-xgEEyg6Y4sR51eBX9FFg'[39m,
  SYSTEMDRIVE: [32m'C:'[39m,
  SYSTEMROOT: [32m'C:\\WINDOWS'[39m,
  TEMP: [32m'C:\\Users\\user\\AppData\\Local\\Temp'[39m,
  TERM_PRODUCT: [32m'Trae'[39m,
  TERM_PROGRAM: [32m'vscode'[39m,
  TERM_PROGRAM_VERSION: [32m'1.100.3'[39m,
  TEST: [32m'true'[39m,
  TINYPOOL_WORKER_ID: [32m'2'[39m,
  TMP: [32m'C:\\Users\\user\\AppData\\Local\\Temp'[39m,
  TRAE_AI_SHELL_ID: [32m'5'[39m,
  USERDOMAIN: [32m'DESKTOP-MV8OG3T'[39m,
  USERDOMAIN_ROAMINGPROFILE: [32m'DESKTOP-MV8OG3T'[39m,
  USERNAME: [32m'user'[39m,
  USERPROFILE: [32m'C:\\Users\\user'[39m,
  VITEST: [32m'true'[39m,
  VITEST_MODE: [32m'WATCH'[39m,
  VITEST_POOL_ID: [32m'2'[39m,
  VITEST_WORKER_ID: [32m'43'[39m,
  VSCODE_GIT_ASKPASS_EXTRA_ARGS: [32m''[39m,
  VSCODE_GIT_ASKPASS_MAIN: [32m'c:\\Users\\user\\AppData\\Local\\Programs\\Trae\\resources\\app\\extensions\\git\\dist\\askpass-main.js'[39m,
  VSCODE_GIT_ASKPASS_NODE: [32m'C:\\Users\\user\\AppData\\Local\\Programs\\Trae\\Trae.exe'[39m,
  VSCODE_GIT_IPC_HANDLE: [32m'\\\\.\\pipe\\vscode-git-6f459493e0-sock'[39m,
  VSCODE_INJECTION: [32m'1'[39m,
  WINDIR: [32m'C:\\WINDOWS'[39m,
  ZES_ENABLE_SYSMAN: [32m'1'[39m
}

 [32mΓ£ô[39m lib/utils.test.ts [2m([22m[2m2 tests[22m[2m)[22m[32m 11[2mms[22m[39m

[31mΓÄ»ΓÄ»ΓÄ»ΓÄ»ΓÄ»ΓÄ»[39m[1m[41m Failed Suites 1 
[49m[22m[31mΓÄ»ΓÄ»ΓÄ»ΓÄ»ΓÄ»ΓÄ»ΓÄ»[39m

[41m[1m FAIL [22m[49m 
lib/votes.integration.test.ts[2m > [22msubmitVote 
(Integration)
[31m[1mUnknown Error[22m: Invalid API key[39m
[31m[2mΓÄ»ΓÄ»ΓÄ»ΓÄ»ΓÄ»ΓÄ»ΓÄ»ΓÄ»ΓÄ»ΓÄ»ΓÄ»ΓÄ»ΓÄ»ΓÄ»ΓÄ»ΓÄ»ΓÄ
»ΓÄ»ΓÄ»ΓÄ»ΓÄ»ΓÄ»ΓÄ»ΓÄ»[1/1]ΓÄ»[22m[39m


[2m Test Files [22m [1m[31m1 failed[39m[22m[2m | [22m[1m[32m2 passed[39m[22m[90m (3)[39m
[2m      Tests [22m [1m[32m17 passed[39m[22m[2m | [22m[33m1 skipped[39m[90m (18)[39m
[2m   Start at [22m 20:23:46
[2m   Duration [22m 6.43s

[1m[41m FAIL [49m[22m [31mTests failed. Watching for file changes...[39m
       [2mpress [22m[1mh[22m[2m to show help[22m[2m, [22m[2mpress [22m[1mq[22m[2m to quit[22m
c[3J[1m[44m RERUN [49m[22m [34m[2mpackage.json [22m[39m

[90mstdout[2m | lib/votes.integration.test.ts
[22m[39m[dotenv@17.2.2] injecting env (3) from .env.test -- tip: ≡ƒôí auto-backup env with Radar: https://dotenvx.com/radar
process.env in vitest.setup.ts: {
  AHA_CHROME_CRASHPAD_PIPE_NAME: [32m'\\\\.\\pipe\\crashpad_18040_RHHFFCJUPHGUQNBC'[39m,
  ALLUSERSPROFILE: [32m'C:\\ProgramData'[39m,
  APPDATA: [32m'C:\\Users\\user\\AppData\\Roaming'[39m,
  BASE_URL: [32m'/'[39m,
  CHOCOLATEYINSTALL: [32m'C:\\ProgramData\\chocolatey'[39m,
  CHOCOLATEYLASTPATHUPDATE: [32m'133869687020309585'[39m,
  COLOR: [32m'0'[39m,
  COLORTERM: [32m'truecolor'[39m,
  COMMONPROGRAMFILES: [32m'C:\\Program Files\\Common Files'[39m,
  [32m'COMMONPROGRAMFILES(X86)'[39m: [32m'C:\\Program Files (x86)\\Common Files'[39m,
  COMMONPROGRAMW6432: [32m'C:\\Program Files\\Common Files'[39m,
  COMPUTERNAME: [32m'DESKTOP-MV8OG3T'[39m,
  COMSPEC: [32m'C:\\WINDOWS\\system32\\cmd.exe'[39m,
  DEV: [32m'1'[39m,
  DRIVERDATA: [32m'C:\\Windows\\System32\\Drivers\\DriverData'[39m,
  EDITOR: [32m'C:\\WINDOWS\\notepad.exe'[39m,
  FORCE_TTY: [32m''[39m,
  GIT_ASKPASS: [32m'c:\\Users\\user\\AppData\\Local\\Programs\\Trae\\resources\\app\\extensions\\git\\dist\\askpass.sh'[39m,
  HOME: [32m'C:\\Users\\user'[39m,
  HOMEDRIVE: [32m'C:'[39m,
  HOMEPATH: [32m'\\Users\\user'[39m,
  INIT_CWD: [32m'C:\\Users\\user\\ALX AIFD\\polling-app'[39m,
  LANG: [32m'en_US.UTF-8'[39m,
  LOCALAPPDATA: [32m'C:\\Users\\user\\AppData\\Local'[39m,
  LOGONSERVER: [32m'\\\\DESKTOP-MV8OG3T'[39m,
  MODE: [32m'test'[39m,
  NEXT_PUBLIC_SUPABASE_ANON_KEY: [32m'eyJhbGciOiJIUzI1NiIsInR5cCI6IkpXVCJ9.eyJpc3MiOiJzdXBhYmFzZSIsInJlZiI6ImR5c2VzeWJzbmdramdveGx3dGN4Iiwicm9sZSI6ImFub24iLCJpYXQiOjE3NTYzNzU4NzQsImV4cCI6MjA3MTk1MTg3NH0.3HKGxvI6Rp2DodgwrlINUs-xgEEyg6Y4sR51eBX9FFg'[39m,
  NEXT_PUBLIC_SUPABASE_URL: [32m'https://dysesybsngkjgoxlwtcx.supabase.co'[39m,
  NODE: [32m'C:\\Program Files\\nodejs\\node.exe'[39m,
  NODE_ENV: [32m'test'[39m,
  NPM_COMMAND: [32m'test'[39m,
  NPM_CONFIG_CACHE: [32m'C:\\Users\\user\\AppData\\Local\\npm-cache'[39m,
  NPM_CONFIG_GLOBALCONFIG: [32m'C:\\Users\\user\\AppData\\Roaming\\npm\\etc\\npmrc'[39m,
  NPM_CONFIG_GLOBAL_PREFIX: [32m'C:\\Users\\user\\AppData\\Roaming\\npm'[39m,
  NPM_CONFIG_INIT_MODULE: [32m'C:\\Users\\user\\.npm-init.js'[39m,
  NPM_CONFIG_LOCAL_PREFIX: [32m'C:\\Users\\user\\ALX AIFD\\polling-app'[39m,
  NPM_CONFIG_NODE_GYP: [32m'C:\\Users\\user\\AppData\\Roaming\\npm\\node_modules\\npm\\node_modules\\node-gyp\\bin\\node-gyp.js'[39m,
  NPM_CONFIG_NOPROXY: [32m''[39m,
  NPM_CONFIG_NPM_VERSION: [32m'11.2.0'[39m,
  NPM_CONFIG_PREFIX: [32m'C:\\Users\\user\\AppData\\Roaming\\npm'[39m,
  NPM_CONFIG_USERCONFIG: [32m'C:\\Users\\user\\.npmrc'[39m,
  NPM_CONFIG_USER_AGENT: [32m'npm/11.2.0 node/v22.14.0 win32 x64 workspaces/false'[39m,
  NPM_EXECPATH: [32m'C:\\Users\\user\\AppData\\Roaming\\npm\\node_modules\\npm\\bin\\npm-cli.js'[39m,
  NPM_LIFECYCLE_EVENT: [32m'test'[39m,
  NPM_LIFECYCLE_SCRIPT: [32m'vitest'[39m,
  NPM_NODE_EXECPATH: [32m'C:\\Program Files\\nodejs\\node.exe'[39m,
  NPM_PACKAGE_JSON: [32m'C:\\Users\\user\\ALX AIFD\\polling-app\\package.json'[39m,
  NPM_PACKAGE_NAME: [32m'polling-app'[39m,
  NPM_PACKAGE_VERSION: [32m'0.1.0'[39m,
  NUMBER_OF_PROCESSORS: [32m'4'[39m,
  ONEDRIVE: [32m'C:\\Users\\user\\OneDrive'[39m,
  ONEDRIVECONSUMER: [32m'C:\\Users\\user\\OneDrive'[39m,
  ORIGINAL_XDG_CURRENT_DESKTOP: [32m'undefined'[39m,
  OS: [32m'Windows_NT'[39m,
  PATH: [32m'C:\\Users\\user\\ALX AIFD\\polling-app\\node_modules\\.bin;C:\\Users\\user\\ALX AIFD\\node_modules\\.bin;C:\\Users\\user\\node_modules\\.bin;C:\\Users\\node_modules\\.bin;C:\\node_modules\\.bin;C:\\Users\\user\\AppData\\Roaming\\npm\\node_modules\\npm\\node_modules\\@npmcli\\run-script\\lib\\node-gyp-bin;c:\\\\Users\\\\user\\\\.trae\\\\sdks\\\\workspaces\\\\46f76df8\\\\versions\\\\node\\\\current;c:\\\\Users\\\\user\\\\.trae\\\\sdks\\\\versions\\\\node\\\\current;c:\\Users\\user\\.trae\\sdks\\workspaces\\46f76df8\\versions\\node\\current;c:\\Users\\user\\.trae\\sdks\\versions\\node\\current;c:\\Users\\user\\AppData\\Local\\Programs\\cursor\\resources\\app\\bin;C:\\Program Files\\Google\\Chrome\\Application;C:\\WINDOWS\\system32;C:\\WINDOWS;C:\\WINDOWS\\System32\\Wbem;C:\\WINDOWS\\System32\\WindowsPowerShell\\v1.0\\;C:\\WINDOWS\\System32\\OpenSSH\\;C:\\Program Files (x86)\\Windows Kits\\10\\Windows Performance Toolkit\\;C:\\Program Files\\Git\\cmd;C:\\ProgramData\\chocolatey\\bin;C:\\Program Files\\nodejs;C:\\Users\\user\\AppData\\Roaming\\npm;C:\\Users\\user\\AppData\\Local\\Microsoft\\WindowsApps;C:\\Users\\user\\AppData\\Local\\Programs\\Ollama;C:\\flutter\\src\\flutter\\bin;C:\\Users\\user\\AppData\\Roaming\\npm;c:\\Users\\user\\AppData\\Local\\Programs\\cursor\\resources\\app\\bin;c:\\Users\\user\\AppData\\Local\\Programs\\cursor\\resources\\app\\bin;c:\\Users\\user\\AppData\\Local\\Programs\\Trae\\bin;C:\\Program Files\\MySQL\\MySQL Shell 8.0\\bin\\;C:\\Users\\user\\AppData\\Local\\Microsoft\\WindowsApps;C:\\Users\\user\\AppData\\Local\\Programs\\Ollama;C:\\Users\\user\\AppData\\Local\\Programs\\Microsoft VS Code\\bin;C:\\flutter\\src\\flutter\\bin;C:\\Users\\user\\AppData\\Roaming\\npm;C:\\Users\\user\\AppData\\Local\\Programs\\cursor\\resources\\app\\bin;C:\\Users\\user\\Downloads\\mysql-8.0.42-winx64\\bin;;C:\\Users\\user\\.bun\\bin'[39m,
  PATHEXT: [32m'.COM;.EXE;.BAT;.CMD;.VBS;.VBE;.JS;.JSE;.WSF;.WSH;.MSC;.CPL'[39m,
  PROCESSOR_ARCHITECTURE: [32m'AMD64'[39m,
  PROCESSOR_IDENTIFIER: [32m'Intel64 Family 6 Model 142 Stepping 9, GenuineIntel'[39m,
  PROCESSOR_LEVEL: [32m'6'[39m,
  PROCESSOR_REVISION: [32m'8e09'[39m,
  PROD: [32m''[39m,
  PROGRAMDATA: [32m'C:\\ProgramData'[39m,
  PROGRAMFILES: [32m'C:\\Program Files'[39m,
  [32m'PROGRAMFILES(X86)'[39m: [32m'C:\\Program Files (x86)'[39m,
  PROGRAMW6432: [32m'C:\\Program Files'[39m,
  PROMPT: [32m'$P$G'[39m,
  PSMODULEPATH: [32m'C:\\Users\\user\\OneDrive\\Documents\\WindowsPowerShell\\Modules;C:\\Program Files\\WindowsPowerShell\\Modules;C:\\WINDOWS\\system32\\WindowsPowerShell\\v1.0\\Modules'[39m,
  PUBLIC: [32m'C:\\Users\\Public'[39m,
  SESSIONNAME: [32m'Console'[39m,
  SSR: [32m''[39m,
  SUPABASE_SERVICE_ROLE_KEY: [32m'eyJhbGciOiJIUzI1NiIsInR5cCI6IkpXVCJ9.eyJpc3MiOiJzdXBhYmFzZSIsInJlZiI6ImR5c2VzeWJzbmdramdveGx3dGN4Iiwicm9sZSI6InNlcnZpY2Vfcm9sZSIsImlhdCI6MTc1NjM3NTg3NCwiZXhwIjoyMDcxOTUxODc0fQ.3HKGxvI6Rp2DodgwrlINUs-xgEEyg6Y4sR51eBX9FFg'[39m,
  SYSTEMDRIVE: [32m'C:'[39m,
  SYSTEMROOT: [32m'C:\\WINDOWS'[39m,
  TEMP: [32m'C:\\Users\\user\\AppData\\Local\\Temp'[39m,
  TERM_PRODUCT: [32m'Trae'[39m,
  TERM_PROGRAM: [32m'vscode'[39m,
  TERM_PROGRAM_VERSION: [32m'1.100.3'[39m,
  TEST: [32m'true'[39m,
  TINYPOOL_WORKER_ID: [32m'1'[39m,
  TMP: [32m'C:\\Users\\user\\AppData\\Local\\Temp'[39m,
  TRAE_AI_SHELL_ID: [32m'5'[39m,
  USERDOMAIN: [32m'DESKTOP-MV8OG3T'[39m,
  USERDOMAIN_ROAMINGPROFILE: [32m'DESKTOP-MV8OG3T'[39m,
  USERNAME: [32m'user'[39m,
  USERPROFILE: [32m'C:\\Users\\user'[39m,
  VITEST: [32m'true'[39m,
  VITEST_MODE: [32m'WATCH'[39m,
  VITEST_POOL_ID: [32m'1'[39m,
  VITEST_WORKER_ID: [32m'44'[39m,
  VSCODE_GIT_ASKPASS_EXTRA_ARGS: [32m''[39m,
  VSCODE_GIT_ASKPASS_MAIN: [32m'c:\\Users\\user\\AppData\\Local\\Programs\\Trae\\resources\\app\\extensions\\git\\dist\\askpass-main.js'[39m,
  VSCODE_GIT_ASKPASS_NODE: [32m'C:\\Users\\user\\AppData\\Local\\Programs\\Trae\\Trae.exe'[39m,
  VSCODE_GIT_IPC_HANDLE: [32m'\\\\.\\pipe\\vscode-git-6f459493e0-sock'[39m,
  VSCODE_INJECTION: [32m'1'[39m,
  WINDIR: [32m'C:\\WINDOWS'[39m,
  ZES_ENABLE_SYSMAN: [32m'1'[39m
}

[90mstderr[2m | lib/votes.integration.test.ts
[22m[39mMultiple GoTrueClient instances detected in the 
same browser context. It is not an error, but this should 
be avoided as it may produce undefined behavior when used 
concurrently under the same storage key.

 [31mΓ¥»[39m lib/votes.integration.test.ts [2m([22m[2m1 test[22m[2m | [22m[33m1 skipped[39m[2m)[22m[33m 2378[2mms[22m[39m
   [2m[90mΓåô[39m[22m submitVote (Integration)[2m > [22mshould successfully insert a new vote into the database
[90mstdout[2m | lib/validation.test.ts
[22m[39m[dotenv@17.2.2] injecting env (3) from .env.test -- tip: ≡ƒöÉ prevent committing .env to code: https://dotenvx.com/precommit
process.env in vitest.setup.ts: {
  AHA_CHROME_CRASHPAD_PIPE_NAME: [32m'\\\\.\\pipe\\crashpad_18040_RHHFFCJUPHGUQNBC'[39m,
  ALLUSERSPROFILE: [32m'C:\\ProgramData'[39m,
  APPDATA: [32m'C:\\Users\\user\\AppData\\Roaming'[39m,
  BASE_URL: [32m'/'[39m,
  CHOCOLATEYINSTALL: [32m'C:\\ProgramData\\chocolatey'[39m,
  CHOCOLATEYLASTPATHUPDATE: [32m'133869687020309585'[39m,
  COLOR: [32m'0'[39m,
  COLORTERM: [32m'truecolor'[39m,
  COMMONPROGRAMFILES: [32m'C:\\Program Files\\Common Files'[39m,
  [32m'COMMONPROGRAMFILES(X86)'[39m: [32m'C:\\Program Files (x86)\\Common Files'[39m,
  COMMONPROGRAMW6432: [32m'C:\\Program Files\\Common Files'[39m,
  COMPUTERNAME: [32m'DESKTOP-MV8OG3T'[39m,
  COMSPEC: [32m'C:\\WINDOWS\\system32\\cmd.exe'[39m,
  DEV: [32m'1'[39m,
  DRIVERDATA: [32m'C:\\Windows\\System32\\Drivers\\DriverData'[39m,
  EDITOR: [32m'C:\\WINDOWS\\notepad.exe'[39m,
  FORCE_TTY: [32m''[39m,
  GIT_ASKPASS: [32m'c:\\Users\\user\\AppData\\Local\\Programs\\Trae\\resources\\app\\extensions\\git\\dist\\askpass.sh'[39m,
  HOME: [32m'C:\\Users\\user'[39m,
  HOMEDRIVE: [32m'C:'[39m,
  HOMEPATH: [32m'\\Users\\user'[39m,
  INIT_CWD: [32m'C:\\Users\\user\\ALX AIFD\\polling-app'[39m,
  LANG: [32m'en_US.UTF-8'[39m,
  LOCALAPPDATA: [32m'C:\\Users\\user\\AppData\\Local'[39m,
  LOGONSERVER: [32m'\\\\DESKTOP-MV8OG3T'[39m,
  MODE: [32m'test'[39m,
  NEXT_PUBLIC_SUPABASE_ANON_KEY: [32m'eyJhbGciOiJIUzI1NiIsInR5cCI6IkpXVCJ9.eyJpc3MiOiJzdXBhYmFzZSIsInJlZiI6ImR5c2VzeWJzbmdramdveGx3dGN4Iiwicm9sZSI6ImFub24iLCJpYXQiOjE3NTYzNzU4NzQsImV4cCI6MjA3MTk1MTg3NH0.3HKGxvI6Rp2DodgwrlINUs-xgEEyg6Y4sR51eBX9FFg'[39m,
  NEXT_PUBLIC_SUPABASE_URL: [32m'https://dysesybsngkjgoxlwtcx.supabase.co'[39m,
  NODE: [32m'C:\\Program Files\\nodejs\\node.exe'[39m,
  NODE_ENV: [32m'test'[39m,
  NPM_COMMAND: [32m'test'[39m,
  NPM_CONFIG_CACHE: [32m'C:\\Users\\user\\AppData\\Local\\npm-cache'[39m,
  NPM_CONFIG_GLOBALCONFIG: [32m'C:\\Users\\user\\AppData\\Roaming\\npm\\etc\\npmrc'[39m,
  NPM_CONFIG_GLOBAL_PREFIX: [32m'C:\\Users\\user\\AppData\\Roaming\\npm'[39m,
  NPM_CONFIG_INIT_MODULE: [32m'C:\\Users\\user\\.npm-init.js'[39m,
  NPM_CONFIG_LOCAL_PREFIX: [32m'C:\\Users\\user\\ALX AIFD\\polling-app'[39m,
  NPM_CONFIG_NODE_GYP: [32m'C:\\Users\\user\\AppData\\Roaming\\npm\\node_modules\\npm\\node_modules\\node-gyp\\bin\\node-gyp.js'[39m,
  NPM_CONFIG_NOPROXY: [32m''[39m,
  NPM_CONFIG_NPM_VERSION: [32m'11.2.0'[39m,
  NPM_CONFIG_PREFIX: [32m'C:\\Users\\user\\AppData\\Roaming\\npm'[39m,
  NPM_CONFIG_USERCONFIG: [32m'C:\\Users\\user\\.npmrc'[39m,
  NPM_CONFIG_USER_AGENT: [32m'npm/11.2.0 node/v22.14.0 win32 x64 workspaces/false'[39m,
  NPM_EXECPATH: [32m'C:\\Users\\user\\AppData\\Roaming\\npm\\node_modules\\npm\\bin\\npm-cli.js'[39m,
  NPM_LIFECYCLE_EVENT: [32m'test'[39m,
  NPM_LIFECYCLE_SCRIPT: [32m'vitest'[39m,
  NPM_NODE_EXECPATH: [32m'C:\\Program Files\\nodejs\\node.exe'[39m,
  NPM_PACKAGE_JSON: [32m'C:\\Users\\user\\ALX AIFD\\polling-app\\package.json'[39m,
  NPM_PACKAGE_NAME: [32m'polling-app'[39m,
  NPM_PACKAGE_VERSION: [32m'0.1.0'[39m,
  NUMBER_OF_PROCESSORS: [32m'4'[39m,
  ONEDRIVE: [32m'C:\\Users\\user\\OneDrive'[39m,
  ONEDRIVECONSUMER: [32m'C:\\Users\\user\\OneDrive'[39m,
  ORIGINAL_XDG_CURRENT_DESKTOP: [32m'undefined'[39m,
  OS: [32m'Windows_NT'[39m,
  PATH: [32m'C:\\Users\\user\\ALX AIFD\\polling-app\\node_modules\\.bin;C:\\Users\\user\\ALX AIFD\\node_modules\\.bin;C:\\Users\\user\\node_modules\\.bin;C:\\Users\\node_modules\\.bin;C:\\node_modules\\.bin;C:\\Users\\user\\AppData\\Roaming\\npm\\node_modules\\npm\\node_modules\\@npmcli\\run-script\\lib\\node-gyp-bin;c:\\\\Users\\\\user\\\\.trae\\\\sdks\\\\workspaces\\\\46f76df8\\\\versions\\\\node\\\\current;c:\\\\Users\\\\user\\\\.trae\\\\sdks\\\\versions\\\\node\\\\current;c:\\Users\\user\\.trae\\sdks\\workspaces\\46f76df8\\versions\\node\\current;c:\\Users\\user\\.trae\\sdks\\versions\\node\\current;c:\\Users\\user\\AppData\\Local\\Programs\\cursor\\resources\\app\\bin;C:\\Program Files\\Google\\Chrome\\Application;C:\\WINDOWS\\system32;C:\\WINDOWS;C:\\WINDOWS\\System32\\Wbem;C:\\WINDOWS\\System32\\WindowsPowerShell\\v1.0\\;C:\\WINDOWS\\System32\\OpenSSH\\;C:\\Program Files (x86)\\Windows Kits\\10\\Windows Performance Toolkit\\;C:\\Program Files\\Git\\cmd;C:\\ProgramData\\chocolatey\\bin;C:\\Program Files\\nodejs;C:\\Users\\user\\AppData\\Roaming\\npm;C:\\Users\\user\\AppData\\Local\\Microsoft\\WindowsApps;C:\\Users\\user\\AppData\\Local\\Programs\\Ollama;C:\\flutter\\src\\flutter\\bin;C:\\Users\\user\\AppData\\Roaming\\npm;c:\\Users\\user\\AppData\\Local\\Programs\\cursor\\resources\\app\\bin;c:\\Users\\user\\AppData\\Local\\Programs\\cursor\\resources\\app\\bin;c:\\Users\\user\\AppData\\Local\\Programs\\Trae\\bin;C:\\Program Files\\MySQL\\MySQL Shell 8.0\\bin\\;C:\\Users\\user\\AppData\\Local\\Microsoft\\WindowsApps;C:\\Users\\user\\AppData\\Local\\Programs\\Ollama;C:\\Users\\user\\AppData\\Local\\Programs\\Microsoft VS Code\\bin;C:\\flutter\\src\\flutter\\bin;C:\\Users\\user\\AppData\\Roaming\\npm;C:\\Users\\user\\AppData\\Local\\Programs\\cursor\\resources\\app\\bin;C:\\Users\\user\\Downloads\\mysql-8.0.42-winx64\\bin;;C:\\Users\\user\\.bun\\bin'[39m,
  PATHEXT: [32m'.COM;.EXE;.BAT;.CMD;.VBS;.VBE;.JS;.JSE;.WSF;.WSH;.MSC;.CPL'[39m,
  PROCESSOR_ARCHITECTURE: [32m'AMD64'[39m,
  PROCESSOR_IDENTIFIER: [32m'Intel64 Family 6 Model 142 Stepping 9, GenuineIntel'[39m,
  PROCESSOR_LEVEL: [32m'6'[39m,
  PROCESSOR_REVISION: [32m'8e09'[39m,
  PROD: [32m''[39m,
  PROGRAMDATA: [32m'C:\\ProgramData'[39m,
  PROGRAMFILES: [32m'C:\\Program Files'[39m,
  [32m'PROGRAMFILES(X86)'[39m: [32m'C:\\Program Files (x86)'[39m,
  PROGRAMW6432: [32m'C:\\Program Files'[39m,
  PROMPT: [32m'$P$G'[39m,
  PSMODULEPATH: [32m'C:\\Users\\user\\OneDrive\\Documents\\WindowsPowerShell\\Modules;C:\\Program Files\\WindowsPowerShell\\Modules;C:\\WINDOWS\\system32\\WindowsPowerShell\\v1.0\\Modules'[39m,
  PUBLIC: [32m'C:\\Users\\Public'[39m,
  SESSIONNAME: [32m'Console'[39m,
  SSR: [32m''[39m,
  SUPABASE_SERVICE_ROLE_KEY: [32m'eyJhbGciOiJIUzI1NiIsInR5cCI6IkpXVCJ9.eyJpc3MiOiJzdXBhYmFzZSIsInJlZiI6ImR5c2VzeWJzbmdramdveGx3dGN4Iiwicm9sZSI6InNlcnZpY2Vfcm9sZSIsImlhdCI6MTc1NjM3NTg3NCwiZXhwIjoyMDcxOTUxODc0fQ.3HKGxvI6Rp2DodgwrlINUs-xgEEyg6Y4sR51eBX9FFg'[39m,
  SYSTEMDRIVE: [32m'C:'[39m,
  SYSTEMROOT: [32m'C:\\WINDOWS'[39m,
  TEMP: [32m'C:\\Users\\user\\AppData\\Local\\Temp'[39m,
  TERM_PRODUCT: [32m'Trae'[39m,
  TERM_PROGRAM: [32m'vscode'[39m,
  TERM_PROGRAM_VERSION: [32m'1.100.3'[39m,
  TEST: [32m'true'[39m,
  TINYPOOL_WORKER_ID: [32m'2'[39m,
  TMP: [32m'C:\\Users\\user\\AppData\\Local\\Temp'[39m,
  TRAE_AI_SHELL_ID: [32m'5'[39m,
  USERDOMAIN: [32m'DESKTOP-MV8OG3T'[39m,
  USERDOMAIN_ROAMINGPROFILE: [32m'DESKTOP-MV8OG3T'[39m,
  USERNAME: [32m'user'[39m,
  USERPROFILE: [32m'C:\\Users\\user'[39m,
  VITEST: [32m'true'[39m,
  VITEST_MODE: [32m'WATCH'[39m,
  VITEST_POOL_ID: [32m'2'[39m,
  VITEST_WORKER_ID: [32m'45'[39m,
  VSCODE_GIT_ASKPASS_EXTRA_ARGS: [32m''[39m,
  VSCODE_GIT_ASKPASS_MAIN: [32m'c:\\Users\\user\\AppData\\Local\\Programs\\Trae\\resources\\app\\extensions\\git\\dist\\askpass-main.js'[39m,
  VSCODE_GIT_ASKPASS_NODE: [32m'C:\\Users\\user\\AppData\\Local\\Programs\\Trae\\Trae.exe'[39m,
  VSCODE_GIT_IPC_HANDLE: [32m'\\\\.\\pipe\\vscode-git-6f459493e0-sock'[39m,
  VSCODE_INJECTION: [32m'1'[39m,
  WINDIR: [32m'C:\\WINDOWS'[39m,
  ZES_ENABLE_SYSMAN: [32m'1'[39m
}

 [32mΓ£ô[39m lib/validation.test.ts [2m([22m[2m15 tests[22m[2m)[22m[32m 27[2mms[22m[39m
[90mstdout[2m | lib/utils.test.ts
[22m[39m[dotenv@17.2.2] injecting env (3) from .env.test -- tip: ≡ƒöÉ encrypt with Dotenvx: https://dotenvx.com
process.env in vitest.setup.ts: {
  AHA_CHROME_CRASHPAD_PIPE_NAME: [32m'\\\\.\\pipe\\crashpad_18040_RHHFFCJUPHGUQNBC'[39m,
  ALLUSERSPROFILE: [32m'C:\\ProgramData'[39m,
  APPDATA: [32m'C:\\Users\\user\\AppData\\Roaming'[39m,
  BASE_URL: [32m'/'[39m,
  CHOCOLATEYINSTALL: [32m'C:\\ProgramData\\chocolatey'[39m,
  CHOCOLATEYLASTPATHUPDATE: [32m'133869687020309585'[39m,
  COLOR: [32m'0'[39m,
  COLORTERM: [32m'truecolor'[39m,
  COMMONPROGRAMFILES: [32m'C:\\Program Files\\Common Files'[39m,
  [32m'COMMONPROGRAMFILES(X86)'[39m: [32m'C:\\Program Files (x86)\\Common Files'[39m,
  COMMONPROGRAMW6432: [32m'C:\\Program Files\\Common Files'[39m,
  COMPUTERNAME: [32m'DESKTOP-MV8OG3T'[39m,
  COMSPEC: [32m'C:\\WINDOWS\\system32\\cmd.exe'[39m,
  DEV: [32m'1'[39m,
  DRIVERDATA: [32m'C:\\Windows\\System32\\Drivers\\DriverData'[39m,
  EDITOR: [32m'C:\\WINDOWS\\notepad.exe'[39m,
  FORCE_TTY: [32m''[39m,
  GIT_ASKPASS: [32m'c:\\Users\\user\\AppData\\Local\\Programs\\Trae\\resources\\app\\extensions\\git\\dist\\askpass.sh'[39m,
  HOME: [32m'C:\\Users\\user'[39m,
  HOMEDRIVE: [32m'C:'[39m,
  HOMEPATH: [32m'\\Users\\user'[39m,
  INIT_CWD: [32m'C:\\Users\\user\\ALX AIFD\\polling-app'[39m,
  LANG: [32m'en_US.UTF-8'[39m,
  LOCALAPPDATA: [32m'C:\\Users\\user\\AppData\\Local'[39m,
  LOGONSERVER: [32m'\\\\DESKTOP-MV8OG3T'[39m,
  MODE: [32m'test'[39m,
  NEXT_PUBLIC_SUPABASE_ANON_KEY: [32m'eyJhbGciOiJIUzI1NiIsInR5cCI6IkpXVCJ9.eyJpc3MiOiJzdXBhYmFzZSIsInJlZiI6ImR5c2VzeWJzbmdramdveGx3dGN4Iiwicm9sZSI6ImFub24iLCJpYXQiOjE3NTYzNzU4NzQsImV4cCI6MjA3MTk1MTg3NH0.3HKGxvI6Rp2DodgwrlINUs-xgEEyg6Y4sR51eBX9FFg'[39m,
  NEXT_PUBLIC_SUPABASE_URL: [32m'https://dysesybsngkjgoxlwtcx.supabase.co'[39m,
  NODE: [32m'C:\\Program Files\\nodejs\\node.exe'[39m,
  NODE_ENV: [32m'test'[39m,
  NPM_COMMAND: [32m'test'[39m,
  NPM_CONFIG_CACHE: [32m'C:\\Users\\user\\AppData\\Local\\npm-cache'[39m,
  NPM_CONFIG_GLOBALCONFIG: [32m'C:\\Users\\user\\AppData\\Roaming\\npm\\etc\\npmrc'[39m,
  NPM_CONFIG_GLOBAL_PREFIX: [32m'C:\\Users\\user\\AppData\\Roaming\\npm'[39m,
  NPM_CONFIG_INIT_MODULE: [32m'C:\\Users\\user\\.npm-init.js'[39m,
  NPM_CONFIG_LOCAL_PREFIX: [32m'C:\\Users\\user\\ALX AIFD\\polling-app'[39m,
  NPM_CONFIG_NODE_GYP: [32m'C:\\Users\\user\\AppData\\Roaming\\npm\\node_modules\\npm\\node_modules\\node-gyp\\bin\\node-gyp.js'[39m,
  NPM_CONFIG_NOPROXY: [32m''[39m,
  NPM_CONFIG_NPM_VERSION: [32m'11.2.0'[39m,
  NPM_CONFIG_PREFIX: [32m'C:\\Users\\user\\AppData\\Roaming\\npm'[39m,
  NPM_CONFIG_USERCONFIG: [32m'C:\\Users\\user\\.npmrc'[39m,
  NPM_CONFIG_USER_AGENT: [32m'npm/11.2.0 node/v22.14.0 win32 x64 workspaces/false'[39m,
  NPM_EXECPATH: [32m'C:\\Users\\user\\AppData\\Roaming\\npm\\node_modules\\npm\\bin\\npm-cli.js'[39m,
  NPM_LIFECYCLE_EVENT: [32m'test'[39m,
  NPM_LIFECYCLE_SCRIPT: [32m'vitest'[39m,
  NPM_NODE_EXECPATH: [32m'C:\\Program Files\\nodejs\\node.exe'[39m,
  NPM_PACKAGE_JSON: [32m'C:\\Users\\user\\ALX AIFD\\polling-app\\package.json'[39m,
  NPM_PACKAGE_NAME: [32m'polling-app'[39m,
  NPM_PACKAGE_VERSION: [32m'0.1.0'[39m,
  NUMBER_OF_PROCESSORS: [32m'4'[39m,
  ONEDRIVE: [32m'C:\\Users\\user\\OneDrive'[39m,
  ONEDRIVECONSUMER: [32m'C:\\Users\\user\\OneDrive'[39m,
  ORIGINAL_XDG_CURRENT_DESKTOP: [32m'undefined'[39m,
  OS: [32m'Windows_NT'[39m,
  PATH: [32m'C:\\Users\\user\\ALX AIFD\\polling-app\\node_modules\\.bin;C:\\Users\\user\\ALX AIFD\\node_modules\\.bin;C:\\Users\\user\\node_modules\\.bin;C:\\Users\\node_modules\\.bin;C:\\node_modules\\.bin;C:\\Users\\user\\AppData\\Roaming\\npm\\node_modules\\npm\\node_modules\\@npmcli\\run-script\\lib\\node-gyp-bin;c:\\\\Users\\\\user\\\\.trae\\\\sdks\\\\workspaces\\\\46f76df8\\\\versions\\\\node\\\\current;c:\\\\Users\\\\user\\\\.trae\\\\sdks\\\\versions\\\\node\\\\current;c:\\Users\\user\\.trae\\sdks\\workspaces\\46f76df8\\versions\\node\\current;c:\\Users\\user\\.trae\\sdks\\versions\\node\\current;c:\\Users\\user\\AppData\\Local\\Programs\\cursor\\resources\\app\\bin;C:\\Program Files\\Google\\Chrome\\Application;C:\\WINDOWS\\system32;C:\\WINDOWS;C:\\WINDOWS\\System32\\Wbem;C:\\WINDOWS\\System32\\WindowsPowerShell\\v1.0\\;C:\\WINDOWS\\System32\\OpenSSH\\;C:\\Program Files (x86)\\Windows Kits\\10\\Windows Performance Toolkit\\;C:\\Program Files\\Git\\cmd;C:\\ProgramData\\chocolatey\\bin;C:\\Program Files\\nodejs;C:\\Users\\user\\AppData\\Roaming\\npm;C:\\Users\\user\\AppData\\Local\\Microsoft\\WindowsApps;C:\\Users\\user\\AppData\\Local\\Programs\\Ollama;C:\\flutter\\src\\flutter\\bin;C:\\Users\\user\\AppData\\Roaming\\npm;c:\\Users\\user\\AppData\\Local\\Programs\\cursor\\resources\\app\\bin;c:\\Users\\user\\AppData\\Local\\Programs\\cursor\\resources\\app\\bin;c:\\Users\\user\\AppData\\Local\\Programs\\Trae\\bin;C:\\Program Files\\MySQL\\MySQL Shell 8.0\\bin\\;C:\\Users\\user\\AppData\\Local\\Microsoft\\WindowsApps;C:\\Users\\user\\AppData\\Local\\Programs\\Ollama;C:\\Users\\user\\AppData\\Local\\Programs\\Microsoft VS Code\\bin;C:\\flutter\\src\\flutter\\bin;C:\\Users\\user\\AppData\\Roaming\\npm;C:\\Users\\user\\AppData\\Local\\Programs\\cursor\\resources\\app\\bin;C:\\Users\\user\\Downloads\\mysql-8.0.42-winx64\\bin;;C:\\Users\\user\\.bun\\bin'[39m,
  PATHEXT: [32m'.COM;.EXE;.BAT;.CMD;.VBS;.VBE;.JS;.JSE;.WSF;.WSH;.MSC;.CPL'[39m,
  PROCESSOR_ARCHITECTURE: [32m'AMD64'[39m,
  PROCESSOR_IDENTIFIER: [32m'Intel64 Family 6 Model 142 Stepping 9, GenuineIntel'[39m,
  PROCESSOR_LEVEL: [32m'6'[39m,
  PROCESSOR_REVISION: [32m'8e09'[39m,
  PROD: [32m''[39m,
  PROGRAMDATA: [32m'C:\\ProgramData'[39m,
  PROGRAMFILES: [32m'C:\\Program Files'[39m,
  [32m'PROGRAMFILES(X86)'[39m: [32m'C:\\Program Files (x86)'[39m,
  PROGRAMW6432: [32m'C:\\Program Files'[39m,
  PROMPT: [32m'$P$G'[39m,
  PSMODULEPATH: [32m'C:\\Users\\user\\OneDrive\\Documents\\WindowsPowerShell\\Modules;C:\\Program Files\\WindowsPowerShell\\Modules;C:\\WINDOWS\\system32\\WindowsPowerShell\\v1.0\\Modules'[39m,
  PUBLIC: [32m'C:\\Users\\Public'[39m,
  SESSIONNAME: [32m'Console'[39m,
  SSR: [32m''[39m,
  SUPABASE_SERVICE_ROLE_KEY: [32m'eyJhbGciOiJIUzI1NiIsInR5cCI6IkpXVCJ9.eyJpc3MiOiJzdXBhYmFzZSIsInJlZiI6ImR5c2VzeWJzbmdramdveGx3dGN4Iiwicm9sZSI6InNlcnZpY2Vfcm9sZSIsImlhdCI6MTc1NjM3NTg3NCwiZXhwIjoyMDcxOTUxODc0fQ.3HKGxvI6Rp2DodgwrlINUs-xgEEyg6Y4sR51eBX9FFg'[39m,
  SYSTEMDRIVE: [32m'C:'[39m,
  SYSTEMROOT: [32m'C:\\WINDOWS'[39m,
  TEMP: [32m'C:\\Users\\user\\AppData\\Local\\Temp'[39m,
  TERM_PRODUCT: [32m'Trae'[39m,
  TERM_PROGRAM: [32m'vscode'[39m,
  TERM_PROGRAM_VERSION: [32m'1.100.3'[39m,
  TEST: [32m'true'[39m,
  TINYPOOL_WORKER_ID: [32m'1'[39m,
  TMP: [32m'C:\\Users\\user\\AppData\\Local\\Temp'[39m,
  TRAE_AI_SHELL_ID: [32m'5'[39m,
  USERDOMAIN: [32m'DESKTOP-MV8OG3T'[39m,
  USERDOMAIN_ROAMINGPROFILE: [32m'DESKTOP-MV8OG3T'[39m,
  USERNAME: [32m'user'[39m,
  USERPROFILE: [32m'C:\\Users\\user'[39m,
  VITEST: [32m'true'[39m,
  VITEST_MODE: [32m'WATCH'[39m,
  VITEST_POOL_ID: [32m'1'[39m,
  VITEST_WORKER_ID: [32m'46'[39m,
  VSCODE_GIT_ASKPASS_EXTRA_ARGS: [32m''[39m,
  VSCODE_GIT_ASKPASS_MAIN: [32m'c:\\Users\\user\\AppData\\Local\\Programs\\Trae\\resources\\app\\extensions\\git\\dist\\askpass-main.js'[39m,
  VSCODE_GIT_ASKPASS_NODE: [32m'C:\\Users\\user\\AppData\\Local\\Programs\\Trae\\Trae.exe'[39m,
  VSCODE_GIT_IPC_HANDLE: [32m'\\\\.\\pipe\\vscode-git-6f459493e0-sock'[39m,
  VSCODE_INJECTION: [32m'1'[39m,
  WINDIR: [32m'C:\\WINDOWS'[39m,
  ZES_ENABLE_SYSMAN: [32m'1'[39m
}

 [32mΓ£ô[39m lib/utils.test.ts [2m([22m[2m2 tests[22m[2m)[22m[32m 12[2mms[22m[39m

[31mΓÄ»ΓÄ»ΓÄ»ΓÄ»ΓÄ»ΓÄ»[39m[1m[41m Failed Suites 1 
[49m[22m[31mΓÄ»ΓÄ»ΓÄ»ΓÄ»ΓÄ»ΓÄ»ΓÄ»[39m

[41m[1m FAIL [22m[49m 
lib/votes.integration.test.ts[2m > [22msubmitVote 
(Integration)
[31m[1mUnknown Error[22m: Invalid API key[39m
[31m[2mΓÄ»ΓÄ»ΓÄ»ΓÄ»ΓÄ»ΓÄ»ΓÄ»ΓÄ»ΓÄ»ΓÄ»ΓÄ»ΓÄ»ΓÄ»ΓÄ»ΓÄ»ΓÄ»ΓÄ
»ΓÄ»ΓÄ»ΓÄ»ΓÄ»ΓÄ»ΓÄ»ΓÄ»[1/1]ΓÄ»[22m[39m


[2m Test Files [22m [1m[31m1 failed[39m[22m[2m | [22m[1m[32m2 passed[39m[22m[90m (3)[39m
[2m      Tests [22m [1m[32m17 passed[39m[22m[2m | [22m[33m1 skipped[39m[90m (18)[39m
[2m   Start at [22m 20:24:11
[2m   Duration [22m 7.34s

[1m[41m FAIL [49m[22m [31mTests failed. Watching for file changes...[39m
       [2mpress [22m[1mh[22m[2m to show help[22m[2m, [22m[2mpress [22m[1mq[22m[2m to quit[22m
